Archive member included to satisfy reference by file (symbol)

../Middlewares/ST/AI/Lib\NetworkRuntime1020_CM33_GCC.a(ai_platform.o)
                              ./Libs/Src/network.o (ai_buffer_array_item_set_address)
../Middlewares/ST/AI/Lib\NetworkRuntime1020_CM33_GCC.a(ai_platform_interface.o)
                              ./Libs/Src/network.o (ai_platform_get_weights_map)
../Middlewares/ST/AI/Lib\NetworkRuntime1020_CM33_GCC.a(core_common.o)
                              ../Middlewares/ST/AI/Lib\NetworkRuntime1020_CM33_GCC.a(ai_platform_interface.o) (core_init)
../Middlewares/ST/AI/Lib\NetworkRuntime1020_CM33_GCC.a(core_mem_manager.o)
                              ../Middlewares/ST/AI/Lib\NetworkRuntime1020_CM33_GCC.a(ai_platform_interface.o) (core_mem_alloc)
../Middlewares/ST/AI/Lib\NetworkRuntime1020_CM33_GCC.a(layers.o)
                              ../Middlewares/ST/AI/Lib\NetworkRuntime1020_CM33_GCC.a(ai_platform_interface.o) (ai_check_custom_types)
../Middlewares/ST/AI/Lib\NetworkRuntime1020_CM33_GCC.a(layers_conv2d_generic_float.o)
                              ./X-CUBE-AI/App/networkk.o (forward_dense)
../Middlewares/ST/AI/Lib\NetworkRuntime1020_CM33_GCC.a(layers_conv2d_stm32_integer.o)
                              ./Libs/Src/network.o (forward_dense_integer_SSSA)
../Middlewares/ST/AI/Lib\NetworkRuntime1020_CM33_GCC.a(layers_nl_generic_float.o)
                              ./X-CUBE-AI/App/networkk.o (forward_relu)
../Middlewares/ST/AI/Lib\NetworkRuntime1020_CM33_GCC.a(layers_nl_stm32_integer.o)
                              ./Libs/Src/network.o (forward_relu_integer)
../Middlewares/ST/AI/Lib\NetworkRuntime1020_CM33_GCC.a(layers_conv2d_integer_scratch.o)
                              ../Middlewares/ST/AI/Lib\NetworkRuntime1020_CM33_GCC.a(layers.o) (get_dense_scratch_size_s8)
../Middlewares/ST/AI/Lib\NetworkRuntime1020_CM33_GCC.a(forward_lite_conv2d_if32of32wf32.o)
                              ../Middlewares/ST/AI/Lib\NetworkRuntime1020_CM33_GCC.a(layers_conv2d_generic_float.o) (forward_lite_conv2d_if32of32wf32)
../Middlewares/ST/AI/Lib\NetworkRuntime1020_CM33_GCC.a(forward_lite_dense_is8os8ws8_ch.o)
                              ../Middlewares/ST/AI/Lib\NetworkRuntime1020_CM33_GCC.a(layers_conv2d_stm32_integer.o) (forward_lite_dense_is8os8ws8_ch)
../Middlewares/ST/AI/Lib\NetworkRuntime1020_CM33_GCC.a(forward_lite_dense_is8os8ws8.o)
                              ../Middlewares/ST/AI/Lib\NetworkRuntime1020_CM33_GCC.a(layers_conv2d_stm32_integer.o) (forward_lite_dense_is8os8ws8)
../Middlewares/ST/AI/Lib\NetworkRuntime1020_CM33_GCC.a(lite_nl_softmax_if32of32.o)
                              ../Middlewares/ST/AI/Lib\NetworkRuntime1020_CM33_GCC.a(layers_nl_generic_float.o) (forward_lite_nl_softmax_if32of32_kernel)
../Middlewares/ST/AI/Lib\NetworkRuntime1020_CM33_GCC.a(lite_nl_relu_if32of32.o)
                              ../Middlewares/ST/AI/Lib\NetworkRuntime1020_CM33_GCC.a(layers_nl_generic_float.o) (forward_lite_nl_prelu_if32of32_kernel)
../Middlewares/ST/AI/Lib\NetworkRuntime1020_CM33_GCC.a(lite_dense_if32.o)
                              ../Middlewares/ST/AI/Lib\NetworkRuntime1020_CM33_GCC.a(layers_conv2d_generic_float.o) (lite_decompress_ilutof32)
../Middlewares/ST/AI/Lib\NetworkRuntime1020_CM33_GCC.a(lite_nl_generic_float.o)
                              ../Middlewares/ST/AI/Lib\NetworkRuntime1020_CM33_GCC.a(layers_nl_generic_float.o) (forward_lite_nl_softmax_if32of32)
../Middlewares/ST/AI/Lib\NetworkRuntime1020_CM33_GCC.a(lite_nl_generic_integer.o)
                              ../Middlewares/ST/AI/Lib\NetworkRuntime1020_CM33_GCC.a(layers_nl_stm32_integer.o) (forward_lite_nl_softmax_is8os8)
../Middlewares/ST/AI/Lib\NetworkRuntime1020_CM33_GCC.a(st_align_factor.o)
                              ../Middlewares/ST/AI/Lib\NetworkRuntime1020_CM33_GCC.a(layers_conv2d_stm32_integer.o) (align_factor)
../Middlewares/ST/AI/Lib\NetworkRuntime1020_CM33_GCC.a(st_sssa8_convolve.o)
                              ../Middlewares/ST/AI/Lib\NetworkRuntime1020_CM33_GCC.a(layers_conv2d_stm32_integer.o) (st_sssa8_convolve_rank1upd)
../Middlewares/ST/AI/Lib\NetworkRuntime1020_CM33_GCC.a(st_sssa8_convolve_1x1.o)
                              ../Middlewares/ST/AI/Lib\NetworkRuntime1020_CM33_GCC.a(layers_conv2d_stm32_integer.o) (st_sssa8_convolve_1x1_WeightsPrefetch)
../Middlewares/ST/AI/Lib\NetworkRuntime1020_CM33_GCC.a(st_sssa8_convolve_dw.o)
                              ../Middlewares/ST/AI/Lib\NetworkRuntime1020_CM33_GCC.a(layers_conv2d_stm32_integer.o) (st_sssa8_conv_dw_Wadapt)
../Middlewares/ST/AI/Lib\NetworkRuntime1020_CM33_GCC.a(st_sssa8_convolve_rgb.o)
                              ../Middlewares/ST/AI/Lib\NetworkRuntime1020_CM33_GCC.a(layers_conv2d_stm32_integer.o) (st_sssa8_convolve_rgb)
../Middlewares/ST/AI/Lib\NetworkRuntime1020_CM33_GCC.a(st_ssua8_ch_convolve.o)
[...]
Memory Configuration

Name             Origin             Length             Attributes
RAM              0x20000000         0x000c0000         xrw
SRAM4            0x28000000         0x00004000         xrw
FLASH            0x08000000         0x00200000         xr
*default*        0x00000000         0xffffffff

Linker script and memory map

LOAD C:/ST/STM32CubeIDE_1.18.1/STM32CubeIDE/plugins/com.st.stm32cube.ide.mcu.externaltools.gnu-tools-for-stm32.13.3.rel1.win32_1.0.0.202411081344/tools/bin/../lib/gcc/arm-none-eabi/13.3.1/thumb/v8-m.main+fp/hard/crti.o
LOAD C:/ST/STM32CubeIDE_1.18.1/STM32CubeIDE/plugins/com.st.stm32cube.ide.mcu.externaltools.gnu-tools-for-stm32.13.3.rel1.win32_1.0.0.202411081344/tools/bin/../lib/gcc/arm-none-eabi/13.3.1/thumb/v8-m.main+fp/hard/crtbegin.o
LOAD C:/ST/STM32CubeIDE_1.18.1/STM32CubeIDE/plugins/com.st.stm32cube.ide.mcu.externaltools.gnu-tools-for-stm32.13.3.rel1.win32_1.0.0.202411081344/tools/bin/../lib/gcc/arm-none-eabi/13.3.1/../../../../arm-none-eabi/lib/thumb/v8-m.main+fp/hard/crt0.o
LOAD ./Core/Src/main.o
LOAD ./Core/Src/stm32u5xx_hal_msp.o
LOAD ./Core/Src/stm32u5xx_it.o
LOAD ./Core/Src/sysmem.o
LOAD ./Core/Src/system_stm32u5xx.o
LOAD ./Core/Startup/startup_stm32u575citx.o
LOAD ./Drivers/STM32U5xx_HAL_Driver/Src/stm32u5xx_hal.o
LOAD ./Drivers/STM32U5xx_HAL_Driver/Src/stm32u5xx_hal_cortex.o
LOAD ./Drivers/STM32U5xx_HAL_Driver/Src/stm32u5xx_hal_dma.o
LOAD ./Drivers/STM32U5xx_HAL_Driver/Src/stm32u5xx_hal_dma_ex.o
LOAD ./Drivers/STM32U5xx_HAL_Driver/Src/stm32u5xx_hal_exti.o
LOAD ./Drivers/STM32U5xx_HAL_Driver/Src/stm32u5xx_hal_flash.o
LOAD ./Drivers/STM32U5xx_HAL_Driver/Src/stm32u5xx_hal_flash_ex.o
LOAD ./Drivers/STM32U5xx_HAL_Driver/Src/stm32u5xx_hal_gpio.o
LOAD ./Drivers/STM32U5xx_HAL_Driver/Src/stm32u5xx_hal_gtzc.o
LOAD ./Drivers/STM32U5xx_HAL_Driver/Src/stm32u5xx_hal_i2c.o
LOAD ./Drivers/STM32U5xx_HAL_Driver/Src/stm32u5xx_hal_i2c_ex.o
LOAD ./Drivers/STM32U5xx_HAL_Driver/Src/stm32u5xx_hal_icache.o
LOAD ./Drivers/STM32U5xx_HAL_Driver/Src/stm32u5xx_hal_pwr.o
LOAD ./Drivers/STM32U5xx_HAL_Driver/Src/stm32u5xx_hal_pwr_ex.o
LOAD ./Drivers/STM32U5xx_HAL_Driver/Src/stm32u5xx_hal_rcc.o
LOAD ./Drivers/STM32U5xx_HAL_Driver/Src/stm32u5xx_hal_rcc_ex.o
LOAD ./Drivers/STM32U5xx_HAL_Driver/Src/stm32u5xx_hal_tim.o
LOAD ./Drivers/STM32U5xx_HAL_Driver/Src/stm32u5xx_hal_tim_ex.o
LOAD ./Libs/Src/anomaly_detector.o
LOAD ./Libs/Src/mlx90632.o
LOAD ./Libs/Src/network.o
LOAD ./Libs/Src/network_data.o
LOAD ./Libs/Src/network_data_params.o
LOAD ./Libs/Src/simple_kalman_filter.o
LOAD ./Libs/Src/user_ai.o
LOAD ./Libs/Src/user_mlx.o
LOAD ./Libs/Src/user_syscalls.o
LOAD ./X-CUBE-AI/App/networkk.o
LOAD ./X-CUBE-AI/App/networkk_data.o
LOAD ./X-CUBE-AI/App/networkk_data_params.o
LOAD ../Middlewares/ST/AI/Lib\NetworkRuntime1020_CM33_GCC.a
START GROUP
LOAD C:/ST/STM32CubeIDE_1.18.1/STM32CubeIDE/plugins/com.st.stm32cube.ide.mcu.externaltools.gnu-tools-for-stm32.13.3.rel1.win32_1.0.0.202411081344/tools/bin/../lib/gcc/arm-none-eabi/13.3.1/../../../../arm-none-eabi/lib/thumb/v8-m.main+fp/hard\libc_nano.a
LOAD C:/ST/STM32CubeIDE_1.18.1/STM32CubeIDE/plugins/com.st.stm32cube.ide.mcu.externaltools.gnu-tools-for-stm32.13.3.rel1.win32_1.0.0.202411081344/tools/bin/../lib/gcc/arm-none-eabi/13.3.1/../../../../arm-none-eabi/lib/thumb/v8-m.main+fp/hard\libm.a
END GROUP
START GROUP
LOAD C:/ST/STM32CubeIDE_1.18.1/STM32CubeIDE/plugins/com.st.stm32cube.ide.mcu.externaltools.gnu-tools-for-stm32.13.3.rel1.win32_1.0.0.202411081344/tools/bin/../lib/gcc/arm-none-eabi/13.3.1/thumb/v8-m.main+fp/hard\libgcc.a
LOAD C:/ST/STM32CubeIDE_1.18.1/STM32CubeIDE/plugins/com.st.stm32cube.ide.mcu.externaltools.gnu-tools-for-stm32.13.3.rel1.win32_1.0.0.202411081344/tools/bin/../lib/gcc/arm-none-eabi/13.3.1/../../../../arm-none-eabi/lib/thumb/v8-m.main+fp/hard\libc_nano.a
END GROUP
START GROUP
LOAD C:/ST/STM32CubeIDE_1.18.1/STM32CubeIDE/plugins/com.st.stm32cube.ide.mcu.externaltools.gnu-tools-for-stm32.13.3.rel1.win32_1.0.0.202411081344/tools/bin/../lib/gcc/arm-none-eabi/13.3.1/thumb/v8-m.main+fp/hard\libgcc.a
LOAD C:/ST/STM32CubeIDE_1.18.1/STM32CubeIDE/plugins/com.st.stm32cube.ide.mcu.externaltools.gnu-tools-for-stm32.13.3.rel1.win32_1.0.0.202411081344/tools/bin/../lib/gcc/arm-none-eabi/13.3.1/../../../../arm-none-eabi/lib/thumb/v8-m.main+fp/hard\libc_nano.a
LOAD C:/ST/STM32CubeIDE_1.18.1/STM32CubeIDE/plugins/com.st.stm32cube.ide.mcu.externaltools.gnu-tools-for-stm32.13.3.rel1.win32_1.0.0.202411081344/tools/bin/../lib/gcc/arm-none-eabi/13.3.1/../../../../arm-none-eabi/lib/thumb/v8-m.main+fp/hard\libnosys.a
END GROUP
START GROUP
LOAD C:/ST/STM32CubeIDE_1.18.1/STM32CubeIDE/plugins/com.st.stm32cube.ide.mcu.externaltools.gnu-tools-for-stm32.13.3.rel1.win32_1.0.0.202411081344/tools/bin/../lib/gcc/arm-none-eabi/13.3.1/thumb/v8-m.main+fp/hard\libgcc.a
LOAD C:/ST/STM32CubeIDE_1.18.1/STM32CubeIDE/plugins/com.st.stm32cube.ide.mcu.externaltools.gnu-tools-for-stm32.13.3.rel1.win32_1.0.0.202411081344/tools/bin/../lib/gcc/arm-none-eabi/13.3.1/../../../../arm-none-eabi/lib/thumb/v8-m.main+fp/hard\libc_nano.a
LOAD C:/ST/STM32CubeIDE_1.18.1/STM32CubeIDE/plugins/com.st.stm32cube.ide.mcu.externaltools.gnu-tools-for-stm32.13.3.rel1.win32_1.0.0.202411081344/tools/bin/../lib/gcc/arm-none-eabi/13.3.1/../../../../arm-none-eabi/lib/thumb/v8-m.main+fp/hard\libnosys.a
END GROUP
LOAD C:/ST/STM32CubeIDE_1.18.1/STM32CubeIDE/plugins/com.st.stm32cube.ide.mcu.externaltools.gnu-tools-for-stm32.13.3.rel1.win32_1.0.0.202411081344/tools/bin/../lib/gcc/arm-none-eabi/13.3.1/thumb/v8-m.main+fp/hard/crtend.o
LOAD C:/ST/STM32CubeIDE_1.18.1/STM32CubeIDE/plugins/com.st.stm32cube.ide.mcu.externaltools.gnu-tools-for-stm32.13.3.rel1.win32_1.0.0.202411081344/tools/bin/../lib/gcc/arm-none-eabi/13.3.1/thumb/v8-m.main+fp/hard/crtn.o
                0x200c0000                        _estack = (ORIGIN (RAM) + LENGTH (RAM))
                0x00000800                        _Min_Heap_Size = 0x800
                0x00000800                        _Min_Stack_Size = 0x800

.isr_vector     0x08000000      0x238
 *(.isr_vector)
 .isr_vector    0x08000000      0x238 ./Core/Startup/startup_stm32u575citx.o
                0x08000000                g_pfnVectors

.text           0x08000240     0x9e84
 *(.text)
 .text          0x08000240       0x40 C:/ST/STM32CubeIDE_1.18.1/STM32CubeIDE/plugins/com.st.stm32cube.ide.mcu.externaltools.gnu-tools-for-stm32.13.3.rel1.win32_1.0.0.202411081344/tools/bin/../lib/gcc/arm-none-eabi/13.3.1/thumb/v8-m.main+fp/hard/crtbegin.o
 .text          0x08000280      0x378 C:/ST/STM32CubeIDE_1.18.1/STM32CubeIDE/plugins/com.st.stm32cube.ide.mcu.externaltools.gnu-tools-for-stm32.13.3.rel1.win32_1.0.0.202411081344/tools/bin/../lib/gcc/arm-none-eabi/13.3.1/thumb/v8-m.main+fp/hard\libgcc.a(_arm_addsubdf3.o)
                0x08000280                __aeabi_drsub
                0x08000288                __aeabi_dsub
                0x08000288                __subdf3
                0x0800028c                __aeabi_dadd
                0x0800028c                __adddf3
                0x08000504                __floatunsidf
                0x08000504                __aeabi_ui2d
                0x08000524                __floatsidf
                0x08000524                __aeabi_i2d
                0x08000548                __aeabi_f2d
                0x08000548                __extendsfdf2
                0x0800058c                __floatundidf
                0x0800058c                __aeabi_ul2d
                0x0800059c                __floatdidf
                0x0800059c                __aeabi_l2d
 .text          0x080005f8      0x424 C:/ST/STM32CubeIDE_1.18.1/STM32CubeIDE/plugins/com.st.stm32cube.ide.mcu.externaltools.gnu-tools-for-stm32.13.3.rel1.win32_1.0.0.202411081344/tools/bin/../lib/gcc/arm-none-eabi/13.3.1/thumb/v8-m.main+fp/hard\libgcc.a(_arm_muldivdf3.o)
                0x080005f8                __aeabi_dmul
                0x080005f8                __muldf3
                0x0800084c                __divdf3
                0x0800084c                __aeabi_ddiv
 .text          0x08000a1c      0x110 C:/ST/STM32CubeIDE_1.18.1/STM32CubeIDE/plugins/com.st.stm32cube.ide.mcu.externaltools.gnu-tools-for-stm32.13.3.rel1.win32_1.0.0.202411081344/tools/bin/../lib/gcc/arm-none-eabi/13.3.1/thumb/v8-m.main+fp/hard\libgcc.a(_arm_cmpdf2.o)
                0x08000a1c                __gtdf2
                0x08000a1c                __gedf2
                0x08000a24                __ltdf2
                0x08000a24                __ledf2
                0x08000a2c                __nedf2
                0x08000a2c                __eqdf2
                0x08000a2c                __cmpdf2
                0x08000aa8                __aeabi_cdrcmple
                0x08000ab8                __aeabi_cdcmpeq
                0x08000ab8                __aeabi_cdcmple
                0x08000ac8                __aeabi_dcmpeq
                0x08000adc                __aeabi_dcmplt
                0x08000af0                __aeabi_dcmple
                0x08000b04                __aeabi_dcmpge
                0x08000b18                __aeabi_dcmpgt
 .text          0x08000b2c       0x2c C:/ST/STM32CubeIDE_1.18.1/STM32CubeIDE/plugins/com.st.stm32cube.ide.mcu.externaltools.gnu-tools-for-stm32.13.3.rel1.win32_1.0.0.202411081344/tools/bin/../lib/gcc/arm-none-eabi/13.3.1/thumb/v8-m.main+fp/hard\libgcc.a(_arm_unorddf2.o)
                0x08000b2c                __unorddf2
                0x08000b2c                __aeabi_dcmpun
 .text          0x08000b58       0x50 C:/ST/STM32CubeIDE_1.18.1/STM32CubeIDE/plugins/com.st.stm32cube.ide.mcu.externaltools.gnu-tools-for-stm32.13.3.rel1.win32_1.0.0.202411081344/tools/bin/../lib/gcc/arm-none-eabi/13.3.1/thumb/v8-m.main+fp/hard\libgcc.a(_arm_fixdfsi.o)
                0x08000b58                __aeabi_d2iz
                0x08000b58                __fixdfsi
 .text          0x08000ba8       0x28 C:/ST/STM32CubeIDE_1.18.1/STM32CubeIDE/plugins/com.st.stm32cube.ide.mcu.externaltools.gnu-tools-for-stm32.13.3.rel1.win32_1.0.0.202411081344/tools/bin/../lib/gcc/arm-none-eabi/13.3.1/thumb/v8-m.main+fp/hard\libgcc.a(_fixsfdi.o)
                0x08000ba8                __fixsfdi
                0x08000ba8                __aeabi_f2lz
 .text          0x08000bd0       0x40 C:/ST/STM32CubeIDE_1.18.1/STM32CubeIDE/plugins/com.st.stm32cube.ide.mcu.externaltools.gnu-tools-for-stm32.13.3.rel1.win32_1.0.0.202411081344/tools/bin/../lib/gcc/arm-none-eabi/13.3.1/thumb/v8-m.main+fp/hard\libgcc.a(_fixunssfdi.o)
                0x08000bd0                __fixunssfdi
                0x08000bd0                __aeabi_f2ulz
 .text          0x08000c10       0x40 C:/ST/STM32CubeIDE_1.18.1/STM32CubeIDE/plugins/com.st.stm32cube.ide.mcu.externaltools.gnu-tools-for-stm32.13.3.rel1.win32_1.0.0.202411081344/tools/bin/../lib/gcc/arm-none-eabi/13.3.1/thumb/v8-m.main+fp/hard\libgcc.a(_arm_fixunsdfsi.o)
                0x08000c10                __aeabi_d2uiz
                0x08000c10                __fixunsdfsi
 *(.text*)
 .text.notify   0x08000c50       0xb4 ./Core/Src/main.o
                0x08000c50                notify
 .text.HAL_GPIO_EXTI_Falling_Callback
                0x08000d04       0x9c ./Core/Src/main.o
                0x08000d04                HAL_GPIO_EXTI_Falling_Callback
 .text.HAL_GPIO_EXTI_Rising_Callback
                0x08000da0       0x38 ./Core/Src/main.o
                0x08000da0                HAL_GPIO_EXTI_Rising_Callback
 .text.main     0x08000dd8      0x180 ./Core/Src/main.o
                0x08000dd8                main
 .text.SystemClock_Config
                0x08000f58       0xb8 ./Core/Src/main.o
                0x08000f58                SystemClock_Config
 .text.MX_I2C1_Init
                0x08001010       0x80 ./Core/Src/main.o
 .text.MX_ICACHE_Init
                0x08001090       0x16 ./Core/Src/main.o
 *fill*         0x080010a6        0x2 
 .text.MX_TIM1_Init
                0x080010a8      0x160 ./Core/Src/main.o
 .text.MX_TIM16_Init
                0x08001208       0x4c ./Core/Src/main.o
 .text.MX_GPIO_Init
                0x08001254      0x108 ./Core/Src/main.o
 .text.Error_Handler
                0x0800135c        0xc ./Core/Src/main.o
                0x0800135c                Error_Handler
 .text.HAL_MspInit
                0x08001368       0x34 ./Core/Src/stm32u5xx_hal_msp.o
                0x08001368                HAL_MspInit
 .text.HAL_I2C_MspInit
                0x0800139c       0xd0 ./Core/Src/stm32u5xx_hal_msp.o
                0x0800139c                HAL_I2C_MspInit
 .text.HAL_TIM_Base_MspInit
                0x0800146c       0x74 ./Core/Src/stm32u5xx_hal_msp.o
                0x0800146c                HAL_TIM_Base_MspInit
 .text.HAL_TIM_MspPostInit
                0x080014e0       0x78 ./Core/Src/stm32u5xx_hal_msp.o
                0x080014e0                HAL_TIM_MspPostInit
 .text.NMI_Handler
                0x08001558        0x8 ./Core/Src/stm32u5xx_it.o
                0x08001558                NMI_Handler
 .text.HardFault_Handler
                0x08001560        0x8 ./Core/Src/stm32u5xx_it.o
                0x08001560                HardFault_Handler
 .text.MemManage_Handler
                0x08001568        0x8 ./Core/Src/stm32u5xx_it.o
                0x08001568                MemManage_Handler
 .text.BusFault_Handler
                0x08001570        0x8 ./Core/Src/stm32u5xx_it.o
                0x08001570                BusFault_Handler
 .text.UsageFault_Handler
                0x08001578        0x8 ./Core/Src/stm32u5xx_it.o
                0x08001578                UsageFault_Handler
 .text.SVC_Handler
                0x08001580        0xe ./Core/Src/stm32u5xx_it.o
                0x08001580                SVC_Handler
 .text.DebugMon_Handler
                0x0800158e        0xe ./Core/Src/stm32u5xx_it.o
                0x0800158e                DebugMon_Handler
 .text.PendSV_Handler
                0x0800159c        0xe ./Core/Src/stm32u5xx_it.o
                0x0800159c                PendSV_Handler
 .text.SysTick_Handler
                0x080015aa        0xc ./Core/Src/stm32u5xx_it.o
                0x080015aa                SysTick_Handler
 .text.EXTI0_IRQHandler
                0x080015b6        0xe ./Core/Src/stm32u5xx_it.o
                0x080015b6                EXTI0_IRQHandler
 .text.EXTI1_IRQHandler
                0x080015c4        0xe ./Core/Src/stm32u5xx_it.o
                0x080015c4                EXTI1_IRQHandler
 *fill*         0x080015d2        0x2 
 .text.SystemInit
                0x080015d4       0x70 ./Core/Src/system_stm32u5xx.o
                0x080015d4                SystemInit
 .text.Reset_Handler
                0x08001644       0x50 ./Core/Startup/startup_stm32u575citx.o
                0x08001644                Reset_Handler
 .text.Default_Handler
                0x08001694        0x2 ./Core/Startup/startup_stm32u575citx.o
                0x08001694                EXTI2_IRQHandler
                0x08001694                TIM8_TRG_COM_IRQHandler
                0x08001694                TIM8_CC_IRQHandler
                0x08001694                EXTI5_IRQHandler
                0x08001694                FLASH_S_IRQHandler
                0x08001694                EXTI13_IRQHandler
                0x08001694                TIM1_CC_IRQHandler
                0x08001694                TSC_IRQHandler
                0x08001694                TAMP_IRQHandler
                0x08001694                TIM6_IRQHandler
                0x08001694                EXTI12_IRQHandler
                0x08001694                CORDIC_IRQHandler
                0x08001694                EXTI3_IRQHandler
                0x08001694                LPTIM4_IRQHandler
                0x08001694                GPDMA1_Channel5_IRQHandler
                0x08001694                EXTI8_IRQHandler
                0x08001694                LPTIM2_IRQHandler
                0x08001694                I2C3_ER_IRQHandler
                0x08001694                PWR_S3WU_IRQHandler
                0x08001694                MDF1_FLT2_IRQHandler
                0x08001694                LPDMA1_Channel3_IRQHandler
                0x08001694                LPTIM3_IRQHandler
                0x08001694                I2C2_EV_IRQHandler
                0x08001694                FPU_IRQHandler
                0x08001694                GPDMA1_Channel3_IRQHandler
                0x08001694                GPDMA1_Channel7_IRQHandler
                0x08001694                MDF1_FLT4_IRQHandler
                0x08001694                FDCAN1_IT1_IRQHandler
                0x08001694                RAMCFG_IRQHandler
                0x08001694                GPDMA1_Channel9_IRQHandler
                0x08001694                DCACHE1_IRQHandler
                0x08001694                SPI1_IRQHandler
                0x08001694                OCTOSPI1_IRQHandler
                0x08001694                GPDMA1_Channel2_IRQHandler
                0x08001694                TIM8_UP_IRQHandler
                0x08001694                RCC_S_IRQHandler
                0x08001694                OCTOSPI2_IRQHandler
                0x08001694                SAI2_IRQHandler
                0x08001694                MDF1_FLT1_IRQHandler
                0x08001694                ADC1_IRQHandler
                0x08001694                MDF1_FLT5_IRQHandler
                0x08001694                EXTI15_IRQHandler
                0x08001694                TIM17_IRQHandler
                0x08001694                USART3_IRQHandler
                0x08001694                RTC_IRQHandler
                0x08001694                EXTI9_IRQHandler
                0x08001694                UART5_IRQHandler
                0x08001694                TIM4_IRQHandler
                0x08001694                I2C1_EV_IRQHandler
                0x08001694                GPDMA1_Channel12_IRQHandler
                0x08001694                GPDMA1_Channel1_IRQHandler
                0x08001694                TIM16_IRQHandler
                0x08001694                GPDMA1_Channel15_IRQHandler
                0x08001694                UART4_IRQHandler
                0x08001694                SecureFault_Handler
                0x08001694                TIM3_IRQHandler
                0x08001694                RCC_IRQHandler
                0x08001694                TIM1_TRG_COM_IRQHandler
                0x08001694                Default_Handler
                0x08001694                GPDMA1_Channel8_IRQHandler
                0x08001694                FMAC_IRQHandler
                0x08001694                GPDMA1_Channel11_IRQHandler
                0x08001694                TIM7_IRQHandler
                0x08001694                SDMMC1_IRQHandler
                0x08001694                TIM5_IRQHandler
                0x08001694                UCPD1_IRQHandler
                0x08001694                GPDMA1_Channel0_IRQHandler
                0x08001694                TIM15_IRQHandler
                0x08001694                I2C3_EV_IRQHandler
                0x08001694                LPDMA1_Channel0_IRQHandler
                0x08001694                PVD_PVM_IRQHandler
                0x08001694                SPI2_IRQHandler
                0x08001694                LPDMA1_Channel1_IRQHandler
                0x08001694                EXTI14_IRQHandler
                0x08001694                EXTI11_IRQHandler
                0x08001694                CRS_IRQHandler
                0x08001694                GPDMA1_Channel14_IRQHandler
                0x08001694                LSECSSD_IRQHandler
                0x08001694                EXTI4_IRQHandler
                0x08001694                RTC_S_IRQHandler
                0x08001694                GPDMA1_Channel13_IRQHandler
                0x08001694                RNG_IRQHandler
                0x08001694                COMP_IRQHandler
                0x08001694                TIM1_UP_IRQHandler
                0x08001694                ADC4_IRQHandler
                0x08001694                WWDG_IRQHandler
                0x08001694                I2C4_EV_IRQHandler
                0x08001694                ADF1_IRQHandler
                0x08001694                IWDG_IRQHandler
                0x08001694                LPUART1_IRQHandler
                0x08001694                MDF1_FLT0_IRQHandler
                0x08001694                FDCAN1_IT0_IRQHandler
                0x08001694                TIM2_IRQHandler
                0x08001694                GPDMA1_Channel4_IRQHandler
                0x08001694                EXTI7_IRQHandler
                0x08001694                DMA2D_IRQHandler
                0x08001694                TIM1_BRK_IRQHandler
                0x08001694                SDMMC2_IRQHandler
                0x08001694                DAC1_IRQHandler
                0x08001694                GTZC_IRQHandler
                0x08001694                MDF1_FLT3_IRQHandler
                0x08001694                USART2_IRQHandler
                0x08001694                GPDMA1_Channel6_IRQHandler
                0x08001694                I2C2_ER_IRQHandler
                0x08001694                TIM8_BRK_IRQHandler
                0x08001694                FLASH_IRQHandler
                0x08001694                USART1_IRQHandler
                0x08001694                EXTI10_IRQHandler
                0x08001694                OTG_FS_IRQHandler
                0x08001694                SPI3_IRQHandler
                0x08001694                LPDMA1_Channel2_IRQHandler
                0x08001694                I2C1_ER_IRQHandler
                0x08001694                FMC_IRQHandler
                0x08001694                EXTI6_IRQHandler
                0x08001694                LPTIM1_IRQHandler
                0x08001694                DCMI_PSSI_IRQHandler
                0x08001694                I2C4_ER_IRQHandler
                0x08001694                GPDMA1_Channel10_IRQHandler
                0x08001694                ICACHE_IRQHandler
                0x08001694                SAI1_IRQHandler
                0x08001694                HASH_IRQHandler
 *fill*         0x08001696        0x2 
 .text.HAL_Init
                0x08001698       0x60 ./Drivers/STM32U5xx_HAL_Driver/Src/stm32u5xx_hal.o
                0x08001698                HAL_Init
 .text.HAL_InitTick
                0x080016f8       0xec ./Drivers/STM32U5xx_HAL_Driver/Src/stm32u5xx_hal.o
                0x080016f8                HAL_InitTick
 .text.HAL_IncTick
                0x080017e4       0x28 ./Drivers/STM32U5xx_HAL_Driver/Src/stm32u5xx_hal.o
                0x080017e4                HAL_IncTick
 .text.HAL_GetTick
                0x0800180c       0x18 ./Drivers/STM32U5xx_HAL_Driver/Src/stm32u5xx_hal.o
                0x0800180c                HAL_GetTick
 .text.HAL_SuspendTick
                0x08001824       0x20 ./Drivers/STM32U5xx_HAL_Driver/Src/stm32u5xx_hal.o
                0x08001824                HAL_SuspendTick
 .text.HAL_ResumeTick
                0x08001844       0x20 ./Drivers/STM32U5xx_HAL_Driver/Src/stm32u5xx_hal.o
                0x08001844                HAL_ResumeTick
 .text.__NVIC_SetPriorityGrouping
                0x08001864       0x48 ./Drivers/STM32U5xx_HAL_Driver/Src/stm32u5xx_hal_cortex.o
 .text.__NVIC_GetPriorityGrouping
                0x080018ac       0x1c ./Drivers/STM32U5xx_HAL_Driver/Src/stm32u5xx_hal_cortex.o
 .text.__NVIC_EnableIRQ
                0x080018c8       0x3c ./Drivers/STM32U5xx_HAL_Driver/Src/stm32u5xx_hal_cortex.o
 .text.__NVIC_SetPriority
                0x08001904       0x54 ./Drivers/STM32U5xx_HAL_Driver/Src/stm32u5xx_hal_cortex.o
 .text.NVIC_EncodePriority
                0x08001958       0x66 ./Drivers/STM32U5xx_HAL_Driver/Src/stm32u5xx_hal_cortex.o
 .text.HAL_NVIC_SetPriorityGrouping
                0x080019be       0x16 ./Drivers/STM32U5xx_HAL_Driver/Src/stm32u5xx_hal_cortex.o
                0x080019be                HAL_NVIC_SetPriorityGrouping
 .text.HAL_NVIC_SetPriority
                0x080019d4       0x34 ./Drivers/STM32U5xx_HAL_Driver/Src/stm32u5xx_hal_cortex.o
                0x080019d4                HAL_NVIC_SetPriority
 .text.HAL_NVIC_EnableIRQ
                0x08001a08       0x1c ./Drivers/STM32U5xx_HAL_Driver/Src/stm32u5xx_hal_cortex.o
                0x08001a08                HAL_NVIC_EnableIRQ
 .text.HAL_SYSTICK_Config
                0x08001a24       0x44 ./Drivers/STM32U5xx_HAL_Driver/Src/stm32u5xx_hal_cortex.o
                0x08001a24                HAL_SYSTICK_Config
 .text.HAL_SYSTICK_CLKSourceConfig
                0x08001a68       0xb0 ./Drivers/STM32U5xx_HAL_Driver/Src/stm32u5xx_hal_cortex.o
                0x08001a68                HAL_SYSTICK_CLKSourceConfig
 .text.HAL_SYSTICK_GetCLKSourceConfig
                0x08001b18       0x74 ./Drivers/STM32U5xx_HAL_Driver/Src/stm32u5xx_hal_cortex.o
                0x08001b18                HAL_SYSTICK_GetCLKSourceConfig
 .text.HAL_GPIO_Init
                0x08001b8c      0x3b0 ./Drivers/STM32U5xx_HAL_Driver/Src/stm32u5xx_hal_gpio.o
                0x08001b8c                HAL_GPIO_Init
 .text.HAL_GPIO_WritePin
                0x08001f3c       0x30 ./Drivers/STM32U5xx_HAL_Driver/Src/stm32u5xx_hal_gpio.o
                0x08001f3c                HAL_GPIO_WritePin
 .text.HAL_GPIO_EXTI_IRQHandler
                0x08001f6c       0x4c ./Drivers/STM32U5xx_HAL_Driver/Src/stm32u5xx_hal_gpio.o
                0x08001f6c                HAL_GPIO_EXTI_IRQHandler
 .text.HAL_I2C_Init
                0x08001fb8      0x136 ./Drivers/STM32U5xx_HAL_Driver/Src/stm32u5xx_hal_i2c.o
                0x08001fb8                HAL_I2C_Init
 *fill*         0x080020ee        0x2 
 .text.HAL_I2C_Mem_Write
                0x080020f0      0x228 ./Drivers/STM32U5xx_HAL_Driver/Src/stm32u5xx_hal_i2c.o
                0x080020f0                HAL_I2C_Mem_Write
 .text.HAL_I2C_Mem_Read
                0x08002318      0x234 ./Drivers/STM32U5xx_HAL_Driver/Src/stm32u5xx_hal_i2c.o
                0x08002318                HAL_I2C_Mem_Read
 .text.I2C_RequestMemoryWrite
                0x0800254c       0xa8 ./Drivers/STM32U5xx_HAL_Driver/Src/stm32u5xx_hal_i2c.o
 .text.I2C_RequestMemoryRead
                0x080025f4       0xa8 ./Drivers/STM32U5xx_HAL_Driver/Src/stm32u5xx_hal_i2c.o
 .text.I2C_Flush_TXDR
                0x0800269c       0x48 ./Drivers/STM32U5xx_HAL_Driver/Src/stm32u5xx_hal_i2c.o
 .text.I2C_WaitOnFlagUntilTimeout
                0x080026e4       0xb2 ./Drivers/STM32U5xx_HAL_Driver/Src/stm32u5xx_hal_i2c.o
 .text.I2C_WaitOnTXISFlagUntilTimeout
                0x08002796       0x8e ./Drivers/STM32U5xx_HAL_Driver/Src/stm32u5xx_hal_i2c.o
 .text.I2C_WaitOnSTOPFlagUntilTimeout
                0x08002824       0x86 ./Drivers/STM32U5xx_HAL_Driver/Src/stm32u5xx_hal_i2c.o
 *fill*         0x080028aa        0x2 
 .text.I2C_IsErrorOccurred
                0x080028ac      0x1c0 ./Drivers/STM32U5xx_HAL_Driver/Src/stm32u5xx_hal_i2c.o
 .text.I2C_TransferConfig
                0x08002a6c       0x64 ./Drivers/STM32U5xx_HAL_Driver/Src/stm32u5xx_hal_i2c.o
 .text.HAL_I2CEx_ConfigAnalogFilter
                0x08002ad0       0x96 ./Drivers/STM32U5xx_HAL_Driver/Src/stm32u5xx_hal_i2c_ex.o
                0x08002ad0                HAL_I2CEx_ConfigAnalogFilter
 .text.HAL_I2CEx_ConfigDigitalFilter
                0x08002b66       0x98 ./Drivers/STM32U5xx_HAL_Driver/Src/stm32u5xx_hal_i2c_ex.o
                0x08002b66                HAL_I2CEx_ConfigDigitalFilter
 *fill*         0x08002bfe        0x2 
 .text.HAL_ICACHE_Enable
                0x08002c00       0x20 ./Drivers/STM32U5xx_HAL_Driver/Src/stm32u5xx_hal_icache.o
                0x08002c00                HAL_ICACHE_Enable
 .text.HAL_PWR_EnableWakeUpPin
                0x08002c20       0x7c ./Drivers/STM32U5xx_HAL_Driver/Src/stm32u5xx_hal_pwr.o
                0x08002c20                HAL_PWR_EnableWakeUpPin
 .text.HAL_PWREx_ControlVoltageScaling
                0x08002c9c       0xfc ./Drivers/STM32U5xx_HAL_Driver/Src/stm32u5xx_hal_pwr_ex.o
                0x08002c9c                HAL_PWREx_ControlVoltageScaling
 .text.HAL_PWREx_GetVoltageRange
                0x08002d98       0x1c ./Drivers/STM32U5xx_HAL_Driver/Src/stm32u5xx_hal_pwr_ex.o
                0x08002d98                HAL_PWREx_GetVoltageRange
 .text.HAL_PWREx_EnterSTOP2Mode
                0x08002db4       0x58 ./Drivers/STM32U5xx_HAL_Driver/Src/stm32u5xx_hal_pwr_ex.o
                0x08002db4                HAL_PWREx_EnterSTOP2Mode
 .text.HAL_PWREx_EnterSHUTDOWNMode
                0x08002e0c       0x34 ./Drivers/STM32U5xx_HAL_Driver/Src/stm32u5xx_hal_pwr_ex.o
                0x08002e0c                HAL_PWREx_EnterSHUTDOWNMode
 .text.HAL_RCC_OscConfig
                0x08002e40      0xdb8 ./Drivers/STM32U5xx_HAL_Driver/Src/stm32u5xx_hal_rcc.o
                0x08002e40                HAL_RCC_OscConfig
 .text.HAL_RCC_ClockConfig
                0x08003bf8      0x3e4 ./Drivers/STM32U5xx_HAL_Driver/Src/stm32u5xx_hal_rcc.o
                0x08003bf8                HAL_RCC_ClockConfig
 .text.HAL_RCC_GetSysClockFreq
                0x08003fdc      0x204 ./Drivers/STM32U5xx_HAL_Driver/Src/stm32u5xx_hal_rcc.o
                0x08003fdc                HAL_RCC_GetSysClockFreq
 .text.HAL_RCC_GetHCLKFreq
                0x080041e0       0x34 ./Drivers/STM32U5xx_HAL_Driver/Src/stm32u5xx_hal_rcc.o
                0x080041e0                HAL_RCC_GetHCLKFreq
 .text.RCC_SetFlashLatencyFromMSIRange
                0x08004214      0x10c ./Drivers/STM32U5xx_HAL_Driver/Src/stm32u5xx_hal_rcc.o
 .text.HAL_RCCEx_PeriphCLKConfig
                0x08004320      0xb48 ./Drivers/STM32U5xx_HAL_Driver/Src/stm32u5xx_hal_rcc_ex.o
                0x08004320                HAL_RCCEx_PeriphCLKConfig
 .text.RCCEx_PLL2_Config
                0x08004e68      0x130 ./Drivers/STM32U5xx_HAL_Driver/Src/stm32u5xx_hal_rcc_ex.o
 .text.RCCEx_PLL3_Config
                0x08004f98      0x130 ./Drivers/STM32U5xx_HAL_Driver/Src/stm32u5xx_hal_rcc_ex.o
 .text.HAL_TIM_Base_Init
                0x080050c8       0xae ./Drivers/STM32U5xx_HAL_Driver/Src/stm32u5xx_hal_tim.o
                0x080050c8                HAL_TIM_Base_Init
 .text.HAL_TIM_PWM_Init
                0x08005176       0xae ./Drivers/STM32U5xx_HAL_Driver/Src/stm32u5xx_hal_tim.o
                0x08005176                HAL_TIM_PWM_Init
 .text.HAL_TIM_PWM_MspInit
                0x08005224       0x14 ./Drivers/STM32U5xx_HAL_Driver/Src/stm32u5xx_hal_tim.o
                0x08005224                HAL_TIM_PWM_MspInit
 .text.HAL_TIM_PWM_Start
                0x08005238      0x2a4 ./Drivers/STM32U5xx_HAL_Driver/Src/stm32u5xx_hal_tim.o
                0x08005238                HAL_TIM_PWM_Start
 .text.HAL_TIM_PWM_ConfigChannel
                0x080054dc      0x228 ./Drivers/STM32U5xx_HAL_Driver/Src/stm32u5xx_hal_tim.o
                0x080054dc                HAL_TIM_PWM_ConfigChannel
 .text.HAL_TIM_ConfigClockSource
                0x08005704      0x204 ./Drivers/STM32U5xx_HAL_Driver/Src/stm32u5xx_hal_tim.o
                0x08005704                HAL_TIM_ConfigClockSource
 .text.TIM_Base_SetConfig
                0x08005908      0x200 ./Drivers/STM32U5xx_HAL_Driver/Src/stm32u5xx_hal_tim.o
                0x08005908                TIM_Base_SetConfig
 .text.TIM_OC1_SetConfig
                0x08005b08      0x184 ./Drivers/STM32U5xx_HAL_Driver/Src/stm32u5xx_hal_tim.o
 .text.TIM_OC2_SetConfig
                0x08005c8c      0x160 ./Drivers/STM32U5xx_HAL_Driver/Src/stm32u5xx_hal_tim.o
                0x08005c8c                TIM_OC2_SetConfig
 .text.TIM_OC3_SetConfig
                0x08005dec      0x15c ./Drivers/STM32U5xx_HAL_Driver/Src/stm32u5xx_hal_tim.o
 .text.TIM_OC4_SetConfig
                0x08005f48      0x160 ./Drivers/STM32U5xx_HAL_Driver/Src/stm32u5xx_hal_tim.o
 .text.TIM_OC5_SetConfig
                0x080060a8      0x104 ./Drivers/STM32U5xx_HAL_Driver/Src/stm32u5xx_hal_tim.o
 .text.TIM_OC6_SetConfig
                0x080061ac      0x108 ./Drivers/STM32U5xx_HAL_Driver/Src/stm32u5xx_hal_tim.o
 .text.TIM_TI1_ConfigInputStage
                0x080062b4       0x5e ./Drivers/STM32U5xx_HAL_Driver/Src/stm32u5xx_hal_tim.o
 .text.TIM_TI2_ConfigInputStage
                0x08006312       0x60 ./Drivers/STM32U5xx_HAL_Driver/Src/stm32u5xx_hal_tim.o
 .text.TIM_ITRx_SetConfig
                0x08006372       0x3a ./Drivers/STM32U5xx_HAL_Driver/Src/stm32u5xx_hal_tim.o
 .text.TIM_ETR_SetConfig
                0x080063ac       0x40 ./Drivers/STM32U5xx_HAL_Driver/Src/stm32u5xx_hal_tim.o
                0x080063ac                TIM_ETR_SetConfig
 .text.TIM_CCxChannelCmd
                0x080063ec       0x4a ./Drivers/STM32U5xx_HAL_Driver/Src/stm32u5xx_hal_tim.o
                0x080063ec                TIM_CCxChannelCmd
 *fill*         0x08006436        0x2 
 .text.HAL_TIMEx_MasterConfigSynchronization
                0x08006438      0x184 ./Drivers/STM32U5xx_HAL_Driver/Src/stm32u5xx_hal_tim_ex.o
                0x08006438                HAL_TIMEx_MasterConfigSynchronization
 .text.HAL_TIMEx_ConfigBreakDeadTime
                0x080065bc      0x134 ./Drivers/STM32U5xx_HAL_Driver/Src/stm32u5xx_hal_tim_ex.o
                0x080065bc                HAL_TIMEx_ConfigBreakDeadTime
 .text.calculate_mean
                0x080066f0       0x82 ./Libs/Src/anomaly_detector.o
 *fill*         0x08006772        0x6 
 .text.calculate_std
                0x08006778       0xc0 ./Libs/Src/anomaly_detector.o
 .text.Detector_Init
                0x08006838       0x38 ./Libs/Src/anomaly_detector.o
                0x08006838                Detector_Init
 .text.Detector_AddValue
                0x08006870      0x1e4 ./Libs/Src/anomaly_detector.o
                0x08006870                Detector_AddValue
 .text.Detector_GetStatistics
                0x08006a54      0x126 ./Libs/Src/anomaly_detector.o
                0x08006a54                Detector_GetStatistics
 .text.Detector_Reset
                0x08006b7a       0x3c ./Libs/Src/anomaly_detector.o
                0x08006b7a                Detector_Reset
 .text.mlx90632_start_measurement
                0x08006bb6       0x98 ./Libs/Src/mlx90632.o
 .text.mlx90632_channel_new_select
                0x08006c4e       0x4a ./Libs/Src/mlx90632.o
 .text.mlx90632_read_temp_ambient_raw
                0x08006c98       0x58 ./Libs/Src/mlx90632.o
 .text.mlx90632_read_temp_object_raw
                0x08006cf0      0x114 ./Libs/Src/mlx90632.o
 .text.mlx90632_read_temp_raw
                0x08006e04       0x48 ./Libs/Src/mlx90632.o
                0x08006e04                mlx90632_read_temp_raw
 .text.mlx90632_preprocess_temp_ambient
                0x08006e4c       0xcc ./Libs/Src/mlx90632.o
                0x08006e4c                mlx90632_preprocess_temp_ambient
 .text.mlx90632_preprocess_temp_object
                0x08006f18       0xe4 ./Libs/Src/mlx90632.o
                0x08006f18                mlx90632_preprocess_temp_object
 .text.mlx90632_calc_temp_ambient
                0x08006ffc      0x108 ./Libs/Src/mlx90632.o
                0x08006ffc                mlx90632_calc_temp_ambient
 *fill*         0x08007104        0x4 
 .text.mlx90632_calc_temp_object_iteration
                0x08007108      0x29c ./Libs/Src/mlx90632.o
 .text.mlx90632_set_emissivity
                0x080073a4       0x24 ./Libs/Src/mlx90632.o
                0x080073a4                mlx90632_set_emissivity
 .text.mlx90632_get_emissivity
                0x080073c8       0x40 ./Libs/Src/mlx90632.o
                0x080073c8                mlx90632_get_emissivity
 .text.mlx90632_calc_temp_object
                0x08007408       0xf0 ./Libs/Src/mlx90632.o
                0x08007408                mlx90632_calc_temp_object
 .text.mlx90632_init
                0x080074f8       0x6e ./Libs/Src/mlx90632.o
                0x080074f8                mlx90632_init
 *fill*         0x08007566        0x2 
 .text.network_configure_activations
                0x08007568      0x134 ./Libs/Src/network.o
 .text.network_configure_weights
                0x0800769c      0x130 ./Libs/Src/network.o
 .text.ai_network_get_error
                0x080077cc       0x18 ./Libs/Src/network.o
                0x080077cc                ai_network_get_error
 .text.ai_network_create
                0x080077e4       0x2c ./Libs/Src/network.o
                0x080077e4                ai_network_create
 .text.ai_network_create_and_init
                0x08007810       0xfc ./Libs/Src/network.o
                0x08007810                ai_network_create_and_init
 .text.ai_network_inputs_get
                0x0800790c       0x34 ./Libs/Src/network.o
                0x0800790c                ai_network_inputs_get
 .text.ai_network_outputs_get
                0x08007940       0x34 ./Libs/Src/network.o
                0x08007940                ai_network_outputs_get
 .text.ai_network_init
                0x08007974       0x78 ./Libs/Src/network.o
                0x08007974                ai_network_init
 .text.ai_network_data_params_get
                0x080079ec       0x50 ./Libs/Src/network_data.o
                0x080079ec                ai_network_data_params_get
 .text.AI_Init  0x08007a3c       0x7c ./Libs/Src/user_ai.o
                0x08007a3c                AI_Init
 .text.mlx90632_i2c_read
                0x08007ab8       0x50 ./Libs/Src/user_mlx.o
                0x08007ab8                mlx90632_i2c_read
 .text.mlx90632_i2c_read32
                0x08007b08       0x54 ./Libs/Src/user_mlx.o
                0x08007b08                mlx90632_i2c_read32
 .text.mlx90632_i2c_write
                0x08007b5c       0x48 ./Libs/Src/user_mlx.o
                0x08007b5c                mlx90632_i2c_write
 .text.mlx90632_read_eeprom
                0x08007ba4      0x136 ./Libs/Src/user_mlx.o
 .text.usleep   0x08007cda       0x26 ./Libs/Src/user_mlx.o
                0x08007cda                usleep
 .text.MLX_Init
                0x08007d00       0xa8 ./Libs/Src/user_mlx.o
                0x08007d00                MLX_Init
 .text.MLX_Run  0x08007da8      0x194 ./Libs/Src/user_mlx.o
                0x08007da8                MLX_Run
 .text.ai_buffer_get_size
                0x08007f3c       0x64 ../Middlewares/ST/AI/Lib\NetworkRuntime1020_CM33_GCC.a(ai_platform.o)
                0x08007f3c                ai_buffer_get_size
 .text.ai_buffer_array_sane
                0x08007fa0       0x14 ../Middlewares/ST/AI/Lib\NetworkRuntime1020_CM33_GCC.a(ai_platform.o)
                0x08007fa0                ai_buffer_array_sane
 .text.ai_buffer_array_item_set_address
                0x08007fb4       0x1c ../Middlewares/ST/AI/Lib\NetworkRuntime1020_CM33_GCC.a(ai_platform.o)
                0x08007fb4                ai_buffer_array_item_set_address
 .text.ai_platform_get_weights_map
                0x08007fd0       0xa0 ../Middlewares/ST/AI/Lib\NetworkRuntime1020_CM33_GCC.a(ai_platform_interface.o)
                0x08007fd0                ai_platform_get_weights_map
 .text.ai_platform_get_activations_map
                0x08008070       0xa4 ../Middlewares/ST/AI/Lib\NetworkRuntime1020_CM33_GCC.a(ai_platform_interface.o)
                0x08008070                ai_platform_get_activations_map
 .text.ai_platform_bind_network_params
                0x08008114       0x44 ../Middlewares/ST/AI/Lib\NetworkRuntime1020_CM33_GCC.a(ai_platform_interface.o)
                0x08008114                ai_platform_bind_network_params
 .text.ai_platform_network_get_error
                0x08008158       0x18 ../Middlewares/ST/AI/Lib\NetworkRuntime1020_CM33_GCC.a(ai_platform_interface.o)
                0x08008158                ai_platform_network_get_error
 .text.ai_platform_network_set_error
                0x08008170        0xc ../Middlewares/ST/AI/Lib\NetworkRuntime1020_CM33_GCC.a(ai_platform_interface.o)
                0x08008170                ai_platform_network_set_error
 .text.ai_platform_inputs_get
                0x0800817c       0xec ../Middlewares/ST/AI/Lib\NetworkRuntime1020_CM33_GCC.a(ai_platform_interface.o)
                0x0800817c                ai_platform_inputs_get
 .text.ai_platform_outputs_get
                0x08008268       0xe4 ../Middlewares/ST/AI/Lib\NetworkRuntime1020_CM33_GCC.a(ai_platform_interface.o)
                0x08008268                ai_platform_outputs_get
 .text.ai_platform_network_create
                0x0800834c       0x84 ../Middlewares/ST/AI/Lib\NetworkRuntime1020_CM33_GCC.a(ai_platform_interface.o)
                0x0800834c                ai_platform_network_create
 .text.ai_platform_network_init
                0x080083d0      0x130 ../Middlewares/ST/AI/Lib\NetworkRuntime1020_CM33_GCC.a(ai_platform_interface.o)
                0x080083d0                ai_platform_network_init
 .text.ai_platform_network_post_init
                0x08008500       0x58 ../Middlewares/ST/AI/Lib\NetworkRuntime1020_CM33_GCC.a(ai_platform_interface.o)
                0x08008500                ai_platform_network_post_init
 .text.core_init
                0x08008558        0x4 ../Middlewares/ST/AI/Lib\NetworkRuntime1020_CM33_GCC.a(core_common.o)
                0x08008558                core_init
 .text.core_get_error
                0x0800855c        0xc ../Middlewares/ST/AI/Lib\NetworkRuntime1020_CM33_GCC.a(core_common.o)
                0x0800855c                core_get_error
 .text.core_set_error
                0x08008568       0x18 ../Middlewares/ST/AI/Lib\NetworkRuntime1020_CM33_GCC.a(core_common.o)
                0x08008568                core_set_error
 .text.ai_check_custom_types
                0x08008580       0x50 ../Middlewares/ST/AI/Lib\NetworkRuntime1020_CM33_GCC.a(layers.o)
                0x08008580                ai_check_custom_types
 .text.ai_layers_init_all
                0x080085d0       0x20 ../Middlewares/ST/AI/Lib\NetworkRuntime1020_CM33_GCC.a(layers.o)
                0x080085d0                ai_layers_init_all
 .text.ai_layers_post_init_all
                0x080085f0       0x38 ../Middlewares/ST/AI/Lib\NetworkRuntime1020_CM33_GCC.a(layers.o)
                0x080085f0                ai_layers_post_init_all
 .text.forward_dense_integer_SSSA
                0x08008628      0x1e8 ../Middlewares/ST/AI/Lib\NetworkRuntime1020_CM33_GCC.a(layers_conv2d_stm32_integer.o)
                0x08008628                forward_dense_integer_SSSA
 .text.forward_dense_integer_SSSA_ch
                0x08008810      0x1e4 ../Middlewares/ST/AI/Lib\NetworkRuntime1020_CM33_GCC.a(layers_conv2d_stm32_integer.o)
                0x08008810                forward_dense_integer_SSSA_ch
 .text.forward_relu_integer
                0x080089f4       0xb4 ../Middlewares/ST/AI/Lib\NetworkRuntime1020_CM33_GCC.a(layers_nl_stm32_integer.o)
                0x080089f4                forward_relu_integer
 .text.forward_lite_dense_is8os8ws8_ch
                0x08008aa8       0x80 ../Middlewares/ST/AI/Lib\NetworkRuntime1020_CM33_GCC.a(forward_lite_dense_is8os8ws8_ch.o)
                0x08008aa8                forward_lite_dense_is8os8ws8_ch
 .text.forward_lite_dense_is8os8ws8
                0x08008b28       0x84 ../Middlewares/ST/AI/Lib\NetworkRuntime1020_CM33_GCC.a(forward_lite_dense_is8os8ws8.o)
                0x08008b28                forward_lite_dense_is8os8ws8
 .text.align_factor
                0x08008bac       0xac ../Middlewares/ST/AI/Lib\NetworkRuntime1020_CM33_GCC.a(st_align_factor.o)
                0x08008bac                align_factor
 .text.align_factor_ch
                0x08008c58       0x60 ../Middlewares/ST/AI/Lib\NetworkRuntime1020_CM33_GCC.a(st_align_factor.o)
                0x08008c58                align_factor_ch
 .text.st_sssa8_ch_fully_connected
                0x08008cb8      0x510 ../Middlewares/ST/AI/Lib\NetworkRuntime1020_CM33_GCC.a(st_sssa8_ch_dense.o)
                0x08008cb8                st_sssa8_ch_fully_connected
 .text.st_sssa8_fully_connected
                0x080091c8      0x364 ../Middlewares/ST/AI/Lib\NetworkRuntime1020_CM33_GCC.a(st_sssa8_dense.o)
                0x080091c8                st_sssa8_fully_connected
 .text.st_int8_reordered_no_shift_zero
                0x0800952c       0x68 ../Middlewares/ST/AI/Lib\NetworkRuntime1020_CM33_GCC.a(st_int8_reordered_no_shift.o)
                0x0800952c                st_int8_reordered_no_shift_zero
 *fill*         0x08009594        0xc 
 .text.st_sssa8_dense_memopt_loop
                0x080095a0      0x794 ../Middlewares/ST/AI/Lib\NetworkRuntime1020_CM33_GCC.a(st_sssa8_dense_loop.o)
                0x080095a0                st_sssa8_dense_loop
                0x08009950                st_sssa8_dense_memopt_loop
 .text.ai_array_to_buffer_fmt
                0x08009d34       0xe0 ../Middlewares/ST/AI/Lib\NetworkRuntime1020_CM33_GCC.a(ai_datatypes_format.o)
                0x08009d34                ai_array_to_buffer_fmt
 .text.ai_version_get
                0x08009e14        0xc ../Middlewares/ST/AI/Lib\NetworkRuntime1020_CM33_GCC.a(ai_datatypes_internal.o)
                0x08009e14                ai_version_get
 .text.memset   0x08009e20       0x10 C:/ST/STM32CubeIDE_1.18.1/STM32CubeIDE/plugins/com.st.stm32cube.ide.mcu.externaltools.gnu-tools-for-stm32.13.3.rel1.win32_1.0.0.202411081344/tools/bin/../lib/gcc/arm-none-eabi/13.3.1/../../../../arm-none-eabi/lib/thumb/v8-m.main+fp/hard\libc_nano.a(libc_a-memset.o)
                0x08009e20                memset
 .text.__errno  0x08009e30        0xc C:/ST/STM32CubeIDE_1.18.1/STM32CubeIDE/plugins/com.st.stm32cube.ide.mcu.externaltools.gnu-tools-for-stm32.13.3.rel1.win32_1.0.0.202411081344/tools/bin/../lib/gcc/arm-none-eabi/13.3.1/../../../../arm-none-eabi/lib/thumb/v8-m.main+fp/hard\libc_nano.a(libc_a-errno.o)
                0x08009e30                __errno
 .text.__libc_init_array
                0x08009e3c       0x48 C:/ST/STM32CubeIDE_1.18.1/STM32CubeIDE/plugins/com.st.stm32cube.ide.mcu.externaltools.gnu-tools-for-stm32.13.3.rel1.win32_1.0.0.202411081344/tools/bin/../lib/gcc/arm-none-eabi/13.3.1/../../../../arm-none-eabi/lib/thumb/v8-m.main+fp/hard\libc_nano.a(libc_a-init.o)
                0x08009e3c                __libc_init_array
 .text.memcpy   0x08009e84       0x1a C:/ST/STM32CubeIDE_1.18.1/STM32CubeIDE/plugins/com.st.stm32cube.ide.mcu.externaltools.gnu-tools-for-stm32.13.3.rel1.win32_1.0.0.202411081344/tools/bin/../lib/gcc/arm-none-eabi/13.3.1/../../../../arm-none-eabi/lib/thumb/v8-m.main+fp/hard\libc_nano.a(libc_a-memcpy-stub.o)
                0x08009e84                memcpy
 .text.sqrt     0x08009e9e       0x58 C:/ST/STM32CubeIDE_1.18.1/STM32CubeIDE/plugins/com.st.stm32cube.ide.mcu.externaltools.gnu-tools-for-stm32.13.3.rel1.win32_1.0.0.202411081344/tools/bin/../lib/gcc/arm-none-eabi/13.3.1/../../../../arm-none-eabi/lib/thumb/v8-m.main+fp/hard\libm.a(libm_a-w_sqrt.o)
                0x08009e9e                sqrt
 *fill*         0x08009ef6        0x2 
 .text.__ieee754_sqrt
                0x08009ef8      0x1b4 C:/ST/STM32CubeIDE_1.18.1/STM32CubeIDE/plugins/com.st.stm32cube.ide.mcu.externaltools.gnu-tools-for-stm32.13.3.rel1.win32_1.0.0.202411081344/tools/bin/../lib/gcc/arm-none-eabi/13.3.1/../../../../arm-none-eabi/lib/thumb/v8-m.main+fp/hard\libm.a(libm_a-e_sqrt.o)
                0x08009ef8                __ieee754_sqrt
 *(.glue_7)
 .glue_7        0x0800a0ac        0x0 linker stubs
 *(.glue_7t)
 .glue_7t       0x0800a0ac        0x0 linker stubs
 *(.eh_frame)
 .eh_frame      0x0800a0ac        0x0 C:/ST/STM32CubeIDE_1.18.1/STM32CubeIDE/plugins/com.st.stm32cube.ide.mcu.externaltools.gnu-tools-for-stm32.13.3.rel1.win32_1.0.0.202411081344/tools/bin/../lib/gcc/arm-none-eabi/13.3.1/thumb/v8-m.main+fp/hard/crtbegin.o
 *(.init)
 .init          0x0800a0ac        0x4 C:/ST/STM32CubeIDE_1.18.1/STM32CubeIDE/plugins/com.st.stm32cube.ide.mcu.externaltools.gnu-tools-for-stm32.13.3.rel1.win32_1.0.0.202411081344/tools/bin/../lib/gcc/arm-none-eabi/13.3.1/thumb/v8-m.main+fp/hard/crti.o
                0x0800a0ac                _init
 .init          0x0800a0b0        0x8 C:/ST/STM32CubeIDE_1.18.1/STM32CubeIDE/plugins/com.st.stm32cube.ide.mcu.externaltools.gnu-tools-for-stm32.13.3.rel1.win32_1.0.0.202411081344/tools/bin/../lib/gcc/arm-none-eabi/13.3.1/thumb/v8-m.main+fp/hard/crtn.o
 *(.fini)
 .fini          0x0800a0b8        0x4 C:/ST/STM32CubeIDE_1.18.1/STM32CubeIDE/plugins/com.st.stm32cube.ide.mcu.externaltools.gnu-tools-for-stm32.13.3.rel1.win32_1.0.0.202411081344/tools/bin/../lib/gcc/arm-none-eabi/13.3.1/thumb/v8-m.main+fp/hard/crti.o
                0x0800a0b8                _fini
 .fini          0x0800a0bc        0x8 C:/ST/STM32CubeIDE_1.18.1/STM32CubeIDE/plugins/com.st.stm32cube.ide.mcu.externaltools.gnu-tools-for-stm32.13.3.rel1.win32_1.0.0.202411081344/tools/bin/../lib/gcc/arm-none-eabi/13.3.1/thumb/v8-m.main+fp/hard/crtn.o
                0x0800a0c4                        _etext = .

.vfp11_veneer   0x0800a0c4        0x0
 .vfp11_veneer  0x0800a0c4        0x0 linker stubs

.v4_bx          0x0800a0c4        0x0
 .v4_bx         0x0800a0c4        0x0 linker stubs

.iplt           0x0800a0c4        0x0
 .iplt          0x0800a0c4        0x0 C:/ST/STM32CubeIDE_1.18.1/STM32CubeIDE/plugins/com.st.stm32cube.ide.mcu.externaltools.gnu-tools-for-stm32.13.3.rel1.win32_1.0.0.202411081344/tools/bin/../lib/gcc/arm-none-eabi/13.3.1/thumb/v8-m.main+fp/hard/crtbegin.o

.rodata         0x0800a0e0      0x2f8
 *(.rodata)
 .rodata        0x0800a0e0       0x30 ./Libs/Src/network_data.o
 *(.rodata*)
 .rodata.AHBPrescTable
                0x0800a110       0x10 ./Core/Src/system_stm32u5xx.o
                0x0800a110                AHBPrescTable
 .rodata.MSIRangeTable
                0x0800a120       0x40 ./Core/Src/system_stm32u5xx.o
                0x0800a120                MSIRangeTable
 .rodata.LPGPIO_Map
                0x0800a160       0x80 ./Drivers/STM32U5xx_HAL_Driver/Src/stm32u5xx_hal_gpio.o
 .rodata.__compound_literal.0
                0x0800a1e0        0x4 ./Libs/Src/network.o
 .rodata.__compound_literal.1
                0x0800a1e4        0x1 ./Libs/Src/network.o
 *fill*         0x0800a1e5        0x3 
 .rodata.__compound_literal.2
                0x0800a1e8        0x8 ./Libs/Src/network.o
 .rodata.gemm_0_output_array_intq
                0x0800a1f0        0x8 ./Libs/Src/network.o
 .rodata.__compound_literal.3
                0x0800a1f8       0x20 ./Libs/Src/network.o
 .rodata.__compound_literal.4
                0x0800a218        0x8 ./Libs/Src/network.o
 .rodata.__compound_literal.5
                0x0800a220        0x8 ./Libs/Src/network.o
 .rodata.gemm_0_weights_array_intq
                0x0800a228        0x8 ./Libs/Src/network.o
 .rodata.__compound_literal.6
                0x0800a230        0x4 ./Libs/Src/network.o
 .rodata.__compound_literal.7
                0x0800a234        0x1 ./Libs/Src/network.o
 *fill*         0x0800a235        0x3 
 .rodata.__compound_literal.8
                0x0800a238        0x8 ./Libs/Src/network.o
 .rodata.gemm_1_output_array_intq
                0x0800a240        0x8 ./Libs/Src/network.o
 .rodata.__compound_literal.9
                0x0800a248        0x4 ./Libs/Src/network.o
 .rodata.__compound_literal.10
                0x0800a24c        0x1 ./Libs/Src/network.o
 *fill*         0x0800a24d        0x3 
 .rodata.__compound_literal.11
                0x0800a250        0x8 ./Libs/Src/network.o
 .rodata.gemm_1_weights_array_intq
                0x0800a258        0x8 ./Libs/Src/network.o
 .rodata.__compound_literal.12
                0x0800a260        0x4 ./Libs/Src/network.o
 .rodata.__compound_literal.13
                0x0800a264        0x1 ./Libs/Src/network.o
 *fill*         0x0800a265        0x3 
 .rodata.__compound_literal.14
                0x0800a268        0x8 ./Libs/Src/network.o
 .rodata.gemm_2_output_array_intq
                0x0800a270        0x8 ./Libs/Src/network.o
 .rodata.__compound_literal.15
                0x0800a278       0x20 ./Libs/Src/network.o
 .rodata.__compound_literal.16
                0x0800a298        0x8 ./Libs/Src/network.o
 .rodata.__compound_literal.17
                0x0800a2a0        0x8 ./Libs/Src/network.o
 .rodata.gemm_2_weights_array_intq
                0x0800a2a8        0x8 ./Libs/Src/network.o
 .rodata.__compound_literal.18
                0x0800a2b0        0x4 ./Libs/Src/network.o
 .rodata.__compound_literal.19
                0x0800a2b4        0x1 ./Libs/Src/network.o
 *fill*         0x0800a2b5        0x3 
 .rodata.__compound_literal.20
                0x0800a2b8        0x8 ./Libs/Src/network.o
 .rodata.gemm_3_output_array_intq
                0x0800a2c0        0x8 ./Libs/Src/network.o
 .rodata.__compound_literal.21
                0x0800a2c8        0x4 ./Libs/Src/network.o
 .rodata.__compound_literal.22
                0x0800a2cc        0x1 ./Libs/Src/network.o
 *fill*         0x0800a2cd        0x3 
 .rodata.__compound_literal.23
                0x0800a2d0        0x8 ./Libs/Src/network.o
 .rodata.gemm_3_weights_array_intq
                0x0800a2d8        0x8 ./Libs/Src/network.o
 .rodata.__compound_literal.24
                0x0800a2e0        0x4 ./Libs/Src/network.o
 .rodata.__compound_literal.25
                0x0800a2e4        0x1 ./Libs/Src/network.o
 *fill*         0x0800a2e5        0x3 
 .rodata.__compound_literal.26
                0x0800a2e8        0x8 ./Libs/Src/network.o
 .rodata.nl_1_nl_output_array_intq
                0x0800a2f0        0x8 ./Libs/Src/network.o
 .rodata.__compound_literal.27
                0x0800a2f8        0x4 ./Libs/Src/network.o
 .rodata.__compound_literal.28
                0x0800a2fc        0x1 ./Libs/Src/network.o
 *fill*         0x0800a2fd        0x3 
 .rodata.__compound_literal.29
                0x0800a300        0x8 ./Libs/Src/network.o
 .rodata.nl_2_nl_output_array_intq
                0x0800a308        0x8 ./Libs/Src/network.o
 .rodata.__compound_literal.30
                0x0800a310        0x4 ./Libs/Src/network.o
 .rodata.__compound_literal.31
                0x0800a314        0x1 ./Libs/Src/network.o
 *fill*         0x0800a315        0x3 
 .rodata.__compound_literal.32
                0x0800a318        0x8 ./Libs/Src/network.o
 .rodata.serving_default_keras_tensor0_output_array_intq
                0x0800a320        0x8 ./Libs/Src/network.o
 .rodata.gemm_3_chain
                0x0800a328        0x8 ./Libs/Src/network.o
 .rodata.nl_2_nl_nl_params_data
                0x0800a330        0x1 ./Libs/Src/network.o
 *fill*         0x0800a331        0x3 
 .rodata.nl_2_nl_nl_params
                0x0800a334       0x10 ./Libs/Src/network.o
 .rodata.nl_2_nl_chain
                0x0800a344        0x8 ./Libs/Src/network.o
 .rodata.gemm_2_chain
                0x0800a34c        0x8 ./Libs/Src/network.o
 .rodata.nl_1_nl_nl_params_data
                0x0800a354        0x1 ./Libs/Src/network.o
 *fill*         0x0800a355        0x3 
 .rodata.nl_1_nl_nl_params
                0x0800a358       0x10 ./Libs/Src/network.o
 .rodata.nl_1_nl_chain
                0x0800a368        0x8 ./Libs/Src/network.o
 .rodata.gemm_1_chain
                0x0800a370        0x8 ./Libs/Src/network.o
 .rodata.gemm_0_chain
                0x0800a378        0x8 ./Libs/Src/network.o
 .rodata.s_network_weights_array_u64
                0x0800a380       0x48 ./Libs/Src/network_data_params.o
                0x0800a380                s_network_weights_array_u64
 .rodata.tiny   0x0800a3c8        0x8 C:/ST/STM32CubeIDE_1.18.1/STM32CubeIDE/plugins/com.st.stm32cube.ide.mcu.externaltools.gnu-tools-for-stm32.13.3.rel1.win32_1.0.0.202411081344/tools/bin/../lib/gcc/arm-none-eabi/13.3.1/../../../../arm-none-eabi/lib/thumb/v8-m.main+fp/hard\libm.a(libm_a-e_sqrt.o)
 .rodata.one    0x0800a3d0        0x8 C:/ST/STM32CubeIDE_1.18.1/STM32CubeIDE/plugins/com.st.stm32cube.ide.mcu.externaltools.gnu-tools-for-stm32.13.3.rel1.win32_1.0.0.202411081344/tools/bin/../lib/gcc/arm-none-eabi/13.3.1/../../../../arm-none-eabi/lib/thumb/v8-m.main+fp/hard\libm.a(libm_a-e_sqrt.o)

.ARM.extab
 *(.ARM.extab* .gnu.linkonce.armextab.*)

.ARM            0x0800a3d8        0x0
                0x0800a3d8                        __exidx_start = .
 *(.ARM.exidx*)
                0x0800a3d8                        __exidx_end = .

.preinit_array  0x0800a3d8        0x0
                0x0800a3d8                        PROVIDE (__preinit_array_start = .)
 *(.preinit_array*)
                0x0800a3d8                        PROVIDE (__preinit_array_end = .)

.init_array     0x0800a3d8        0x4
                0x0800a3d8                        PROVIDE (__init_array_start = .)
 *(SORT_BY_NAME(.init_array.*))
 *(.init_array*)
 .init_array    0x0800a3d8        0x4 C:/ST/STM32CubeIDE_1.18.1/STM32CubeIDE/plugins/com.st.stm32cube.ide.mcu.externaltools.gnu-tools-for-stm32.13.3.rel1.win32_1.0.0.202411081344/tools/bin/../lib/gcc/arm-none-eabi/13.3.1/thumb/v8-m.main+fp/hard/crtbegin.o
                0x0800a3dc                        PROVIDE (__init_array_end = .)

.fini_array     0x0800a3dc        0x4
                [!provide]                        PROVIDE (__fini_array_start = .)
 *(SORT_BY_NAME(.fini_array.*))
 *(.fini_array*)
 .fini_array    0x0800a3dc        0x4 C:/ST/STM32CubeIDE_1.18.1/STM32CubeIDE/plugins/com.st.stm32cube.ide.mcu.externaltools.gnu-tools-for-stm32.13.3.rel1.win32_1.0.0.202411081344/tools/bin/../lib/gcc/arm-none-eabi/13.3.1/thumb/v8-m.main+fp/hard/crtbegin.o
                [!provide]                        PROVIDE (__fini_array_end = .)
                0x0800a3e0                        _sidata = LOADADDR (.data)

.rel.dyn        0x0800a3e0        0x0
 .rel.iplt      0x0800a3e0        0x0 C:/ST/STM32CubeIDE_1.18.1/STM32CubeIDE/plugins/com.st.stm32cube.ide.mcu.externaltools.gnu-tools-for-stm32.13.3.rel1.win32_1.0.0.202411081344/tools/bin/../lib/gcc/arm-none-eabi/13.3.1/thumb/v8-m.main+fp/hard/crtbegin.o

.data           0x20000000      0x960 load address 0x0800a3e0
                0x20000000                        _sdata = .
 *(.data)
 *(.data*)
 .data.request_stop2
                0x20000000        0x4 ./Core/Src/main.o
                0x20000000                request_stop2
 .data.SystemCoreClock
                0x20000004        0x4 ./Core/Src/system_stm32u5xx.o
                0x20000004                SystemCoreClock
 .data.uwTickPrio
                0x20000008        0x4 ./Drivers/STM32U5xx_HAL_Driver/Src/stm32u5xx_hal.o
                0x20000008                uwTickPrio
 .data.uwTickFreq
                0x2000000c        0x1 ./Drivers/STM32U5xx_HAL_Driver/Src/stm32u5xx_hal.o
                0x2000000c                uwTickFreq
 *fill*         0x2000000d        0x3 
 .data.serving_default_keras_tensor0_output_array
                0x20000010       0x10 ./Libs/Src/network.o
 .data.gemm_0_output_array
                0x20000020       0x10 ./Libs/Src/network.o
 .data.gemm_1_output_array
                0x20000030       0x10 ./Libs/Src/network.o
 .data.nl_1_nl_output_array
                0x20000040       0x10 ./Libs/Src/network.o
 .data.gemm_2_output_array
                0x20000050       0x10 ./Libs/Src/network.o
 .data.nl_2_nl_output_array
                0x20000060       0x10 ./Libs/Src/network.o
 .data.gemm_3_output_array
                0x20000070       0x10 ./Libs/Src/network.o
 .data.gemm_0_weights_array
                0x20000080       0x10 ./Libs/Src/network.o
 .data.gemm_0_bias_array
                0x20000090       0x10 ./Libs/Src/network.o
 .data.gemm_1_weights_array
                0x200000a0       0x10 ./Libs/Src/network.o
 .data.gemm_1_bias_array
                0x200000b0       0x10 ./Libs/Src/network.o
 .data.gemm_2_weights_array
                0x200000c0       0x10 ./Libs/Src/network.o
 .data.gemm_3_weights_array
                0x200000d0       0x10 ./Libs/Src/network.o
 .data.gemm_3_bias_array
                0x200000e0       0x10 ./Libs/Src/network.o
 .data.gemm_0_scratch0_array
                0x200000f0       0x10 ./Libs/Src/network.o
 .data.gemm_1_scratch0_array
                0x20000100       0x10 ./Libs/Src/network.o
 .data.gemm_2_scratch0_array
                0x20000110       0x10 ./Libs/Src/network.o
 .data.gemm_3_scratch0_array
                0x20000120       0x10 ./Libs/Src/network.o
 .data.__compound_literal.33
                0x20000130       0x10 ./Libs/Src/network.o
 .data.__compound_literal.34
                0x20000140       0x10 ./Libs/Src/network.o
 .data.gemm_0_bias
                0x20000150       0x1c ./Libs/Src/network.o
 .data.__compound_literal.35
                0x2000016c       0x10 ./Libs/Src/network.o
 .data.__compound_literal.36
                0x2000017c       0x10 ./Libs/Src/network.o
 .data.gemm_0_output
                0x2000018c       0x1c ./Libs/Src/network.o
 .data.__compound_literal.37
                0x200001a8       0x10 ./Libs/Src/network.o
 .data.__compound_literal.38
                0x200001b8       0x10 ./Libs/Src/network.o
 .data.gemm_0_scratch0
                0x200001c8       0x1c ./Libs/Src/network.o
 .data.__compound_literal.39
                0x200001e4       0x10 ./Libs/Src/network.o
 .data.__compound_literal.40
                0x200001f4       0x10 ./Libs/Src/network.o
 .data.gemm_0_weights
                0x20000204       0x1c ./Libs/Src/network.o
 .data.__compound_literal.41
                0x20000220       0x10 ./Libs/Src/network.o
 .data.__compound_literal.42
                0x20000230       0x10 ./Libs/Src/network.o
 .data.gemm_1_bias
                0x20000240       0x1c ./Libs/Src/network.o
 .data.__compound_literal.43
                0x2000025c       0x10 ./Libs/Src/network.o
 .data.__compound_literal.44
                0x2000026c       0x10 ./Libs/Src/network.o
 .data.gemm_1_output
                0x2000027c       0x1c ./Libs/Src/network.o
 .data.__compound_literal.45
                0x20000298       0x10 ./Libs/Src/network.o
 .data.__compound_literal.46
                0x200002a8       0x10 ./Libs/Src/network.o
 .data.gemm_1_scratch0
                0x200002b8       0x1c ./Libs/Src/network.o
 .data.__compound_literal.47
                0x200002d4       0x10 ./Libs/Src/network.o
 .data.__compound_literal.48
                0x200002e4       0x10 ./Libs/Src/network.o
 .data.gemm_1_weights
                0x200002f4       0x1c ./Libs/Src/network.o
 .data.__compound_literal.49
                0x20000310       0x10 ./Libs/Src/network.o
 .data.__compound_literal.50
                0x20000320       0x10 ./Libs/Src/network.o
 .data.gemm_2_output
                0x20000330       0x1c ./Libs/Src/network.o
 .data.__compound_literal.51
                0x2000034c       0x10 ./Libs/Src/network.o
 .data.__compound_literal.52
                0x2000035c       0x10 ./Libs/Src/network.o
 .data.gemm_2_scratch0
                0x2000036c       0x1c ./Libs/Src/network.o
 .data.__compound_literal.53
                0x20000388       0x10 ./Libs/Src/network.o
 .data.__compound_literal.54
                0x20000398       0x10 ./Libs/Src/network.o
 .data.gemm_2_weights
                0x200003a8       0x1c ./Libs/Src/network.o
 .data.__compound_literal.55
                0x200003c4       0x10 ./Libs/Src/network.o
 .data.__compound_literal.56
                0x200003d4       0x10 ./Libs/Src/network.o
 .data.gemm_3_bias
                0x200003e4       0x1c ./Libs/Src/network.o
 .data.__compound_literal.57
                0x20000400       0x10 ./Libs/Src/network.o
 .data.__compound_literal.58
                0x20000410       0x10 ./Libs/Src/network.o
 .data.gemm_3_output
                0x20000420       0x1c ./Libs/Src/network.o
 .data.__compound_literal.59
                0x2000043c       0x10 ./Libs/Src/network.o
 .data.__compound_literal.60
                0x2000044c       0x10 ./Libs/Src/network.o
 .data.gemm_3_scratch0
                0x2000045c       0x1c ./Libs/Src/network.o
 .data.__compound_literal.61
                0x20000478       0x10 ./Libs/Src/network.o
 .data.__compound_literal.62
                0x20000488       0x10 ./Libs/Src/network.o
 .data.gemm_3_weights
                0x20000498       0x1c ./Libs/Src/network.o
 .data.__compound_literal.63
                0x200004b4       0x10 ./Libs/Src/network.o
 .data.__compound_literal.64
                0x200004c4       0x10 ./Libs/Src/network.o
 .data.nl_1_nl_output
                0x200004d4       0x1c ./Libs/Src/network.o
 .data.__compound_literal.65
                0x200004f0       0x10 ./Libs/Src/network.o
 .data.__compound_literal.66
                0x20000500       0x10 ./Libs/Src/network.o
 .data.nl_2_nl_output
                0x20000510       0x1c ./Libs/Src/network.o
 .data.__compound_literal.67
                0x2000052c       0x10 ./Libs/Src/network.o
 .data.__compound_literal.68
                0x2000053c       0x10 ./Libs/Src/network.o
 .data.serving_default_keras_tensor0_output
                0x2000054c       0x1c ./Libs/Src/network.o
 .data.__compound_literal.69
                0x20000568        0x4 ./Libs/Src/network.o
 .data.__compound_literal.70
                0x2000056c        0x4 ./Libs/Src/network.o
 .data.__compound_literal.71
                0x20000570        0x8 ./Libs/Src/network.o
 .data.__compound_literal.72
                0x20000578        0x4 ./Libs/Src/network.o
 .data.__compound_literal.73
                0x2000057c       0x30 ./Libs/Src/network.o
 .data.gemm_3_layer
                0x200005ac       0x1c ./Libs/Src/network.o
 .data.__compound_literal.74
                0x200005c8        0x4 ./Libs/Src/network.o
 .data.__compound_literal.75
                0x200005cc        0x4 ./Libs/Src/network.o
 .data.__compound_literal.78
                0x200005d0       0x30 ./Libs/Src/network.o
 .data.nl_2_nl_layer
                0x20000600       0x20 ./Libs/Src/network.o
 .data.__compound_literal.79
                0x20000620        0x4 ./Libs/Src/network.o
 .data.__compound_literal.80
                0x20000624        0x4 ./Libs/Src/network.o
 .data.__compound_literal.81
                0x20000628        0x8 ./Libs/Src/network.o
 .data.__compound_literal.82
                0x20000630        0x4 ./Libs/Src/network.o
 .data.__compound_literal.83
                0x20000634       0x30 ./Libs/Src/network.o
 .data.gemm_2_layer
                0x20000664       0x1c ./Libs/Src/network.o
 .data.__compound_literal.84
                0x20000680        0x4 ./Libs/Src/network.o
 .data.__compound_literal.85
                0x20000684        0x4 ./Libs/Src/network.o
 .data.__compound_literal.88
                0x20000688       0x30 ./Libs/Src/network.o
 .data.nl_1_nl_layer
                0x200006b8       0x20 ./Libs/Src/network.o
 .data.__compound_literal.89
                0x200006d8        0x4 ./Libs/Src/network.o
 .data.__compound_literal.90
                0x200006dc        0x4 ./Libs/Src/network.o
 .data.__compound_literal.91
                0x200006e0        0x8 ./Libs/Src/network.o
 .data.__compound_literal.92
                0x200006e8        0x4 ./Libs/Src/network.o
 .data.__compound_literal.93
                0x200006ec       0x30 ./Libs/Src/network.o
 .data.gemm_1_layer
                0x2000071c       0x1c ./Libs/Src/network.o
 .data.__compound_literal.94
                0x20000738        0x4 ./Libs/Src/network.o
 .data.__compound_literal.95
                0x2000073c        0x4 ./Libs/Src/network.o
 .data.__compound_literal.96
                0x20000740        0x8 ./Libs/Src/network.o
 .data.__compound_literal.97
                0x20000748        0x4 ./Libs/Src/network.o
 .data.__compound_literal.98
                0x2000074c       0x30 ./Libs/Src/network.o
 .data.gemm_0_layer
                0x2000077c       0x1c ./Libs/Src/network.o
 .data.__compound_literal.99
                0x20000798       0x10 ./Libs/Src/network.o
 .data.__compound_literal.100
                0x200007a8       0x1c ./Libs/Src/network.o
 .data.__compound_literal.101
                0x200007c4       0x10 ./Libs/Src/network.o
 .data.__compound_literal.102
                0x200007d4       0x1c ./Libs/Src/network.o
 .data.__compound_literal.103
                0x200007f0        0x4 ./Libs/Src/network.o
 .data.__compound_literal.107
                0x200007f4        0xc ./Libs/Src/network.o
 .data.__compound_literal.108
                0x20000800        0x4 ./Libs/Src/network.o
 .data.__compound_literal.112
                0x20000804        0xc ./Libs/Src/network.o
 .data.__compound_literal.113
                0x20000810       0x18 ./Libs/Src/network.o
 .data.g_network
                0x20000828       0x4c ./Libs/Src/network.o
 .data.__compound_literal.0
                0x20000874       0x10 ./Libs/Src/network_data.o
 .data.g_network_data_map_activations
                0x20000884       0x1c ./Libs/Src/network_data.o
                0x20000884                g_network_data_map_activations
 .data.__compound_literal.1
                0x200008a0       0x10 ./Libs/Src/network_data.o
 .data.g_network_data_map_weights
                0x200008b0       0x1c ./Libs/Src/network_data.o
                0x200008b0                g_network_data_map_weights
 .data.g_network_activations_table
                0x200008cc        0xc ./Libs/Src/network_data_params.o
                0x200008cc                g_network_activations_table
 .data.g_network_weights_table
                0x200008d8        0xc ./Libs/Src/network_data_params.o
                0x200008d8                g_network_weights_table
 .data.PR       0x200008e4        0x4 ./Libs/Src/user_mlx.o
 .data.PG       0x200008e8        0x4 ./Libs/Src/user_mlx.o
 .data.PT       0x200008ec        0x4 ./Libs/Src/user_mlx.o
 .data.PO       0x200008f0        0x4 ./Libs/Src/user_mlx.o
 .data.Ea       0x200008f4        0x4 ./Libs/Src/user_mlx.o
 .data.Eb       0x200008f8        0x4 ./Libs/Src/user_mlx.o
 .data.Fa       0x200008fc        0x4 ./Libs/Src/user_mlx.o
 .data.Fb       0x20000900        0x4 ./Libs/Src/user_mlx.o
 .data.Ga       0x20000904        0x4 ./Libs/Src/user_mlx.o
 .data.Ha       0x20000908        0x2 ./Libs/Src/user_mlx.o
 .data.Gb       0x2000090a        0x2 ./Libs/Src/user_mlx.o
 .data.Ka       0x2000090c        0x2 ./Libs/Src/user_mlx.o
 *fill*         0x2000090e        0x2 
 .data._impure_ptr
                0x20000910        0x4 C:/ST/STM32CubeIDE_1.18.1/STM32CubeIDE/plugins/com.st.stm32cube.ide.mcu.externaltools.gnu-tools-for-stm32.13.3.rel1.win32_1.0.0.202411081344/tools/bin/../lib/gcc/arm-none-eabi/13.3.1/../../../../arm-none-eabi/lib/thumb/v8-m.main+fp/hard\libc_nano.a(libc_a-impure.o)
                0x20000910                _impure_ptr
 .data._impure_data
                0x20000914       0x4c C:/ST/STM32CubeIDE_1.18.1/STM32CubeIDE/plugins/com.st.stm32cube.ide.mcu.externaltools.gnu-tools-for-stm32.13.3.rel1.win32_1.0.0.202411081344/tools/bin/../lib/gcc/arm-none-eabi/13.3.1/../../../../arm-none-eabi/lib/thumb/v8-m.main+fp/hard\libc_nano.a(libc_a-impure.o)
                0x20000914                _impure_data
 *(.RamFunc)
 *(.RamFunc*)
                0x20000960                        _edata = .

.igot.plt       0x20000960        0x0 load address 0x0800ad40
 .igot.plt      0x20000960        0x0 C:/ST/STM32CubeIDE_1.18.1/STM32CubeIDE/plugins/com.st.stm32cube.ide.mcu.externaltools.gnu-tools-for-stm32.13.3.rel1.win32_1.0.0.202411081344/tools/bin/../lib/gcc/arm-none-eabi/13.3.1/thumb/v8-m.main+fp/hard/crtbegin.o

.bss            0x20000960      0x768 load address 0x0800ad40
                0x20000960                        _sbss = .
                0x20000960                        __bss_start__ = _sbss
 *(.bss)
 .bss           0x20000960       0x1c C:/ST/STM32CubeIDE_1.18.1/STM32CubeIDE/plugins/com.st.stm32cube.ide.mcu.externaltools.gnu-tools-for-stm32.13.3.rel1.win32_1.0.0.202411081344/tools/bin/../lib/gcc/arm-none-eabi/13.3.1/thumb/v8-m.main+fp/hard/crtbegin.o
 *(.bss*)
 .bss.hi2c1     0x2000097c       0x54 ./Core/Src/main.o
                0x2000097c                hi2c1
 .bss.htim1     0x200009d0       0x4c ./Core/Src/main.o
                0x200009d0                htim1
 .bss.htim16    0x20000a1c       0x4c ./Core/Src/main.o
                0x20000a1c                htim16
 .bss.temp      0x20000a68        0x8 ./Core/Src/main.o
                0x20000a68                temp
 .bss.timerr    0x20000a70        0x4 ./Core/Src/main.o
                0x20000a70                timerr
 .bss.timerr1   0x20000a74        0x4 ./Core/Src/main.o
                0x20000a74                timerr1
 .bss.timerr2   0x20000a78        0x4 ./Core/Src/main.o
                0x20000a78                timerr2
 *fill*         0x20000a7c        0x4 
 .bss.gDetector
                0x20000a80      0x348 ./Core/Src/main.o
                0x20000a80                gDetector
 .bss.gLastResult
                0x20000dc8       0x28 ./Core/Src/main.o
                0x20000dc8                gLastResult
 .bss.gStats    0x20000df0       0x40 ./Core/Src/main.o
                0x20000df0                gStats
 .bss.uwTick    0x20000e30        0x4 ./Drivers/STM32U5xx_HAL_Driver/Src/stm32u5xx_hal.o
                0x20000e30                uwTick
 *fill*         0x20000e34        0x4 
 .bss.emissivity
                0x20000e38        0x8 ./Libs/Src/mlx90632.o
 .bss.g_network_activations_map
                0x20000e40        0x4 ./Libs/Src/network.o
 .bss.g_network_weights_map
                0x20000e44        0x4 ./Libs/Src/network.o
 .bss.__compound_literal.76
                0x20000e48        0x4 ./Libs/Src/network.o
 .bss.__compound_literal.77
                0x20000e4c        0x4 ./Libs/Src/network.o
 .bss.__compound_literal.86
                0x20000e50        0x4 ./Libs/Src/network.o
 .bss.__compound_literal.87
                0x20000e54        0x4 ./Libs/Src/network.o
 .bss.__compound_literal.104
                0x20000e58       0x1c ./Libs/Src/network.o
 .bss.__compound_literal.105
                0x20000e74       0x10 ./Libs/Src/network.o
 .bss.__compound_literal.106
                0x20000e84        0x8 ./Libs/Src/network.o
 .bss.__compound_literal.109
                0x20000e8c       0x1c ./Libs/Src/network.o
 .bss.__compound_literal.110
                0x20000ea8       0x10 ./Libs/Src/network.o
 .bss.__compound_literal.111
                0x20000eb8        0x8 ./Libs/Src/network.o
 .bss.net_handle
                0x20000ec0        0x4 ./Libs/Src/user_ai.o
                0x20000ec0                net_handle
 .bss.ai_input  0x20000ec4       0x1c ./Libs/Src/user_ai.o
                0x20000ec4                ai_input
 .bss.ai_output
                0x20000ee0       0x1c ./Libs/Src/user_ai.o
                0x20000ee0                ai_output
 *fill*         0x20000efc        0x4 
 .bss.activations.0
                0x20000f00       0x60 ./Libs/Src/user_ai.o
 .bss.ambient_new_raw
                0x20000f60        0x2 ./Libs/Src/user_mlx.o
 .bss.ambient_old_raw
                0x20000f62        0x2 ./Libs/Src/user_mlx.o
 .bss.object_new_raw
                0x20000f64        0x2 ./Libs/Src/user_mlx.o
 .bss.object_old_raw
                0x20000f66        0x2 ./Libs/Src/user_mlx.o
 .bss.Hb        0x20000f68        0x2 ./Libs/Src/user_mlx.o
 *fill*         0x20000f6a        0x6 
 .bss.pre_ambient
                0x20000f70        0x8 ./Libs/Src/user_mlx.o
 .bss.pre_object
                0x20000f78        0x8 ./Libs/Src/user_mlx.o
 .bss.ambient   0x20000f80        0x8 ./Libs/Src/user_mlx.o
 .bss.object    0x20000f88        0x8 ./Libs/Src/user_mlx.o
 .bss.__sf      0x20000f90      0x138 C:/ST/STM32CubeIDE_1.18.1/STM32CubeIDE/plugins/com.st.stm32cube.ide.mcu.externaltools.gnu-tools-for-stm32.13.3.rel1.win32_1.0.0.202411081344/tools/bin/../lib/gcc/arm-none-eabi/13.3.1/../../../../arm-none-eabi/lib/thumb/v8-m.main+fp/hard\libc_nano.a(libc_a-findfp.o)
                0x20000f90                __sf
 *(COMMON)
                0x200010c8                        _ebss = .
                0x200010c8                        __bss_end__ = _ebss

._user_heap_stack
                0x200010c8     0x1000 load address 0x0800ad40
                0x200010c8                        . = ALIGN (0x8)
                [!provide]                        PROVIDE (end = .)
                0x200010c8                        PROVIDE (_end = .)
                0x200018c8                        . = (. + _Min_Heap_Size)
 *fill*         0x200010c8      0x800 
                0x200020c8                        . = (. + _Min_Stack_Size)
 *fill*         0x200018c8      0x800 
                0x200020c8                        . = ALIGN (0x8)

/DISCARD/
 libc.a(*)
 libm.a(*)
 libgcc.a(*)

.ARM.attributes
                0x00000000       0x36
 *(.ARM.attributes)
 .ARM.attributes
                0x00000000       0x26 C:/ST/STM32CubeIDE_1.18.1/STM32CubeIDE/plugins/com.st.stm32cube.ide.mcu.externaltools.gnu-tools-for-stm32.13.3.rel1.win32_1.0.0.202411081344/tools/bin/../lib/gcc/arm-none-eabi/13.3.1/thumb/v8-m.main+fp/hard/crti.o
 .ARM.attributes
                0x00000026       0x38 C:/ST/STM32CubeIDE_1.18.1/STM32CubeIDE/plugins/com.st.stm32cube.ide.mcu.externaltools.gnu-tools-for-stm32.13.3.rel1.win32_1.0.0.202411081344/tools/bin/../lib/gcc/arm-none-eabi/13.3.1/thumb/v8-m.main+fp/hard/crtbegin.o
 .ARM.attributes
                0x0000005e       0x3a ./Core/Src/main.o
 .ARM.attributes
                0x00000098       0x3a ./Core/Src/stm32u5xx_hal_msp.o
 .ARM.attributes
                0x000000d2       0x3a ./Core/Src/stm32u5xx_it.o
 .ARM.attributes
                0x0000010c       0x3a ./Core/Src/system_stm32u5xx.o
 .ARM.attributes
                0x00000146       0x24 ./Core/Startup/startup_stm32u575citx.o
 .ARM.attributes
                0x0000016a       0x3a ./Drivers/STM32U5xx_HAL_Driver/Src/stm32u5xx_hal.o
 .ARM.attributes
                0x000001a4       0x3a ./Drivers/STM32U5xx_HAL_Driver/Src/stm32u5xx_hal_cortex.o
 .ARM.attributes
                0x000001de       0x3a ./Drivers/STM32U5xx_HAL_Driver/Src/stm32u5xx_hal_gpio.o
 .ARM.attributes
                0x00000218       0x3a ./Drivers/STM32U5xx_HAL_Driver/Src/stm32u5xx_hal_i2c.o
 .ARM.attributes
                0x00000252       0x3a ./Drivers/STM32U5xx_HAL_Driver/Src/stm32u5xx_hal_i2c_ex.o
 .ARM.attributes
                0x0000028c       0x3a ./Drivers/STM32U5xx_HAL_Driver/Src/stm32u5xx_hal_icache.o
 .ARM.attributes
                0x000002c6       0x3a ./Drivers/STM32U5xx_HAL_Driver/Src/stm32u5xx_hal_pwr.o
 .ARM.attributes
                0x00000300       0x3a ./Drivers/STM32U5xx_HAL_Driver/Src/stm32u5xx_hal_pwr_ex.o
 .ARM.attributes
                0x0000033a       0x3a ./Drivers/STM32U5xx_HAL_Driver/Src/stm32u5xx_hal_rcc.o
 .ARM.attributes
                0x00000374       0x3a ./Drivers/STM32U5xx_HAL_Driver/Src/stm32u5xx_hal_rcc_ex.o
 .ARM.attributes
                0x000003ae       0x3a ./Drivers/STM32U5xx_HAL_Driver/Src/stm32u5xx_hal_tim.o
 .ARM.attributes
                0x000003e8       0x3a ./Drivers/STM32U5xx_HAL_Driver/Src/stm32u5xx_hal_tim_ex.o
 .ARM.attributes
                0x00000422       0x3a ./Libs/Src/anomaly_detector.o
 .ARM.attributes
                0x0000045c       0x3a ./Libs/Src/mlx90632.o
 .ARM.attributes
                0x00000496       0x3a ./Libs/Src/network.o
 .ARM.attributes
                0x000004d0       0x3a ./Libs/Src/network_data.o
 .ARM.attributes
                0x0000050a       0x3a ./Libs/Src/network_data_params.o
 .ARM.attributes
                0x00000544       0x3a ./Libs/Src/user_ai.o
 .ARM.attributes
                0x0000057e       0x3a ./Libs/Src/user_mlx.o
 .ARM.attributes
                0x000005b8       0x36 ../Middlewares/ST/AI/Lib\NetworkRuntime1020_CM33_GCC.a(ai_platform.o)
 .ARM.attributes
                0x000005ee       0x36 ../Middlewares/ST/AI/Lib\NetworkRuntime1020_CM33_GCC.a(ai_platform_interface.o)
 .ARM.attributes
                0x00000624       0x36 ../Middlewares/ST/AI/Lib\NetworkRuntime1020_CM33_GCC.a(core_common.o)
 .ARM.attributes
                0x0000065a       0x36 ../Middlewares/ST/AI/Lib\NetworkRuntime1020_CM33_GCC.a(layers.o)
 .ARM.attributes
                0x00000690       0x36 ../Middlewares/ST/AI/Lib\NetworkRuntime1020_CM33_GCC.a(layers_conv2d_stm32_integer.o)
 .ARM.attributes
                0x000006c6       0x36 ../Middlewares/ST/AI/Lib\NetworkRuntime1020_CM33_GCC.a(layers_nl_stm32_integer.o)
 .ARM.attributes
                0x000006fc       0x36 ../Middlewares/ST/AI/Lib\NetworkRuntime1020_CM33_GCC.a(forward_lite_dense_is8os8ws8_ch.o)
 .ARM.attributes
                0x00000732       0x36 ../Middlewares/ST/AI/Lib\NetworkRuntime1020_CM33_GCC.a(forward_lite_dense_is8os8ws8.o)
 .ARM.attributes
                0x00000768       0x36 ../Middlewares/ST/AI/Lib\NetworkRuntime1020_CM33_GCC.a(st_align_factor.o)
 .ARM.attributes
                0x0000079e       0x36 ../Middlewares/ST/AI/Lib\NetworkRuntime1020_CM33_GCC.a(st_sssa8_ch_dense.o)
 .ARM.attributes
                0x000007d4       0x36 ../Middlewares/ST/AI/Lib\NetworkRuntime1020_CM33_GCC.a(st_sssa8_dense.o)
 .ARM.attributes
                0x0000080a       0x36 ../Middlewares/ST/AI/Lib\NetworkRuntime1020_CM33_GCC.a(st_int8_reordered_no_shift.o)
 .ARM.attributes
                0x00000840       0x1c ../Middlewares/ST/AI/Lib\NetworkRuntime1020_CM33_GCC.a(st_sssa8_dense_loop.o)
 .ARM.attributes
                0x0000085c       0x36 ../Middlewares/ST/AI/Lib\NetworkRuntime1020_CM33_GCC.a(ai_datatypes_format.o)
 .ARM.attributes
                0x00000892       0x36 ../Middlewares/ST/AI/Lib\NetworkRuntime1020_CM33_GCC.a(ai_datatypes_internal.o)
 .ARM.attributes
                0x000008c8       0x38 C:/ST/STM32CubeIDE_1.18.1/STM32CubeIDE/plugins/com.st.stm32cube.ide.mcu.externaltools.gnu-tools-for-stm32.13.3.rel1.win32_1.0.0.202411081344/tools/bin/../lib/gcc/arm-none-eabi/13.3.1/../../../../arm-none-eabi/lib/thumb/v8-m.main+fp/hard\libc_nano.a(libc_a-findfp.o)
 .ARM.attributes
                0x00000900       0x38 C:/ST/STM32CubeIDE_1.18.1/STM32CubeIDE/plugins/com.st.stm32cube.ide.mcu.externaltools.gnu-tools-for-stm32.13.3.rel1.win32_1.0.0.202411081344/tools/bin/../lib/gcc/arm-none-eabi/13.3.1/../../../../arm-none-eabi/lib/thumb/v8-m.main+fp/hard\libc_nano.a(libc_a-memset.o)
 .ARM.attributes
                0x00000938       0x38 C:/ST/STM32CubeIDE_1.18.1/STM32CubeIDE/plugins/com.st.stm32cube.ide.mcu.externaltools.gnu-tools-for-stm32.13.3.rel1.win32_1.0.0.202411081344/tools/bin/../lib/gcc/arm-none-eabi/13.3.1/../../../../arm-none-eabi/lib/thumb/v8-m.main+fp/hard\libc_nano.a(libc_a-impure.o)
 .ARM.attributes
                0x00000970       0x38 C:/ST/STM32CubeIDE_1.18.1/STM32CubeIDE/plugins/com.st.stm32cube.ide.mcu.externaltools.gnu-tools-for-stm32.13.3.rel1.win32_1.0.0.202411081344/tools/bin/../lib/gcc/arm-none-eabi/13.3.1/../../../../arm-none-eabi/lib/thumb/v8-m.main+fp/hard\libc_nano.a(libc_a-errno.o)
 .ARM.attributes
                0x000009a8       0x38 C:/ST/STM32CubeIDE_1.18.1/STM32CubeIDE/plugins/com.st.stm32cube.ide.mcu.externaltools.gnu-tools-for-stm32.13.3.rel1.win32_1.0.0.202411081344/tools/bin/../lib/gcc/arm-none-eabi/13.3.1/../../../../arm-none-eabi/lib/thumb/v8-m.main+fp/hard\libc_nano.a(libc_a-init.o)
 .ARM.attributes
                0x000009e0       0x38 C:/ST/STM32CubeIDE_1.18.1/STM32CubeIDE/plugins/com.st.stm32cube.ide.mcu.externaltools.gnu-tools-for-stm32.13.3.rel1.win32_1.0.0.202411081344/tools/bin/../lib/gcc/arm-none-eabi/13.3.1/../../../../arm-none-eabi/lib/thumb/v8-m.main+fp/hard\libc_nano.a(libc_a-memcpy-stub.o)
 .ARM.attributes
                0x00000a18       0x38 C:/ST/STM32CubeIDE_1.18.1/STM32CubeIDE/plugins/com.st.stm32cube.ide.mcu.externaltools.gnu-tools-for-stm32.13.3.rel1.win32_1.0.0.202411081344/tools/bin/../lib/gcc/arm-none-eabi/13.3.1/../../../../arm-none-eabi/lib/thumb/v8-m.main+fp/hard\libm.a(libm_a-w_sqrt.o)
 .ARM.attributes
                0x00000a50       0x38 C:/ST/STM32CubeIDE_1.18.1/STM32CubeIDE/plugins/com.st.stm32cube.ide.mcu.externaltools.gnu-tools-for-stm32.13.3.rel1.win32_1.0.0.202411081344/tools/bin/../lib/gcc/arm-none-eabi/13.3.1/../../../../arm-none-eabi/lib/thumb/v8-m.main+fp/hard\libm.a(libm_a-e_sqrt.o)
 .ARM.attributes
                0x00000a88       0x26 C:/ST/STM32CubeIDE_1.18.1/STM32CubeIDE/plugins/com.st.stm32cube.ide.mcu.externaltools.gnu-tools-for-stm32.13.3.rel1.win32_1.0.0.202411081344/tools/bin/../lib/gcc/arm-none-eabi/13.3.1/thumb/v8-m.main+fp/hard\libgcc.a(_arm_addsubdf3.o)
 .ARM.attributes
                0x00000aae       0x26 C:/ST/STM32CubeIDE_1.18.1/STM32CubeIDE/plugins/com.st.stm32cube.ide.mcu.externaltools.gnu-tools-for-stm32.13.3.rel1.win32_1.0.0.202411081344/tools/bin/../lib/gcc/arm-none-eabi/13.3.1/thumb/v8-m.main+fp/hard\libgcc.a(_arm_muldivdf3.o)
 .ARM.attributes
                0x00000ad4       0x26 C:/ST/STM32CubeIDE_1.18.1/STM32CubeIDE/plugins/com.st.stm32cube.ide.mcu.externaltools.gnu-tools-for-stm32.13.3.rel1.win32_1.0.0.202411081344/tools/bin/../lib/gcc/arm-none-eabi/13.3.1/thumb/v8-m.main+fp/hard\libgcc.a(_arm_cmpdf2.o)
 .ARM.attributes
                0x00000afa       0x26 C:/ST/STM32CubeIDE_1.18.1/STM32CubeIDE/plugins/com.st.stm32cube.ide.mcu.externaltools.gnu-tools-for-stm32.13.3.rel1.win32_1.0.0.202411081344/tools/bin/../lib/gcc/arm-none-eabi/13.3.1/thumb/v8-m.main+fp/hard\libgcc.a(_arm_unorddf2.o)
 .ARM.attributes
                0x00000b20       0x26 C:/ST/STM32CubeIDE_1.18.1/STM32CubeIDE/plugins/com.st.stm32cube.ide.mcu.externaltools.gnu-tools-for-stm32.13.3.rel1.win32_1.0.0.202411081344/tools/bin/../lib/gcc/arm-none-eabi/13.3.1/thumb/v8-m.main+fp/hard\libgcc.a(_arm_fixdfsi.o)
 .ARM.attributes
                0x00000b46       0x38 C:/ST/STM32CubeIDE_1.18.1/STM32CubeIDE/plugins/com.st.stm32cube.ide.mcu.externaltools.gnu-tools-for-stm32.13.3.rel1.win32_1.0.0.202411081344/tools/bin/../lib/gcc/arm-none-eabi/13.3.1/thumb/v8-m.main+fp/hard\libgcc.a(_fixsfdi.o)
 .ARM.attributes
                0x00000b7e       0x38 C:/ST/STM32CubeIDE_1.18.1/STM32CubeIDE/plugins/com.st.stm32cube.ide.mcu.externaltools.gnu-tools-for-stm32.13.3.rel1.win32_1.0.0.202411081344/tools/bin/../lib/gcc/arm-none-eabi/13.3.1/thumb/v8-m.main+fp/hard\libgcc.a(_fixunssfdi.o)
 .ARM.attributes
                0x00000bb6       0x26 C:/ST/STM32CubeIDE_1.18.1/STM32CubeIDE/plugins/com.st.stm32cube.ide.mcu.externaltools.gnu-tools-for-stm32.13.3.rel1.win32_1.0.0.202411081344/tools/bin/../lib/gcc/arm-none-eabi/13.3.1/thumb/v8-m.main+fp/hard\libgcc.a(_arm_fixunsdfsi.o)
 .ARM.attributes
                0x00000bdc       0x26 C:/ST/STM32CubeIDE_1.18.1/STM32CubeIDE/plugins/com.st.stm32cube.ide.mcu.externaltools.gnu-tools-for-stm32.13.3.rel1.win32_1.0.0.202411081344/tools/bin/../lib/gcc/arm-none-eabi/13.3.1/thumb/v8-m.main+fp/hard/crtn.o
OUTPUT(khkt25_first.elf elf32-littlearm)
LOAD linker stubs
LOAD C:/ST/STM32CubeIDE_1.18.1/STM32CubeIDE/plugins/com.st.stm32cube.ide.mcu.externaltools.gnu-tools-for-stm32.13.3.rel1.win32_1.0.0.202411081344/tools/bin/../lib/gcc/arm-none-eabi/13.3.1/../../../../arm-none-eabi/lib/thumb/v8-m.main+fp/hard\libc.a
LOAD C:/ST/STM32CubeIDE_1.18.1/STM32CubeIDE/plugins/com.st.stm32cube.ide.mcu.externaltools.gnu-tools-for-stm32.13.3.rel1.win32_1.0.0.202411081344/tools/bin/../lib/gcc/arm-none-eabi/13.3.1/../../../../arm-none-eabi/lib/thumb/v8-m.main+fp/hard\libm.a
LOAD C:/ST/STM32CubeIDE_1.18.1/STM32CubeIDE/plugins/com.st.stm32cube.ide.mcu.externaltools.gnu-tools-for-stm32.13.3.rel1.win32_1.0.0.202411081344/tools/bin/../lib/gcc/arm-none-eabi/13.3.1/thumb/v8-m.main+fp/hard\libgcc.a

.debug_info     0x00000000    0x17880
 .debug_info    0x00000000     0x2168 ./Core/Src/main.o
 .debug_info    0x00002168     0x158b ./Core/Src/stm32u5xx_hal_msp.o
 .debug_info    0x000036f3      0x171 ./Core/Src/stm32u5xx_it.o
 .debug_info    0x00003864      0x929 ./Core/Src/system_stm32u5xx.o
 .debug_info    0x0000418d       0x30 ./Core/Startup/startup_stm32u575citx.o
 .debug_info    0x000041bd     0x11dd ./Drivers/STM32U5xx_HAL_Driver/Src/stm32u5xx_hal.o
 .debug_info    0x0000539a     0x163a ./Drivers/STM32U5xx_HAL_Driver/Src/stm32u5xx_hal_cortex.o
 .debug_info    0x000069d4      0x859 ./Drivers/STM32U5xx_HAL_Driver/Src/stm32u5xx_hal_gpio.o
 .debug_info    0x0000722d     0x232e ./Drivers/STM32U5xx_HAL_Driver/Src/stm32u5xx_hal_i2c.o
 .debug_info    0x0000955b      0x9ff ./Drivers/STM32U5xx_HAL_Driver/Src/stm32u5xx_hal_i2c_ex.o
 .debug_info    0x00009f5a      0x4d6 ./Drivers/STM32U5xx_HAL_Driver/Src/stm32u5xx_hal_icache.o
 .debug_info    0x0000a430      0xa5e ./Drivers/STM32U5xx_HAL_Driver/Src/stm32u5xx_hal_pwr.o
 .debug_info    0x0000ae8e      0xe3e ./Drivers/STM32U5xx_HAL_Driver/Src/stm32u5xx_hal_pwr_ex.o
 .debug_info    0x0000bccc     0x11f0 ./Drivers/STM32U5xx_HAL_Driver/Src/stm32u5xx_hal_rcc.o
 .debug_info    0x0000cebc     0x157f ./Drivers/STM32U5xx_HAL_Driver/Src/stm32u5xx_hal_rcc_ex.o
 .debug_info    0x0000e43b     0x2e54 ./Drivers/STM32U5xx_HAL_Driver/Src/stm32u5xx_hal_tim.o
 .debug_info    0x0001128f     0x22e0 ./Drivers/STM32U5xx_HAL_Driver/Src/stm32u5xx_hal_tim_ex.o
 .debug_info    0x0001356f      0x48e ./Libs/Src/anomaly_detector.o
 .debug_info    0x000139fd      0x7d8 ./Libs/Src/mlx90632.o
 .debug_info    0x000141d5     0x1c0c ./Libs/Src/network.o
 .debug_info    0x00015de1      0x600 ./Libs/Src/network_data.o
 .debug_info    0x000163e1      0x14b ./Libs/Src/network_data_params.o
 .debug_info    0x0001652c      0x5f3 ./Libs/Src/user_ai.o
 .debug_info    0x00016b1f      0xd61 ./Libs/Src/user_mlx.o

.debug_abbrev   0x00000000     0x32ba
 .debug_abbrev  0x00000000      0x359 ./Core/Src/main.o
 .debug_abbrev  0x00000359      0x246 ./Core/Src/stm32u5xx_hal_msp.o
 .debug_abbrev  0x0000059f       0xa0 ./Core/Src/stm32u5xx_it.o
 .debug_abbrev  0x0000063f      0x129 ./Core/Src/system_stm32u5xx.o
 .debug_abbrev  0x00000768       0x24 ./Core/Startup/startup_stm32u575citx.o
 .debug_abbrev  0x0000078c      0x2a5 ./Drivers/STM32U5xx_HAL_Driver/Src/stm32u5xx_hal.o
 .debug_abbrev  0x00000a31      0x311 ./Drivers/STM32U5xx_HAL_Driver/Src/stm32u5xx_hal_cortex.o
 .debug_abbrev  0x00000d42      0x25a ./Drivers/STM32U5xx_HAL_Driver/Src/stm32u5xx_hal_gpio.o
 .debug_abbrev  0x00000f9c      0x271 ./Drivers/STM32U5xx_HAL_Driver/Src/stm32u5xx_hal_i2c.o
 .debug_abbrev  0x0000120d      0x1c0 ./Drivers/STM32U5xx_HAL_Driver/Src/stm32u5xx_hal_i2c_ex.o
 .debug_abbrev  0x000013cd      0x228 ./Drivers/STM32U5xx_HAL_Driver/Src/stm32u5xx_hal_icache.o
 .debug_abbrev  0x000015f5      0x235 ./Drivers/STM32U5xx_HAL_Driver/Src/stm32u5xx_hal_pwr.o
 .debug_abbrev  0x0000182a      0x215 ./Drivers/STM32U5xx_HAL_Driver/Src/stm32u5xx_hal_pwr_ex.o
 .debug_abbrev  0x00001a3f      0x2cb ./Drivers/STM32U5xx_HAL_Driver/Src/stm32u5xx_hal_rcc.o
 .debug_abbrev  0x00001d0a      0x23d ./Drivers/STM32U5xx_HAL_Driver/Src/stm32u5xx_hal_rcc_ex.o
 .debug_abbrev  0x00001f47      0x2bd ./Drivers/STM32U5xx_HAL_Driver/Src/stm32u5xx_hal_tim.o
 .debug_abbrev  0x00002204      0x2d6 ./Drivers/STM32U5xx_HAL_Driver/Src/stm32u5xx_hal_tim_ex.o
 .debug_abbrev  0x000024da      0x1aa ./Libs/Src/anomaly_detector.o
 .debug_abbrev  0x00002684      0x1ff ./Libs/Src/mlx90632.o
 .debug_abbrev  0x00002883      0x360 ./Libs/Src/network.o
 .debug_abbrev  0x00002be3      0x205 ./Libs/Src/network_data.o
 .debug_abbrev  0x00002de8       0xa3 ./Libs/Src/network_data_params.o
 .debug_abbrev  0x00002e8b      0x1d3 ./Libs/Src/user_ai.o
 .debug_abbrev  0x0000305e      0x25c ./Libs/Src/user_mlx.o

.debug_aranges  0x00000000     0x1518
 .debug_aranges
                0x00000000       0x70 ./Core/Src/main.o
 .debug_aranges
                0x00000070       0x48 ./Core/Src/stm32u5xx_hal_msp.o
 .debug_aranges
                0x000000b8       0x70 ./Core/Src/stm32u5xx_it.o
 .debug_aranges
                0x00000128       0x28 ./Core/Src/system_stm32u5xx.o
 .debug_aranges
                0x00000150       0x28 ./Core/Startup/startup_stm32u575citx.o
 .debug_aranges
                0x00000178      0x148 ./Drivers/STM32U5xx_HAL_Driver/Src/stm32u5xx_hal.o
 .debug_aranges
                0x000002c0      0x140 ./Drivers/STM32U5xx_HAL_Driver/Src/stm32u5xx_hal_cortex.o
 .debug_aranges
                0x00000400       0x78 ./Drivers/STM32U5xx_HAL_Driver/Src/stm32u5xx_hal_gpio.o
 .debug_aranges
                0x00000478      0x2a0 ./Drivers/STM32U5xx_HAL_Driver/Src/stm32u5xx_hal_i2c.o
 .debug_aranges
                0x00000718       0x58 ./Drivers/STM32U5xx_HAL_Driver/Src/stm32u5xx_hal_i2c_ex.o
 .debug_aranges
                0x00000770       0xa8 ./Drivers/STM32U5xx_HAL_Driver/Src/stm32u5xx_hal_icache.o
 .debug_aranges
                0x00000818       0xb0 ./Drivers/STM32U5xx_HAL_Driver/Src/stm32u5xx_hal_pwr.o
 .debug_aranges
                0x000008c8      0x200 ./Drivers/STM32U5xx_HAL_Driver/Src/stm32u5xx_hal_pwr_ex.o
 .debug_aranges
                0x00000ac8       0xa8 ./Drivers/STM32U5xx_HAL_Driver/Src/stm32u5xx_hal_rcc.o
 .debug_aranges
                0x00000b70      0x160 ./Drivers/STM32U5xx_HAL_Driver/Src/stm32u5xx_hal_rcc_ex.o
 .debug_aranges
                0x00000cd0      0x3e8 ./Drivers/STM32U5xx_HAL_Driver/Src/stm32u5xx_hal_tim.o
 .debug_aranges
                0x000010b8      0x250 ./Drivers/STM32U5xx_HAL_Driver/Src/stm32u5xx_hal_tim_ex.o
 .debug_aranges
                0x00001308       0x48 ./Libs/Src/anomaly_detector.o
 .debug_aranges
                0x00001350       0x80 ./Libs/Src/mlx90632.o
 .debug_aranges
                0x000013d0       0x80 ./Libs/Src/network.o
 .debug_aranges
                0x00001450       0x38 ./Libs/Src/network_data.o
 .debug_aranges
                0x00001488       0x18 ./Libs/Src/network_data_params.o
 .debug_aranges
                0x000014a0       0x28 ./Libs/Src/user_ai.o
 .debug_aranges
                0x000014c8       0x50 ./Libs/Src/user_mlx.o

.debug_rnglists
                0x00000000     0x1036
 .debug_rnglists
                0x00000000       0x56 ./Core/Src/main.o
 .debug_rnglists
                0x00000056       0x32 ./Core/Src/stm32u5xx_hal_msp.o
 .debug_rnglists
                0x00000088       0x4f ./Core/Src/stm32u5xx_it.o
 .debug_rnglists
                0x000000d7       0x1a ./Core/Src/system_stm32u5xx.o
 .debug_rnglists
                0x000000f1       0x19 ./Core/Startup/startup_stm32u575citx.o
 .debug_rnglists
                0x0000010a       0xf3 ./Drivers/STM32U5xx_HAL_Driver/Src/stm32u5xx_hal.o
 .debug_rnglists
                0x000001fd       0xec ./Drivers/STM32U5xx_HAL_Driver/Src/stm32u5xx_hal_cortex.o
 .debug_rnglists
                0x000002e9       0x5a ./Drivers/STM32U5xx_HAL_Driver/Src/stm32u5xx_hal_gpio.o
 .debug_rnglists
                0x00000343      0x228 ./Drivers/STM32U5xx_HAL_Driver/Src/stm32u5xx_hal_i2c.o
 .debug_rnglists
                0x0000056b       0x43 ./Drivers/STM32U5xx_HAL_Driver/Src/stm32u5xx_hal_i2c_ex.o
 .debug_rnglists
                0x000005ae       0x7a ./Drivers/STM32U5xx_HAL_Driver/Src/stm32u5xx_hal_icache.o
 .debug_rnglists
                0x00000628       0x80 ./Drivers/STM32U5xx_HAL_Driver/Src/stm32u5xx_hal_pwr.o
 .debug_rnglists