../Core/Src/main.c:75:6:notify	16	static
../Core/Src/main.c:101:6:HAL_GPIO_EXTI_Rising_Callback	24	static
../Core/Src/main.c:118:6:HAL_GPIO_EXTI_Falling_Callback	16	static
../Core/Src/main.c:131:5:main	8	static
../Core/Src/main.c:213:6:SystemClock_Config	128	static
../Core/Src/main.c:268:13:MX_I2C1_Init	8	static
../Core/Src/main.c:316:13:MX_ICACHE_Init	8	static
../Core/Src/main.c:344:13:MX_TIM1_Init	120	static
../Core/Src/main.c:430:13:MX_TIM16_Init	8	static
../Core/Src/main.c:462:13:MX_GPIO_Init	40	static
../Core/Src/main.c:519:6:Error_Handler	4	static,ignoring_inline_asm
