../Core/Src/main.c:82:6:notify	16	static
../Core/Src/main.c:113:6:HAL_GPIO_EXTI_Falling_Callback	24	static
../Core/Src/main.c:130:6:HAL_GPIO_EXTI_Rising_Callback	16	static
../Core/Src/main.c:143:5:main	8	static
../Core/Src/main.c:225:6:SystemClock_Config	128	static
../Core/Src/main.c:280:13:MX_I2C1_Init	8	static
../Core/Src/main.c:328:13:MX_ICACHE_Init	8	static
../Core/Src/main.c:356:13:MX_TIM1_Init	120	static
../Core/Src/main.c:438:13:MX_TIM16_Init	8	static
../Core/Src/main.c:470:13:MX_GPIO_Init	40	static
../Core/Src/main.c:524:6:Error_Handler	4	static,ignoring_inline_asm
