../Libs/Src/mlx90632.c:56:12:mlx90632_start_measurement	24	static
../Libs/Src/mlx90632.c:106:16:mlx90632_channel_new_select	24	static
../Libs/Src/mlx90632.c:139:16:mlx90632_read_temp_ambient_raw	24	static
../Libs/Src/mlx90632.c:171:16:mlx90632_read_temp_object_raw	40	static
../Libs/Src/mlx90632.c:207:9:mlx90632_read_temp_raw	32	static
../Libs/Src/mlx90632.c:229:8:mlx90632_preprocess_temp_ambient	40	static
../Libs/Src/mlx90632.c:239:8:mlx90632_preprocess_temp_object	40	static
../Libs/Src/mlx90632.c:251:8:mlx90632_calc_temp_ambient	72	static
../Libs/Src/mlx90632.c:287:15:mlx90632_calc_temp_object_iteration	144	static
../Libs/Src/mlx90632.c:313:6:mlx90632_set_emissivity	16	static
../Libs/Src/mlx90632.c:318:8:mlx90632_get_emissivity	8	static
../Libs/Src/mlx90632.c:330:8:mlx90632_calc_temp_object	80	static
../Libs/Src/mlx90632.c:351:9:mlx90632_init	16	static
