Archive member included to satisfy reference by file (symbol)

../Middlewares/ST/AI/Lib\NetworkRuntime1020_CM33_GCC.a(ai_platform.o)
                              ./Libs/Src/network.o (ai_buffer_array_item_set_address)
../Middlewares/ST/AI/Lib\NetworkRuntime1020_CM33_GCC.a(ai_platform_interface.o)
                              ./Libs/Src/network.o (ai_platform_get_weights_map)
../Middlewares/ST/AI/Lib\NetworkRuntime1020_CM33_GCC.a(core_common.o)
                              ../Middlewares/ST/AI/Lib\NetworkRuntime1020_CM33_GCC.a(ai_platform_interface.o) (core_init)
../Middlewares/ST/AI/Lib\NetworkRuntime1020_CM33_GCC.a(core_mem_manager.o)
                              ../Middlewares/ST/AI/Lib\NetworkRuntime1020_CM33_GCC.a(ai_platform_interface.o) (core_mem_alloc)
../Middlewares/ST/AI/Lib\NetworkRuntime1020_CM33_GCC.a(layers.o)
                              ../Middlewares/ST/AI/Lib\NetworkRuntime1020_CM33_GCC.a(ai_platform_interface.o) (ai_check_custom_types)
../Middlewares/ST/AI/Lib\NetworkRuntime1020_CM33_GCC.a(layers_conv2d_generic_float.o)
                              ./X-CUBE-AI/App/networkk.o (forward_dense)
../Middlewares/ST/AI/Lib\NetworkRuntime1020_CM33_GCC.a(layers_conv2d_stm32_integer.o)
                              ./Libs/Src/network.o (forward_dense_integer_SSSA)
../Middlewares/ST/AI/Lib\NetworkRuntime1020_CM33_GCC.a(layers_nl_generic_float.o)
                              ./X-CUBE-AI/App/networkk.o (forward_relu)
../Middlewares/ST/AI/Lib\NetworkRuntime1020_CM33_GCC.a(layers_nl_stm32_integer.o)
                              ./Libs/Src/network.o (forward_relu_integer)
../Middlewares/ST/AI/Lib\NetworkRuntime1020_CM33_GCC.a(layers_conv2d_integer_scratch.o)
                              ../Middlewares/ST/AI/Lib\NetworkRuntime1020_CM33_GCC.a(layers.o) (get_dense_scratch_size_s8)
../Middlewares/ST/AI/Lib\NetworkRuntime1020_CM33_GCC.a(forward_lite_conv2d_if32of32wf32.o)
                              ../Middlewares/ST/AI/Lib\NetworkRuntime1020_CM33_GCC.a(layers_conv2d_generic_float.o) (forward_lite_conv2d_if32of32wf32)
../Middlewares/ST/AI/Lib\NetworkRuntime1020_CM33_GCC.a(forward_lite_dense_is8os8ws8_ch.o)
                              ../Middlewares/ST/AI/Lib\NetworkRuntime1020_CM33_GCC.a(layers_conv2d_stm32_integer.o) (forward_lite_dense_is8os8ws8_ch)
../Middlewares/ST/AI/Lib\NetworkRuntime1020_CM33_GCC.a(forward_lite_dense_is8os8ws8.o)
                              ../Middlewares/ST/AI/Lib\NetworkRuntime1020_CM33_GCC.a(layers_conv2d_stm32_integer.o) (forward_lite_dense_is8os8ws8)
../Middlewares/ST/AI/Lib\NetworkRuntime1020_CM33_GCC.a(lite_nl_softmax_if32of32.o)
                              ../Middlewares/ST/AI/Lib\NetworkRuntime1020_CM33_GCC.a(layers_nl_generic_float.o) (forward_lite_nl_softmax_if32of32_kernel)
../Middlewares/ST/AI/Lib\NetworkRuntime1020_CM33_GCC.a(lite_nl_relu_if32of32.o)
                              ../Middlewares/ST/AI/Lib\NetworkRuntime1020_CM33_GCC.a(layers_nl_generic_float.o) (forward_lite_nl_prelu_if32of32_kernel)
../Middlewares/ST/AI/Lib\NetworkRuntime1020_CM33_GCC.a(lite_dense_if32.o)
                              ../Middlewares/ST/AI/Lib\NetworkRuntime1020_CM33_GCC.a(layers_conv2d_generic_float.o) (lite_decompress_ilutof32)
../Middlewares/ST/AI/Lib\NetworkRuntime1020_CM33_GCC.a(lite_nl_generic_float.o)
                              ../Middlewares/ST/AI/Lib\NetworkRuntime1020_CM33_GCC.a(layers_nl_generic_float.o) (forward_lite_nl_softmax_if32of32)
../Middlewares/ST/AI/Lib\NetworkRuntime1020_CM33_GCC.a(lite_nl_generic_integer.o)
                              ../Middlewares/ST/AI/Lib\NetworkRuntime1020_CM33_GCC.a(layers_nl_stm32_integer.o) (forward_lite_nl_softmax_is8os8)
../Middlewares/ST/AI/Lib\NetworkRuntime1020_CM33_GCC.a(st_align_factor.o)
                              ../Middlewares/ST/AI/Lib\NetworkRuntime1020_CM33_GCC.a(layers_conv2d_stm32_integer.o) (align_factor)
../Middlewares/ST/AI/Lib\NetworkRuntime1020_CM33_GCC.a(st_sssa8_convolve.o)
                              ../Middlewares/ST/AI/Lib\NetworkRuntime1020_CM33_GCC.a(layers_conv2d_stm32_integer.o) (st_sssa8_convolve_rank1upd)
../Middlewares/ST/AI/Lib\NetworkRuntime1020_CM33_GCC.a(st_sssa8_convolve_1x1.o)
                              ../Middlewares/ST/AI/Lib\NetworkRuntime1020_CM33_GCC.a(layers_conv2d_stm32_integer.o) (st_sssa8_convolve_1x1_WeightsPrefetch)
../Middlewares/ST/AI/Lib\NetworkRuntime1020_CM33_GCC.a(st_sssa8_convolve_dw.o)
                              ../Middlewares/ST/AI/Lib\NetworkRuntime1020_CM33_GCC.a(layers_conv2d_stm32_integer.o) (st_sssa8_conv_dw_Wadapt)
../Middlewares/ST/AI/Lib\NetworkRuntime1020_CM33_GCC.a(st_sssa8_convolve_rgb.o)
                              ../Middlewares/ST/AI/Lib\NetworkRuntime1020_CM33_GCC.a(layers_conv2d_stm32_integer.o) (st_sssa8_convolve_rgb)
../Middlewares/ST/AI/Lib\NetworkRuntime1020_CM33_GCC.a(st_ssua8_ch_convolve.o)
[...]
Memory Configuration

Name             Origin             Length             Attributes
RAM              0x20000000         0x000c0000         xrw
SRAM4            0x28000000         0x00004000         xrw
FLASH            0x08000000         0x00200000         xr
*default*        0x00000000         0xffffffff

Linker script and memory map

LOAD C:/ST/STM32CubeIDE_1.18.1/STM32CubeIDE/plugins/com.st.stm32cube.ide.mcu.externaltools.gnu-tools-for-stm32.13.3.rel1.win32_1.0.0.202411081344/tools/bin/../lib/gcc/arm-none-eabi/13.3.1/thumb/v8-m.main+fp/hard/crti.o
LOAD C:/ST/STM32CubeIDE_1.18.1/STM32CubeIDE/plugins/com.st.stm32cube.ide.mcu.externaltools.gnu-tools-for-stm32.13.3.rel1.win32_1.0.0.202411081344/tools/bin/../lib/gcc/arm-none-eabi/13.3.1/thumb/v8-m.main+fp/hard/crtbegin.o
LOAD C:/ST/STM32CubeIDE_1.18.1/STM32CubeIDE/plugins/com.st.stm32cube.ide.mcu.externaltools.gnu-tools-for-stm32.13.3.rel1.win32_1.0.0.202411081344/tools/bin/../lib/gcc/arm-none-eabi/13.3.1/../../../../arm-none-eabi/lib/thumb/v8-m.main+fp/hard/crt0.o
LOAD ./Core/Src/main.o
LOAD ./Core/Src/stm32u5xx_hal_msp.o
LOAD ./Core/Src/stm32u5xx_it.o
LOAD ./Core/Src/sysmem.o
LOAD ./Core/Src/system_stm32u5xx.o
LOAD ./Core/Startup/startup_stm32u575citx.o
LOAD ./Drivers/STM32U5xx_HAL_Driver/Src/stm32u5xx_hal.o
LOAD ./Drivers/STM32U5xx_HAL_Driver/Src/stm32u5xx_hal_cortex.o
LOAD ./Drivers/STM32U5xx_HAL_Driver/Src/stm32u5xx_hal_dma.o
LOAD ./Drivers/STM32U5xx_HAL_Driver/Src/stm32u5xx_hal_dma_ex.o
LOAD ./Drivers/STM32U5xx_HAL_Driver/Src/stm32u5xx_hal_exti.o
LOAD ./Drivers/STM32U5xx_HAL_Driver/Src/stm32u5xx_hal_flash.o
LOAD ./Drivers/STM32U5xx_HAL_Driver/Src/stm32u5xx_hal_flash_ex.o
LOAD ./Drivers/STM32U5xx_HAL_Driver/Src/stm32u5xx_hal_gpio.o
LOAD ./Drivers/STM32U5xx_HAL_Driver/Src/stm32u5xx_hal_gtzc.o
LOAD ./Drivers/STM32U5xx_HAL_Driver/Src/stm32u5xx_hal_i2c.o
LOAD ./Drivers/STM32U5xx_HAL_Driver/Src/stm32u5xx_hal_i2c_ex.o
LOAD ./Drivers/STM32U5xx_HAL_Driver/Src/stm32u5xx_hal_icache.o
LOAD ./Drivers/STM32U5xx_HAL_Driver/Src/stm32u5xx_hal_pwr.o
LOAD ./Drivers/STM32U5xx_HAL_Driver/Src/stm32u5xx_hal_pwr_ex.o
LOAD ./Drivers/STM32U5xx_HAL_Driver/Src/stm32u5xx_hal_rcc.o
LOAD ./Drivers/STM32U5xx_HAL_Driver/Src/stm32u5xx_hal_rcc_ex.o
LOAD ./Drivers/STM32U5xx_HAL_Driver/Src/stm32u5xx_hal_tim.o
LOAD ./Drivers/STM32U5xx_HAL_Driver/Src/stm32u5xx_hal_tim_ex.o
LOAD ./Libs/Src/mlx90632.o
LOAD ./Libs/Src/network.o
LOAD ./Libs/Src/network_data.o
LOAD ./Libs/Src/network_data_params.o
LOAD ./Libs/Src/user_ai.o
LOAD ./Libs/Src/user_mlx.o
LOAD ./Libs/Src/user_syscalls.o
LOAD ./X-CUBE-AI/App/networkk.o
LOAD ./X-CUBE-AI/App/networkk_data.o
LOAD ./X-CUBE-AI/App/networkk_data_params.o
LOAD ../Middlewares/ST/AI/Lib\NetworkRuntime1020_CM33_GCC.a
START GROUP
LOAD C:/ST/STM32CubeIDE_1.18.1/STM32CubeIDE/plugins/com.st.stm32cube.ide.mcu.externaltools.gnu-tools-for-stm32.13.3.rel1.win32_1.0.0.202411081344/tools/bin/../lib/gcc/arm-none-eabi/13.3.1/../../../../arm-none-eabi/lib/thumb/v8-m.main+fp/hard\libc_nano.a
LOAD C:/ST/STM32CubeIDE_1.18.1/STM32CubeIDE/plugins/com.st.stm32cube.ide.mcu.externaltools.gnu-tools-for-stm32.13.3.rel1.win32_1.0.0.202411081344/tools/bin/../lib/gcc/arm-none-eabi/13.3.1/../../../../arm-none-eabi/lib/thumb/v8-m.main+fp/hard\libm.a
END GROUP
START GROUP
LOAD C:/ST/STM32CubeIDE_1.18.1/STM32CubeIDE/plugins/com.st.stm32cube.ide.mcu.externaltools.gnu-tools-for-stm32.13.3.rel1.win32_1.0.0.202411081344/tools/bin/../lib/gcc/arm-none-eabi/13.3.1/thumb/v8-m.main+fp/hard\libgcc.a
LOAD C:/ST/STM32CubeIDE_1.18.1/STM32CubeIDE/plugins/com.st.stm32cube.ide.mcu.externaltools.gnu-tools-for-stm32.13.3.rel1.win32_1.0.0.202411081344/tools/bin/../lib/gcc/arm-none-eabi/13.3.1/../../../../arm-none-eabi/lib/thumb/v8-m.main+fp/hard\libc_nano.a
END GROUP
START GROUP
LOAD C:/ST/STM32CubeIDE_1.18.1/STM32CubeIDE/plugins/com.st.stm32cube.ide.mcu.externaltools.gnu-tools-for-stm32.13.3.rel1.win32_1.0.0.202411081344/tools/bin/../lib/gcc/arm-none-eabi/13.3.1/thumb/v8-m.main+fp/hard\libgcc.a
LOAD C:/ST/STM32CubeIDE_1.18.1/STM32CubeIDE/plugins/com.st.stm32cube.ide.mcu.externaltools.gnu-tools-for-stm32.13.3.rel1.win32_1.0.0.202411081344/tools/bin/../lib/gcc/arm-none-eabi/13.3.1/../../../../arm-none-eabi/lib/thumb/v8-m.main+fp/hard\libc_nano.a
LOAD C:/ST/STM32CubeIDE_1.18.1/STM32CubeIDE/plugins/com.st.stm32cube.ide.mcu.externaltools.gnu-tools-for-stm32.13.3.rel1.win32_1.0.0.202411081344/tools/bin/../lib/gcc/arm-none-eabi/13.3.1/../../../../arm-none-eabi/lib/thumb/v8-m.main+fp/hard\libnosys.a
END GROUP
START GROUP
LOAD C:/ST/STM32CubeIDE_1.18.1/STM32CubeIDE/plugins/com.st.stm32cube.ide.mcu.externaltools.gnu-tools-for-stm32.13.3.rel1.win32_1.0.0.202411081344/tools/bin/../lib/gcc/arm-none-eabi/13.3.1/thumb/v8-m.main+fp/hard\libgcc.a
LOAD C:/ST/STM32CubeIDE_1.18.1/STM32CubeIDE/plugins/com.st.stm32cube.ide.mcu.externaltools.gnu-tools-for-stm32.13.3.rel1.win32_1.0.0.202411081344/tools/bin/../lib/gcc/arm-none-eabi/13.3.1/../../../../arm-none-eabi/lib/thumb/v8-m.main+fp/hard\libc_nano.a
LOAD C:/ST/STM32CubeIDE_1.18.1/STM32CubeIDE/plugins/com.st.stm32cube.ide.mcu.externaltools.gnu-tools-for-stm32.13.3.rel1.win32_1.0.0.202411081344/tools/bin/../lib/gcc/arm-none-eabi/13.3.1/../../../../arm-none-eabi/lib/thumb/v8-m.main+fp/hard\libnosys.a
END GROUP
LOAD C:/ST/STM32CubeIDE_1.18.1/STM32CubeIDE/plugins/com.st.stm32cube.ide.mcu.externaltools.gnu-tools-for-stm32.13.3.rel1.win32_1.0.0.202411081344/tools/bin/../lib/gcc/arm-none-eabi/13.3.1/thumb/v8-m.main+fp/hard/crtend.o
LOAD C:/ST/STM32CubeIDE_1.18.1/STM32CubeIDE/plugins/com.st.stm32cube.ide.mcu.externaltools.gnu-tools-for-stm32.13.3.rel1.win32_1.0.0.202411081344/tools/bin/../lib/gcc/arm-none-eabi/13.3.1/thumb/v8-m.main+fp/hard/crtn.o
                0x200c0000                        _estack = (ORIGIN (RAM) + LENGTH (RAM))
                0x00000800                        _Min_Heap_Size = 0x800
                0x00000800                        _Min_Stack_Size = 0x800

.isr_vector     0x08000000      0x238
 *(.isr_vector)
 .isr_vector    0x08000000      0x238 ./Core/Startup/startup_stm32u575citx.o
                0x08000000                g_pfnVectors

.text           0x08000240     0xa1bc
 *(.text)
 .text          0x08000240       0x40 C:/ST/STM32CubeIDE_1.18.1/STM32CubeIDE/plugins/com.st.stm32cube.ide.mcu.externaltools.gnu-tools-for-stm32.13.3.rel1.win32_1.0.0.202411081344/tools/bin/../lib/gcc/arm-none-eabi/13.3.1/thumb/v8-m.main+fp/hard/crtbegin.o
 .text          0x08000280      0x378 C:/ST/STM32CubeIDE_1.18.1/STM32CubeIDE/plugins/com.st.stm32cube.ide.mcu.externaltools.gnu-tools-for-stm32.13.3.rel1.win32_1.0.0.202411081344/tools/bin/../lib/gcc/arm-none-eabi/13.3.1/thumb/v8-m.main+fp/hard\libgcc.a(_arm_addsubdf3.o)
                0x08000280                __aeabi_drsub
                0x08000288                __aeabi_dsub
                0x08000288                __subdf3
                0x0800028c                __aeabi_dadd
                0x0800028c                __adddf3
                0x08000504                __floatunsidf
                0x08000504                __aeabi_ui2d
                0x08000524                __floatsidf
                0x08000524                __aeabi_i2d
                0x08000548                __aeabi_f2d
                0x08000548                __extendsfdf2
                0x0800058c                __floatundidf
                0x0800058c                __aeabi_ul2d
                0x0800059c                __floatdidf
                0x0800059c                __aeabi_l2d
 .text          0x080005f8      0x424 C:/ST/STM32CubeIDE_1.18.1/STM32CubeIDE/plugins/com.st.stm32cube.ide.mcu.externaltools.gnu-tools-for-stm32.13.3.rel1.win32_1.0.0.202411081344/tools/bin/../lib/gcc/arm-none-eabi/13.3.1/thumb/v8-m.main+fp/hard\libgcc.a(_arm_muldivdf3.o)
                0x080005f8                __aeabi_dmul
                0x080005f8                __muldf3
                0x0800084c                __divdf3
                0x0800084c                __aeabi_ddiv
 .text          0x08000a1c      0x110 C:/ST/STM32CubeIDE_1.18.1/STM32CubeIDE/plugins/com.st.stm32cube.ide.mcu.externaltools.gnu-tools-for-stm32.13.3.rel1.win32_1.0.0.202411081344/tools/bin/../lib/gcc/arm-none-eabi/13.3.1/thumb/v8-m.main+fp/hard\libgcc.a(_arm_cmpdf2.o)
                0x08000a1c                __gtdf2
                0x08000a1c                __gedf2
                0x08000a24                __ltdf2
                0x08000a24                __ledf2
                0x08000a2c                __nedf2
                0x08000a2c                __eqdf2
                0x08000a2c                __cmpdf2
                0x08000aa8                __aeabi_cdrcmple
                0x08000ab8                __aeabi_cdcmpeq
                0x08000ab8                __aeabi_cdcmple
                0x08000ac8                __aeabi_dcmpeq
                0x08000adc                __aeabi_dcmplt
                0x08000af0                __aeabi_dcmple
                0x08000b04                __aeabi_dcmpge
                0x08000b18                __aeabi_dcmpgt
 .text          0x08000b2c       0x2c C:/ST/STM32CubeIDE_1.18.1/STM32CubeIDE/plugins/com.st.stm32cube.ide.mcu.externaltools.gnu-tools-for-stm32.13.3.rel1.win32_1.0.0.202411081344/tools/bin/../lib/gcc/arm-none-eabi/13.3.1/thumb/v8-m.main+fp/hard\libgcc.a(_arm_unorddf2.o)
                0x08000b2c                __unorddf2
                0x08000b2c                __aeabi_dcmpun
 .text          0x08000b58       0x50 C:/ST/STM32CubeIDE_1.18.1/STM32CubeIDE/plugins/com.st.stm32cube.ide.mcu.externaltools.gnu-tools-for-stm32.13.3.rel1.win32_1.0.0.202411081344/tools/bin/../lib/gcc/arm-none-eabi/13.3.1/thumb/v8-m.main+fp/hard\libgcc.a(_arm_fixdfsi.o)
                0x08000b58                __aeabi_d2iz
                0x08000b58                __fixdfsi
 .text          0x08000ba8       0xa0 C:/ST/STM32CubeIDE_1.18.1/STM32CubeIDE/plugins/com.st.stm32cube.ide.mcu.externaltools.gnu-tools-for-stm32.13.3.rel1.win32_1.0.0.202411081344/tools/bin/../lib/gcc/arm-none-eabi/13.3.1/thumb/v8-m.main+fp/hard\libgcc.a(_arm_truncdfsf2.o)
                0x08000ba8                __truncdfsf2
                0x08000ba8                __aeabi_d2f
 .text          0x08000c48       0x28 C:/ST/STM32CubeIDE_1.18.1/STM32CubeIDE/plugins/com.st.stm32cube.ide.mcu.externaltools.gnu-tools-for-stm32.13.3.rel1.win32_1.0.0.202411081344/tools/bin/../lib/gcc/arm-none-eabi/13.3.1/thumb/v8-m.main+fp/hard\libgcc.a(_fixsfdi.o)
                0x08000c48                __fixsfdi
                0x08000c48                __aeabi_f2lz
 .text          0x08000c70       0x40 C:/ST/STM32CubeIDE_1.18.1/STM32CubeIDE/plugins/com.st.stm32cube.ide.mcu.externaltools.gnu-tools-for-stm32.13.3.rel1.win32_1.0.0.202411081344/tools/bin/../lib/gcc/arm-none-eabi/13.3.1/thumb/v8-m.main+fp/hard\libgcc.a(_fixunssfdi.o)
                0x08000c70                __fixunssfdi
                0x08000c70                __aeabi_f2ulz
 .text          0x08000cb0       0x40 C:/ST/STM32CubeIDE_1.18.1/STM32CubeIDE/plugins/com.st.stm32cube.ide.mcu.externaltools.gnu-tools-for-stm32.13.3.rel1.win32_1.0.0.202411081344/tools/bin/../lib/gcc/arm-none-eabi/13.3.1/thumb/v8-m.main+fp/hard\libgcc.a(_arm_fixunsdfsi.o)
                0x08000cb0                __aeabi_d2uiz
                0x08000cb0                __fixunsdfsi
 *(.text*)
 .text.notify   0x08000cf0       0xb4 ./Core/Src/main.o
                0x08000cf0                notify
 .text.HAL_GPIO_EXTI_Rising_Callback
                0x08000da4       0x98 ./Core/Src/main.o
                0x08000da4                HAL_GPIO_EXTI_Rising_Callback
 .text.HAL_GPIO_EXTI_Falling_Callback
                0x08000e3c       0x38 ./Core/Src/main.o
                0x08000e3c                HAL_GPIO_EXTI_Falling_Callback
 .text.main     0x08000e74      0x188 ./Core/Src/main.o
                0x08000e74                main
 .text.SystemClock_Config
                0x08000ffc       0xb8 ./Core/Src/main.o
                0x08000ffc                SystemClock_Config
 .text.MX_I2C1_Init
                0x080010b4       0x80 ./Core/Src/main.o
 .text.MX_ICACHE_Init
                0x08001134       0x16 ./Core/Src/main.o
 *fill*         0x0800114a        0x2 
 .text.MX_TIM1_Init
                0x0800114c      0x178 ./Core/Src/main.o
 .text.MX_TIM16_Init
                0x080012c4       0x4c ./Core/Src/main.o
 .text.MX_GPIO_Init
                0x08001310      0x108 ./Core/Src/main.o
 .text.Error_Handler
                0x08001418        0xc ./Core/Src/main.o
                0x08001418                Error_Handler
 .text.HAL_MspInit
                0x08001424       0x34 ./Core/Src/stm32u5xx_hal_msp.o
                0x08001424                HAL_MspInit
 .text.HAL_I2C_MspInit
                0x08001458       0xd0 ./Core/Src/stm32u5xx_hal_msp.o
                0x08001458                HAL_I2C_MspInit
 .text.HAL_TIM_Base_MspInit
                0x08001528       0x74 ./Core/Src/stm32u5xx_hal_msp.o
                0x08001528                HAL_TIM_Base_MspInit
 .text.HAL_TIM_MspPostInit
                0x0800159c       0x78 ./Core/Src/stm32u5xx_hal_msp.o
                0x0800159c                HAL_TIM_MspPostInit
 .text.NMI_Handler
                0x08001614        0x8 ./Core/Src/stm32u5xx_it.o
                0x08001614                NMI_Handler
 .text.HardFault_Handler
                0x0800161c        0x8 ./Core/Src/stm32u5xx_it.o
                0x0800161c                HardFault_Handler
 .text.MemManage_Handler
                0x08001624        0x8 ./Core/Src/stm32u5xx_it.o
                0x08001624                MemManage_Handler
 .text.BusFault_Handler
                0x0800162c        0x8 ./Core/Src/stm32u5xx_it.o
                0x0800162c                BusFault_Handler
 .text.UsageFault_Handler
                0x08001634        0x8 ./Core/Src/stm32u5xx_it.o
                0x08001634                UsageFault_Handler
 .text.SVC_Handler
                0x0800163c        0xe ./Core/Src/stm32u5xx_it.o
                0x0800163c                SVC_Handler
 .text.DebugMon_Handler
                0x0800164a        0xe ./Core/Src/stm32u5xx_it.o
                0x0800164a                DebugMon_Handler
 .text.PendSV_Handler
                0x08001658        0xe ./Core/Src/stm32u5xx_it.o
                0x08001658                PendSV_Handler
 .text.SysTick_Handler
                0x08001666        0xc ./Core/Src/stm32u5xx_it.o
                0x08001666                SysTick_Handler
 .text.EXTI0_IRQHandler
                0x08001672        0xe ./Core/Src/stm32u5xx_it.o
                0x08001672                EXTI0_IRQHandler
 .text.EXTI1_IRQHandler
                0x08001680        0xe ./Core/Src/stm32u5xx_it.o
                0x08001680                EXTI1_IRQHandler
 *fill*         0x0800168e        0x2 
 .text.SystemInit
                0x08001690       0x70 ./Core/Src/system_stm32u5xx.o
                0x08001690                SystemInit
 .text.Reset_Handler
                0x08001700       0x50 ./Core/Startup/startup_stm32u575citx.o
                0x08001700                Reset_Handler
 .text.Default_Handler
                0x08001750        0x2 ./Core/Startup/startup_stm32u575citx.o
                0x08001750                EXTI2_IRQHandler
                0x08001750                TIM8_TRG_COM_IRQHandler
                0x08001750                TIM8_CC_IRQHandler
                0x08001750                EXTI5_IRQHandler
                0x08001750                FLASH_S_IRQHandler
                0x08001750                EXTI13_IRQHandler
                0x08001750                TIM1_CC_IRQHandler
                0x08001750                TSC_IRQHandler
                0x08001750                TAMP_IRQHandler
                0x08001750                TIM6_IRQHandler
                0x08001750                EXTI12_IRQHandler
                0x08001750                CORDIC_IRQHandler
                0x08001750                EXTI3_IRQHandler
                0x08001750                LPTIM4_IRQHandler
                0x08001750                GPDMA1_Channel5_IRQHandler
                0x08001750                EXTI8_IRQHandler
                0x08001750                LPTIM2_IRQHandler
                0x08001750                I2C3_ER_IRQHandler
                0x08001750                PWR_S3WU_IRQHandler
                0x08001750                MDF1_FLT2_IRQHandler
                0x08001750                LPDMA1_Channel3_IRQHandler
                0x08001750                LPTIM3_IRQHandler
                0x08001750                I2C2_EV_IRQHandler
                0x08001750                FPU_IRQHandler
                0x08001750                GPDMA1_Channel3_IRQHandler
                0x08001750                GPDMA1_Channel7_IRQHandler
                0x08001750                MDF1_FLT4_IRQHandler
                0x08001750                FDCAN1_IT1_IRQHandler
                0x08001750                RAMCFG_IRQHandler
                0x08001750                GPDMA1_Channel9_IRQHandler
                0x08001750                DCACHE1_IRQHandler
                0x08001750                SPI1_IRQHandler
                0x08001750                OCTOSPI1_IRQHandler
                0x08001750                GPDMA1_Channel2_IRQHandler
                0x08001750                TIM8_UP_IRQHandler
                0x08001750                RCC_S_IRQHandler
                0x08001750                OCTOSPI2_IRQHandler
                0x08001750                SAI2_IRQHandler
                0x08001750                MDF1_FLT1_IRQHandler
                0x08001750                ADC1_IRQHandler
                0x08001750                MDF1_FLT5_IRQHandler
                0x08001750                EXTI15_IRQHandler
                0x08001750                TIM17_IRQHandler
                0x08001750                USART3_IRQHandler
                0x08001750                RTC_IRQHandler
                0x08001750                EXTI9_IRQHandler
                0x08001750                UART5_IRQHandler
                0x08001750                TIM4_IRQHandler
                0x08001750                I2C1_EV_IRQHandler
                0x08001750                GPDMA1_Channel12_IRQHandler
                0x08001750                GPDMA1_Channel1_IRQHandler
                0x08001750                TIM16_IRQHandler
                0x08001750                GPDMA1_Channel15_IRQHandler
                0x08001750                UART4_IRQHandler
                0x08001750                SecureFault_Handler
                0x08001750                TIM3_IRQHandler
                0x08001750                RCC_IRQHandler
                0x08001750                TIM1_TRG_COM_IRQHandler
                0x08001750                Default_Handler
                0x08001750                GPDMA1_Channel8_IRQHandler
                0x08001750                FMAC_IRQHandler
                0x08001750                GPDMA1_Channel11_IRQHandler
                0x08001750                TIM7_IRQHandler
                0x08001750                SDMMC1_IRQHandler
                0x08001750                TIM5_IRQHandler
                0x08001750                UCPD1_IRQHandler
                0x08001750                GPDMA1_Channel0_IRQHandler
                0x08001750                TIM15_IRQHandler
                0x08001750                I2C3_EV_IRQHandler
                0x08001750                LPDMA1_Channel0_IRQHandler
                0x08001750                PVD_PVM_IRQHandler
                0x08001750                SPI2_IRQHandler
                0x08001750                LPDMA1_Channel1_IRQHandler
                0x08001750                EXTI14_IRQHandler
                0x08001750                EXTI11_IRQHandler
                0x08001750                CRS_IRQHandler
                0x08001750                GPDMA1_Channel14_IRQHandler
                0x08001750                LSECSSD_IRQHandler
                0x08001750                EXTI4_IRQHandler
                0x08001750                RTC_S_IRQHandler
                0x08001750                GPDMA1_Channel13_IRQHandler
                0x08001750                RNG_IRQHandler
                0x08001750                COMP_IRQHandler
                0x08001750                TIM1_UP_IRQHandler
                0x08001750                ADC4_IRQHandler
                0x08001750                WWDG_IRQHandler
                0x08001750                I2C4_EV_IRQHandler
                0x08001750                ADF1_IRQHandler
                0x08001750                IWDG_IRQHandler
                0x08001750                LPUART1_IRQHandler
                0x08001750                MDF1_FLT0_IRQHandler
                0x08001750                FDCAN1_IT0_IRQHandler
                0x08001750                TIM2_IRQHandler
                0x08001750                GPDMA1_Channel4_IRQHandler
                0x08001750                EXTI7_IRQHandler
                0x08001750                DMA2D_IRQHandler
                0x08001750                TIM1_BRK_IRQHandler
                0x08001750                SDMMC2_IRQHandler
                0x08001750                DAC1_IRQHandler
                0x08001750                GTZC_IRQHandler
                0x08001750                MDF1_FLT3_IRQHandler
                0x08001750                USART2_IRQHandler
                0x08001750                GPDMA1_Channel6_IRQHandler
                0x08001750                I2C2_ER_IRQHandler
                0x08001750                TIM8_BRK_IRQHandler
                0x08001750                FLASH_IRQHandler
                0x08001750                USART1_IRQHandler
                0x08001750                EXTI10_IRQHandler
                0x08001750                OTG_FS_IRQHandler
                0x08001750                SPI3_IRQHandler
                0x08001750                LPDMA1_Channel2_IRQHandler
                0x08001750                I2C1_ER_IRQHandler
                0x08001750                FMC_IRQHandler
                0x08001750                EXTI6_IRQHandler
                0x08001750                LPTIM1_IRQHandler
                0x08001750                DCMI_PSSI_IRQHandler
                0x08001750                I2C4_ER_IRQHandler
                0x08001750                GPDMA1_Channel10_IRQHandler
                0x08001750                ICACHE_IRQHandler
                0x08001750                SAI1_IRQHandler
                0x08001750                HASH_IRQHandler
 *fill*         0x08001752        0x2 
 .text.HAL_Init
                0x08001754       0x60 ./Drivers/STM32U5xx_HAL_Driver/Src/stm32u5xx_hal.o
                0x08001754                HAL_Init
 .text.HAL_InitTick
                0x080017b4       0xec ./Drivers/STM32U5xx_HAL_Driver/Src/stm32u5xx_hal.o
                0x080017b4                HAL_InitTick
 .text.HAL_IncTick
                0x080018a0       0x28 ./Drivers/STM32U5xx_HAL_Driver/Src/stm32u5xx_hal.o
                0x080018a0                HAL_IncTick
 .text.HAL_GetTick
                0x080018c8       0x18 ./Drivers/STM32U5xx_HAL_Driver/Src/stm32u5xx_hal.o
                0x080018c8                HAL_GetTick
 .text.HAL_SuspendTick
                0x080018e0       0x20 ./Drivers/STM32U5xx_HAL_Driver/Src/stm32u5xx_hal.o
                0x080018e0                HAL_SuspendTick
 .text.HAL_ResumeTick
                0x08001900       0x20 ./Drivers/STM32U5xx_HAL_Driver/Src/stm32u5xx_hal.o
                0x08001900                HAL_ResumeTick
 .text.__NVIC_SetPriorityGrouping
                0x08001920       0x48 ./Drivers/STM32U5xx_HAL_Driver/Src/stm32u5xx_hal_cortex.o
 .text.__NVIC_GetPriorityGrouping
                0x08001968       0x1c ./Drivers/STM32U5xx_HAL_Driver/Src/stm32u5xx_hal_cortex.o
 .text.__NVIC_EnableIRQ
                0x08001984       0x3c ./Drivers/STM32U5xx_HAL_Driver/Src/stm32u5xx_hal_cortex.o
 .text.__NVIC_SetPriority
                0x080019c0       0x54 ./Drivers/STM32U5xx_HAL_Driver/Src/stm32u5xx_hal_cortex.o
 .text.NVIC_EncodePriority
                0x08001a14       0x66 ./Drivers/STM32U5xx_HAL_Driver/Src/stm32u5xx_hal_cortex.o
 .text.HAL_NVIC_SetPriorityGrouping
                0x08001a7a       0x16 ./Drivers/STM32U5xx_HAL_Driver/Src/stm32u5xx_hal_cortex.o
                0x08001a7a                HAL_NVIC_SetPriorityGrouping
 .text.HAL_NVIC_SetPriority
                0x08001a90       0x34 ./Drivers/STM32U5xx_HAL_Driver/Src/stm32u5xx_hal_cortex.o
                0x08001a90                HAL_NVIC_SetPriority
 .text.HAL_NVIC_EnableIRQ
                0x08001ac4       0x1c ./Drivers/STM32U5xx_HAL_Driver/Src/stm32u5xx_hal_cortex.o
                0x08001ac4                HAL_NVIC_EnableIRQ
 .text.HAL_SYSTICK_Config
                0x08001ae0       0x44 ./Drivers/STM32U5xx_HAL_Driver/Src/stm32u5xx_hal_cortex.o
                0x08001ae0                HAL_SYSTICK_Config
 .text.HAL_SYSTICK_CLKSourceConfig
                0x08001b24       0xb0 ./Drivers/STM32U5xx_HAL_Driver/Src/stm32u5xx_hal_cortex.o
                0x08001b24                HAL_SYSTICK_CLKSourceConfig
 .text.HAL_SYSTICK_GetCLKSourceConfig
                0x08001bd4       0x74 ./Drivers/STM32U5xx_HAL_Driver/Src/stm32u5xx_hal_cortex.o
                0x08001bd4                HAL_SYSTICK_GetCLKSourceConfig
 .text.HAL_GPIO_Init
                0x08001c48      0x3b0 ./Drivers/STM32U5xx_HAL_Driver/Src/stm32u5xx_hal_gpio.o
                0x08001c48                HAL_GPIO_Init
 .text.HAL_GPIO_WritePin
                0x08001ff8       0x30 ./Drivers/STM32U5xx_HAL_Driver/Src/stm32u5xx_hal_gpio.o
                0x08001ff8                HAL_GPIO_WritePin
 .text.HAL_GPIO_EXTI_IRQHandler
                0x08002028       0x4c ./Drivers/STM32U5xx_HAL_Driver/Src/stm32u5xx_hal_gpio.o
                0x08002028                HAL_GPIO_EXTI_IRQHandler
 .text.HAL_I2C_Init
                0x08002074      0x136 ./Drivers/STM32U5xx_HAL_Driver/Src/stm32u5xx_hal_i2c.o
                0x08002074                HAL_I2C_Init
 *fill*         0x080021aa        0x2 
 .text.HAL_I2C_Mem_Write
                0x080021ac      0x228 ./Drivers/STM32U5xx_HAL_Driver/Src/stm32u5xx_hal_i2c.o
                0x080021ac                HAL_I2C_Mem_Write
 .text.HAL_I2C_Mem_Read
                0x080023d4      0x234 ./Drivers/STM32U5xx_HAL_Driver/Src/stm32u5xx_hal_i2c.o
                0x080023d4                HAL_I2C_Mem_Read
 .text.I2C_RequestMemoryWrite
                0x08002608       0xa8 ./Drivers/STM32U5xx_HAL_Driver/Src/stm32u5xx_hal_i2c.o
 .text.I2C_RequestMemoryRead
                0x080026b0       0xa8 ./Drivers/STM32U5xx_HAL_Driver/Src/stm32u5xx_hal_i2c.o
 .text.I2C_Flush_TXDR
                0x08002758       0x48 ./Drivers/STM32U5xx_HAL_Driver/Src/stm32u5xx_hal_i2c.o
 .text.I2C_WaitOnFlagUntilTimeout
                0x080027a0       0xb2 ./Drivers/STM32U5xx_HAL_Driver/Src/stm32u5xx_hal_i2c.o
 .text.I2C_WaitOnTXISFlagUntilTimeout
                0x08002852       0x8e ./Drivers/STM32U5xx_HAL_Driver/Src/stm32u5xx_hal_i2c.o
 .text.I2C_WaitOnSTOPFlagUntilTimeout
                0x080028e0       0x86 ./Drivers/STM32U5xx_HAL_Driver/Src/stm32u5xx_hal_i2c.o
 *fill*         0x08002966        0x2 
 .text.I2C_IsErrorOccurred
                0x08002968      0x1c0 ./Drivers/STM32U5xx_HAL_Driver/Src/stm32u5xx_hal_i2c.o
 .text.I2C_TransferConfig
                0x08002b28       0x64 ./Drivers/STM32U5xx_HAL_Driver/Src/stm32u5xx_hal_i2c.o
 .text.HAL_I2CEx_ConfigAnalogFilter
                0x08002b8c       0x96 ./Drivers/STM32U5xx_HAL_Driver/Src/stm32u5xx_hal_i2c_ex.o
                0x08002b8c                HAL_I2CEx_ConfigAnalogFilter
 .text.HAL_I2CEx_ConfigDigitalFilter
                0x08002c22       0x98 ./Drivers/STM32U5xx_HAL_Driver/Src/stm32u5xx_hal_i2c_ex.o
                0x08002c22                HAL_I2CEx_ConfigDigitalFilter
 *fill*         0x08002cba        0x2 
 .text.HAL_ICACHE_Enable
                0x08002cbc       0x20 ./Drivers/STM32U5xx_HAL_Driver/Src/stm32u5xx_hal_icache.o
                0x08002cbc                HAL_ICACHE_Enable
 .text.HAL_PWR_EnableWakeUpPin
                0x08002cdc       0x7c ./Drivers/STM32U5xx_HAL_Driver/Src/stm32u5xx_hal_pwr.o
                0x08002cdc                HAL_PWR_EnableWakeUpPin
 .text.HAL_PWREx_ControlVoltageScaling
                0x08002d58       0xfc ./Drivers/STM32U5xx_HAL_Driver/Src/stm32u5xx_hal_pwr_ex.o
                0x08002d58                HAL_PWREx_ControlVoltageScaling
 .text.HAL_PWREx_GetVoltageRange
                0x08002e54       0x1c ./Drivers/STM32U5xx_HAL_Driver/Src/stm32u5xx_hal_pwr_ex.o
                0x08002e54                HAL_PWREx_GetVoltageRange
 .text.HAL_PWREx_EnterSTOP2Mode
                0x08002e70       0x58 ./Drivers/STM32U5xx_HAL_Driver/Src/stm32u5xx_hal_pwr_ex.o
                0x08002e70                HAL_PWREx_EnterSTOP2Mode
 .text.HAL_PWREx_EnterSHUTDOWNMode
                0x08002ec8       0x34 ./Drivers/STM32U5xx_HAL_Driver/Src/stm32u5xx_hal_pwr_ex.o
                0x08002ec8                HAL_PWREx_EnterSHUTDOWNMode
 .text.HAL_RCC_OscConfig
                0x08002efc      0xdb8 ./Drivers/STM32U5xx_HAL_Driver/Src/stm32u5xx_hal_rcc.o
                0x08002efc                HAL_RCC_OscConfig
 .text.HAL_RCC_ClockConfig
                0x08003cb4      0x3e4 ./Drivers/STM32U5xx_HAL_Driver/Src/stm32u5xx_hal_rcc.o
                0x08003cb4                HAL_RCC_ClockConfig
 .text.HAL_RCC_GetSysClockFreq
                0x08004098      0x204 ./Drivers/STM32U5xx_HAL_Driver/Src/stm32u5xx_hal_rcc.o
                0x08004098                HAL_RCC_GetSysClockFreq
 .text.HAL_RCC_GetHCLKFreq
                0x0800429c       0x34 ./Drivers/STM32U5xx_HAL_Driver/Src/stm32u5xx_hal_rcc.o
                0x0800429c                HAL_RCC_GetHCLKFreq
 .text.RCC_SetFlashLatencyFromMSIRange
                0x080042d0      0x10c ./Drivers/STM32U5xx_HAL_Driver/Src/stm32u5xx_hal_rcc.o
 .text.HAL_RCCEx_PeriphCLKConfig
                0x080043dc      0xb48 ./Drivers/STM32U5xx_HAL_Driver/Src/stm32u5xx_hal_rcc_ex.o
                0x080043dc                HAL_RCCEx_PeriphCLKConfig
 .text.RCCEx_PLL2_Config
                0x08004f24      0x130 ./Drivers/STM32U5xx_HAL_Driver/Src/stm32u5xx_hal_rcc_ex.o
 .text.RCCEx_PLL3_Config
                0x08005054      0x130 ./Drivers/STM32U5xx_HAL_Driver/Src/stm32u5xx_hal_rcc_ex.o
 .text.HAL_TIM_Base_Init
                0x08005184       0xae ./Drivers/STM32U5xx_HAL_Driver/Src/stm32u5xx_hal_tim.o
                0x08005184                HAL_TIM_Base_Init
 .text.HAL_TIM_PWM_Init
                0x08005232       0xae ./Drivers/STM32U5xx_HAL_Driver/Src/stm32u5xx_hal_tim.o
                0x08005232                HAL_TIM_PWM_Init
 .text.HAL_TIM_PWM_MspInit
                0x080052e0       0x14 ./Drivers/STM32U5xx_HAL_Driver/Src/stm32u5xx_hal_tim.o
                0x080052e0                HAL_TIM_PWM_MspInit
 .text.HAL_TIM_PWM_Start
                0x080052f4      0x2a4 ./Drivers/STM32U5xx_HAL_Driver/Src/stm32u5xx_hal_tim.o
                0x080052f4                HAL_TIM_PWM_Start
 .text.HAL_TIM_PWM_ConfigChannel
                0x08005598      0x228 ./Drivers/STM32U5xx_HAL_Driver/Src/stm32u5xx_hal_tim.o
                0x08005598                HAL_TIM_PWM_ConfigChannel
 .text.HAL_TIM_ConfigClockSource
                0x080057c0      0x204 ./Drivers/STM32U5xx_HAL_Driver/Src/stm32u5xx_hal_tim.o
                0x080057c0                HAL_TIM_ConfigClockSource
 .text.TIM_Base_SetConfig
                0x080059c4      0x200 ./Drivers/STM32U5xx_HAL_Driver/Src/stm32u5xx_hal_tim.o
                0x080059c4                TIM_Base_SetConfig
 .text.TIM_OC1_SetConfig
                0x08005bc4      0x184 ./Drivers/STM32U5xx_HAL_Driver/Src/stm32u5xx_hal_tim.o
 .text.TIM_OC2_SetConfig
                0x08005d48      0x160 ./Drivers/STM32U5xx_HAL_Driver/Src/stm32u5xx_hal_tim.o
                0x08005d48                TIM_OC2_SetConfig
 .text.TIM_OC3_SetConfig
                0x08005ea8      0x15c ./Drivers/STM32U5xx_HAL_Driver/Src/stm32u5xx_hal_tim.o
 .text.TIM_OC4_SetConfig
                0x08006004      0x160 ./Drivers/STM32U5xx_HAL_Driver/Src/stm32u5xx_hal_tim.o
 .text.TIM_OC5_SetConfig
                0x08006164      0x104 ./Drivers/STM32U5xx_HAL_Driver/Src/stm32u5xx_hal_tim.o
 .text.TIM_OC6_SetConfig
                0x08006268      0x108 ./Drivers/STM32U5xx_HAL_Driver/Src/stm32u5xx_hal_tim.o
 .text.TIM_TI1_ConfigInputStage
                0x08006370       0x5e ./Drivers/STM32U5xx_HAL_Driver/Src/stm32u5xx_hal_tim.o
 .text.TIM_TI2_ConfigInputStage
                0x080063ce       0x60 ./Drivers/STM32U5xx_HAL_Driver/Src/stm32u5xx_hal_tim.o
 .text.TIM_ITRx_SetConfig
                0x0800642e       0x3a ./Drivers/STM32U5xx_HAL_Driver/Src/stm32u5xx_hal_tim.o
 .text.TIM_ETR_SetConfig
                0x08006468       0x40 ./Drivers/STM32U5xx_HAL_Driver/Src/stm32u5xx_hal_tim.o
                0x08006468                TIM_ETR_SetConfig
 .text.TIM_CCxChannelCmd
                0x080064a8       0x4a ./Drivers/STM32U5xx_HAL_Driver/Src/stm32u5xx_hal_tim.o
                0x080064a8                TIM_CCxChannelCmd
 *fill*         0x080064f2        0x2 
 .text.HAL_TIMEx_MasterConfigSynchronization
                0x080064f4      0x184 ./Drivers/STM32U5xx_HAL_Driver/Src/stm32u5xx_hal_tim_ex.o
                0x080064f4                HAL_TIMEx_MasterConfigSynchronization
 .text.HAL_TIMEx_ConfigBreakDeadTime
                0x08006678      0x134 ./Drivers/STM32U5xx_HAL_Driver/Src/stm32u5xx_hal_tim_ex.o
                0x08006678                HAL_TIMEx_ConfigBreakDeadTime
 .text.mlx90632_start_measurement
                0x080067ac       0x92 ./Libs/Src/mlx90632.o
 .text.mlx90632_channel_new_select
                0x0800683e       0x4a ./Libs/Src/mlx90632.o
 .text.mlx90632_read_temp_ambient_raw
                0x08006888       0x58 ./Libs/Src/mlx90632.o
 .text.mlx90632_read_temp_object_raw
                0x080068e0      0x114 ./Libs/Src/mlx90632.o
 .text.mlx90632_read_temp_raw
                0x080069f4       0x48 ./Libs/Src/mlx90632.o
                0x080069f4                mlx90632_read_temp_raw
 .text.mlx90632_preprocess_temp_ambient
                0x08006a3c       0xcc ./Libs/Src/mlx90632.o
                0x08006a3c                mlx90632_preprocess_temp_ambient
 .text.mlx90632_preprocess_temp_object
                0x08006b08       0xe4 ./Libs/Src/mlx90632.o
                0x08006b08                mlx90632_preprocess_temp_object
 .text.mlx90632_calc_temp_ambient
                0x08006bec      0x108 ./Libs/Src/mlx90632.o
                0x08006bec                mlx90632_calc_temp_ambient
 *fill*         0x08006cf4        0x4 
 .text.mlx90632_calc_temp_object_iteration
                0x08006cf8      0x29c ./Libs/Src/mlx90632.o
 .text.mlx90632_set_emissivity
                0x08006f94       0x24 ./Libs/Src/mlx90632.o
                0x08006f94                mlx90632_set_emissivity
 .text.mlx90632_get_emissivity
                0x08006fb8       0x40 ./Libs/Src/mlx90632.o
                0x08006fb8                mlx90632_get_emissivity
 .text.mlx90632_calc_temp_object
                0x08006ff8       0xf0 ./Libs/Src/mlx90632.o
                0x08006ff8                mlx90632_calc_temp_object
 .text.mlx90632_init
                0x080070e8       0x6e ./Libs/Src/mlx90632.o
                0x080070e8                mlx90632_init
 *fill*         0x08007156        0x2 
 .text.network_configure_activations
                0x08007158      0x134 ./Libs/Src/network.o
 .text.network_configure_weights
                0x0800728c      0x130 ./Libs/Src/network.o
 .text.ai_network_get_error
                0x080073bc       0x18 ./Libs/Src/network.o
                0x080073bc                ai_network_get_error
 .text.ai_network_create
                0x080073d4       0x2c ./Libs/Src/network.o
                0x080073d4                ai_network_create
 .text.ai_network_create_and_init
                0x08007400       0xfc ./Libs/Src/network.o
                0x08007400                ai_network_create_and_init
 .text.ai_network_inputs_get
                0x080074fc       0x34 ./Libs/Src/network.o
                0x080074fc                ai_network_inputs_get
 .text.ai_network_outputs_get
                0x08007530       0x34 ./Libs/Src/network.o
                0x08007530                ai_network_outputs_get
 .text.ai_network_init
                0x08007564       0x78 ./Libs/Src/network.o
                0x08007564                ai_network_init
 .text.ai_network_run
                0x080075dc       0x20 ./Libs/Src/network.o
                0x080075dc                ai_network_run
 .text.ai_network_data_params_get
                0x080075fc       0x50 ./Libs/Src/network_data.o
                0x080075fc                ai_network_data_params_get
 .text.AI_Init  0x0800764c       0x7c ./Libs/Src/user_ai.o
                0x0800764c                AI_Init
 .text.AI_Run   0x080076c8       0xfc ./Libs/Src/user_ai.o
                0x080076c8                AI_Run
 .text.mlx90632_i2c_read
                0x080077c4       0x50 ./Libs/Src/user_mlx.o
                0x080077c4                mlx90632_i2c_read
 .text.mlx90632_i2c_read32
                0x08007814       0x54 ./Libs/Src/user_mlx.o
                0x08007814                mlx90632_i2c_read32
 .text.mlx90632_i2c_write
                0x08007868       0x48 ./Libs/Src/user_mlx.o
                0x08007868                mlx90632_i2c_write
 .text.mlx90632_read_eeprom
                0x080078b0      0x136 ./Libs/Src/user_mlx.o
 .text.usleep   0x080079e6       0x26 ./Libs/Src/user_mlx.o
                0x080079e6                usleep
 .text.MLX_Init
                0x08007a0c       0x74 ./Libs/Src/user_mlx.o
                0x08007a0c                MLX_Init
 .text.MLX_Run  0x08007a80      0x194 ./Libs/Src/user_mlx.o
                0x08007a80                MLX_Run
 .text.ai_buffer_get_size
                0x08007c14       0x64 ../Middlewares/ST/AI/Lib\NetworkRuntime1020_CM33_GCC.a(ai_platform.o)
                0x08007c14                ai_buffer_get_size
 .text.ai_buffer_array_sane
                0x08007c78       0x14 ../Middlewares/ST/AI/Lib\NetworkRuntime1020_CM33_GCC.a(ai_platform.o)
                0x08007c78                ai_buffer_array_sane
 .text.ai_buffer_array_item_set_address
                0x08007c8c       0x1c ../Middlewares/ST/AI/Lib\NetworkRuntime1020_CM33_GCC.a(ai_platform.o)
                0x08007c8c                ai_buffer_array_item_set_address
 .text.ai_platform_get_weights_map
                0x08007ca8       0xa0 ../Middlewares/ST/AI/Lib\NetworkRuntime1020_CM33_GCC.a(ai_platform_interface.o)
                0x08007ca8                ai_platform_get_weights_map
 .text.ai_platform_get_activations_map
                0x08007d48       0xa4 ../Middlewares/ST/AI/Lib\NetworkRuntime1020_CM33_GCC.a(ai_platform_interface.o)
                0x08007d48                ai_platform_get_activations_map
 .text.ai_platform_bind_network_params
                0x08007dec       0x44 ../Middlewares/ST/AI/Lib\NetworkRuntime1020_CM33_GCC.a(ai_platform_interface.o)
                0x08007dec                ai_platform_bind_network_params
 .text.ai_platform_network_get_error
                0x08007e30       0x18 ../Middlewares/ST/AI/Lib\NetworkRuntime1020_CM33_GCC.a(ai_platform_interface.o)
                0x08007e30                ai_platform_network_get_error
 .text.ai_platform_network_set_error
                0x08007e48        0xc ../Middlewares/ST/AI/Lib\NetworkRuntime1020_CM33_GCC.a(ai_platform_interface.o)
                0x08007e48                ai_platform_network_set_error
 .text.ai_platform_inputs_get
                0x08007e54       0xec ../Middlewares/ST/AI/Lib\NetworkRuntime1020_CM33_GCC.a(ai_platform_interface.o)
                0x08007e54                ai_platform_inputs_get
 .text.ai_platform_outputs_get
                0x08007f40       0xe4 ../Middlewares/ST/AI/Lib\NetworkRuntime1020_CM33_GCC.a(ai_platform_interface.o)
                0x08007f40                ai_platform_outputs_get
 .text.ai_platform_network_create
                0x08008024       0x84 ../Middlewares/ST/AI/Lib\NetworkRuntime1020_CM33_GCC.a(ai_platform_interface.o)
                0x08008024                ai_platform_network_create
 .text.ai_platform_network_init
                0x080080a8      0x130 ../Middlewares/ST/AI/Lib\NetworkRuntime1020_CM33_GCC.a(ai_platform_interface.o)
                0x080080a8                ai_platform_network_init
 .text.ai_platform_network_post_init
                0x080081d8       0x58 ../Middlewares/ST/AI/Lib\NetworkRuntime1020_CM33_GCC.a(ai_platform_interface.o)
                0x080081d8                ai_platform_network_post_init
 .text.ai_platform_network_process
                0x08008230      0x438 ../Middlewares/ST/AI/Lib\NetworkRuntime1020_CM33_GCC.a(ai_platform_interface.o)
                0x08008230                ai_platform_network_process
 .text.core_init
                0x08008668        0x4 ../Middlewares/ST/AI/Lib\NetworkRuntime1020_CM33_GCC.a(core_common.o)
                0x08008668                core_init
 .text.core_get_error
                0x0800866c        0xc ../Middlewares/ST/AI/Lib\NetworkRuntime1020_CM33_GCC.a(core_common.o)
                0x0800866c                core_get_error
 .text.core_set_error
                0x08008678       0x18 ../Middlewares/ST/AI/Lib\NetworkRuntime1020_CM33_GCC.a(core_common.o)
                0x08008678                core_set_error
 .text.ai_check_custom_types
                0x08008690       0x50 ../Middlewares/ST/AI/Lib\NetworkRuntime1020_CM33_GCC.a(layers.o)
                0x08008690                ai_check_custom_types
 .text.ai_layers_init_all
                0x080086e0       0x20 ../Middlewares/ST/AI/Lib\NetworkRuntime1020_CM33_GCC.a(layers.o)
                0x080086e0                ai_layers_init_all
 .text.ai_layers_post_init_all
                0x08008700       0x38 ../Middlewares/ST/AI/Lib\NetworkRuntime1020_CM33_GCC.a(layers.o)
                0x08008700                ai_layers_post_init_all
 .text.ai_layers_forward_all
                0x08008738       0x94 ../Middlewares/ST/AI/Lib\NetworkRuntime1020_CM33_GCC.a(layers.o)
                0x08008738                ai_layers_forward_all
 .text.forward_dense_integer_SSSA
                0x080087cc      0x1e8 ../Middlewares/ST/AI/Lib\NetworkRuntime1020_CM33_GCC.a(layers_conv2d_stm32_integer.o)
                0x080087cc                forward_dense_integer_SSSA
 .text.forward_dense_integer_SSSA_ch
                0x080089b4      0x1e4 ../Middlewares/ST/AI/Lib\NetworkRuntime1020_CM33_GCC.a(layers_conv2d_stm32_integer.o)
                0x080089b4                forward_dense_integer_SSSA_ch
 .text.forward_relu_integer
                0x08008b98       0xb4 ../Middlewares/ST/AI/Lib\NetworkRuntime1020_CM33_GCC.a(layers_nl_stm32_integer.o)
                0x08008b98                forward_relu_integer
 .text.forward_lite_dense_is8os8ws8_ch
                0x08008c4c       0x80 ../Middlewares/ST/AI/Lib\NetworkRuntime1020_CM33_GCC.a(forward_lite_dense_is8os8ws8_ch.o)
                0x08008c4c                forward_lite_dense_is8os8ws8_ch
 .text.forward_lite_dense_is8os8ws8
                0x08008ccc       0x84 ../Middlewares/ST/AI/Lib\NetworkRuntime1020_CM33_GCC.a(forward_lite_dense_is8os8ws8.o)
                0x08008ccc                forward_lite_dense_is8os8ws8
 .text.align_factor
                0x08008d50       0xac ../Middlewares/ST/AI/Lib\NetworkRuntime1020_CM33_GCC.a(st_align_factor.o)
                0x08008d50                align_factor
 .text.align_factor_ch
                0x08008dfc       0x60 ../Middlewares/ST/AI/Lib\NetworkRuntime1020_CM33_GCC.a(st_align_factor.o)
                0x08008dfc                align_factor_ch
 .text.st_sssa8_ch_fully_connected
                0x08008e5c      0x510 ../Middlewares/ST/AI/Lib\NetworkRuntime1020_CM33_GCC.a(st_sssa8_ch_dense.o)
                0x08008e5c                st_sssa8_ch_fully_connected
 .text.st_sssa8_fully_connected
                0x0800936c      0x364 ../Middlewares/ST/AI/Lib\NetworkRuntime1020_CM33_GCC.a(st_sssa8_dense.o)
                0x0800936c                st_sssa8_fully_connected
 .text.st_int8_copy
                0x080096d0      0x13c ../Middlewares/ST/AI/Lib\NetworkRuntime1020_CM33_GCC.a(st_int8_fill.o)
                0x080096d0                st_int8_copy
 .text.st_int8_reordered_no_shift_zero
                0x0800980c       0x68 ../Middlewares/ST/AI/Lib\NetworkRuntime1020_CM33_GCC.a(st_int8_reordered_no_shift.o)
                0x0800980c                st_int8_reordered_no_shift_zero
 *fill*         0x08009874        0xc 
 .text.st_sssa8_dense_memopt_loop
                0x08009880      0x794 ../Middlewares/ST/AI/Lib\NetworkRuntime1020_CM33_GCC.a(st_sssa8_dense_loop.o)
                0x08009880                st_sssa8_dense_loop
                0x08009c30                st_sssa8_dense_memopt_loop
 .text.ai_array_to_buffer_fmt
                0x0800a014       0xe0 ../Middlewares/ST/AI/Lib\NetworkRuntime1020_CM33_GCC.a(ai_datatypes_format.o)
                0x0800a014                ai_array_to_buffer_fmt
 .text.ai_array_get_data_byte_size
                0x0800a0f4       0x20 ../Middlewares/ST/AI/Lib\NetworkRuntime1020_CM33_GCC.a(ai_datatypes_format.o)
                0x0800a0f4                ai_array_get_data_byte_size
 .text.ai_version_get
                0x0800a114        0xc ../Middlewares/ST/AI/Lib\NetworkRuntime1020_CM33_GCC.a(ai_datatypes_internal.o)
                0x0800a114                ai_version_get
 .text.get_tensor_byte_size
                0x0800a120       0x30 ../Middlewares/ST/AI/Lib\NetworkRuntime1020_CM33_GCC.a(ai_datatypes_internal.o)
                0x0800a120                get_tensor_byte_size
 .text.memset   0x0800a150       0x10 C:/ST/STM32CubeIDE_1.18.1/STM32CubeIDE/plugins/com.st.stm32cube.ide.mcu.externaltools.gnu-tools-for-stm32.13.3.rel1.win32_1.0.0.202411081344/tools/bin/../lib/gcc/arm-none-eabi/13.3.1/../../../../arm-none-eabi/lib/thumb/v8-m.main+fp/hard\libc_nano.a(libc_a-memset.o)
                0x0800a150                memset
 .text.__errno  0x0800a160        0xc C:/ST/STM32CubeIDE_1.18.1/STM32CubeIDE/plugins/com.st.stm32cube.ide.mcu.externaltools.gnu-tools-for-stm32.13.3.rel1.win32_1.0.0.202411081344/tools/bin/../lib/gcc/arm-none-eabi/13.3.1/../../../../arm-none-eabi/lib/thumb/v8-m.main+fp/hard\libc_nano.a(libc_a-errno.o)
                0x0800a160                __errno
 .text.__libc_init_array
                0x0800a16c       0x48 C:/ST/STM32CubeIDE_1.18.1/STM32CubeIDE/plugins/com.st.stm32cube.ide.mcu.externaltools.gnu-tools-for-stm32.13.3.rel1.win32_1.0.0.202411081344/tools/bin/../lib/gcc/arm-none-eabi/13.3.1/../../../../arm-none-eabi/lib/thumb/v8-m.main+fp/hard\libc_nano.a(libc_a-init.o)
                0x0800a16c                __libc_init_array
 .text.memcpy   0x0800a1b4       0x1a C:/ST/STM32CubeIDE_1.18.1/STM32CubeIDE/plugins/com.st.stm32cube.ide.mcu.externaltools.gnu-tools-for-stm32.13.3.rel1.win32_1.0.0.202411081344/tools/bin/../lib/gcc/arm-none-eabi/13.3.1/../../../../arm-none-eabi/lib/thumb/v8-m.main+fp/hard\libc_nano.a(libc_a-memcpy-stub.o)
                0x0800a1b4                memcpy
 .text.sqrt     0x0800a1ce       0x58 C:/ST/STM32CubeIDE_1.18.1/STM32CubeIDE/plugins/com.st.stm32cube.ide.mcu.externaltools.gnu-tools-for-stm32.13.3.rel1.win32_1.0.0.202411081344/tools/bin/../lib/gcc/arm-none-eabi/13.3.1/../../../../arm-none-eabi/lib/thumb/v8-m.main+fp/hard\libm.a(libm_a-w_sqrt.o)
                0x0800a1ce                sqrt
 *fill*         0x0800a226        0x2 
 .text.__ieee754_sqrt
                0x0800a228      0x1b4 C:/ST/STM32CubeIDE_1.18.1/STM32CubeIDE/plugins/com.st.stm32cube.ide.mcu.externaltools.gnu-tools-for-stm32.13.3.rel1.win32_1.0.0.202411081344/tools/bin/../lib/gcc/arm-none-eabi/13.3.1/../../../../arm-none-eabi/lib/thumb/v8-m.main+fp/hard\libm.a(libm_a-e_sqrt.o)
                0x0800a228                __ieee754_sqrt
 .text.roundf   0x0800a3dc        0x6 C:/ST/STM32CubeIDE_1.18.1/STM32CubeIDE/plugins/com.st.stm32cube.ide.mcu.externaltools.gnu-tools-for-stm32.13.3.rel1.win32_1.0.0.202411081344/tools/bin/../lib/gcc/arm-none-eabi/13.3.1/../../../../arm-none-eabi/lib/thumb/v8-m.main+fp/hard\libm.a(libm_a-sf_round.o)
                0x0800a3dc                roundf
 *(.glue_7)
 .glue_7        0x0800a3e2        0x0 linker stubs
 *(.glue_7t)
 .glue_7t       0x0800a3e2        0x0 linker stubs
 *(.eh_frame)
 *fill*         0x0800a3e2        0x2 
 .eh_frame      0x0800a3e4        0x0 C:/ST/STM32CubeIDE_1.18.1/STM32CubeIDE/plugins/com.st.stm32cube.ide.mcu.externaltools.gnu-tools-for-stm32.13.3.rel1.win32_1.0.0.202411081344/tools/bin/../lib/gcc/arm-none-eabi/13.3.1/thumb/v8-m.main+fp/hard/crtbegin.o
 *(.init)
 .init          0x0800a3e4        0x4 C:/ST/STM32CubeIDE_1.18.1/STM32CubeIDE/plugins/com.st.stm32cube.ide.mcu.externaltools.gnu-tools-for-stm32.13.3.rel1.win32_1.0.0.202411081344/tools/bin/../lib/gcc/arm-none-eabi/13.3.1/thumb/v8-m.main+fp/hard/crti.o
                0x0800a3e4                _init
 .init          0x0800a3e8        0x8 C:/ST/STM32CubeIDE_1.18.1/STM32CubeIDE/plugins/com.st.stm32cube.ide.mcu.externaltools.gnu-tools-for-stm32.13.3.rel1.win32_1.0.0.202411081344/tools/bin/../lib/gcc/arm-none-eabi/13.3.1/thumb/v8-m.main+fp/hard/crtn.o
 *(.fini)
 .fini          0x0800a3f0        0x4 C:/ST/STM32CubeIDE_1.18.1/STM32CubeIDE/plugins/com.st.stm32cube.ide.mcu.externaltools.gnu-tools-for-stm32.13.3.rel1.win32_1.0.0.202411081344/tools/bin/../lib/gcc/arm-none-eabi/13.3.1/thumb/v8-m.main+fp/hard/crti.o
                0x0800a3f0                _fini
 .fini          0x0800a3f4        0x8 C:/ST/STM32CubeIDE_1.18.1/STM32CubeIDE/plugins/com.st.stm32cube.ide.mcu.externaltools.gnu-tools-for-stm32.13.3.rel1.win32_1.0.0.202411081344/tools/bin/../lib/gcc/arm-none-eabi/13.3.1/thumb/v8-m.main+fp/hard/crtn.o
                0x0800a3fc                        _etext = .

.vfp11_veneer   0x0800a3fc        0x0
 .vfp11_veneer  0x0800a3fc        0x0 linker stubs

.v4_bx          0x0800a3fc        0x0
 .v4_bx         0x0800a3fc        0x0 linker stubs

.iplt           0x0800a3fc        0x0
 .iplt          0x0800a3fc        0x0 C:/ST/STM32CubeIDE_1.18.1/STM32CubeIDE/plugins/com.st.stm32cube.ide.mcu.externaltools.gnu-tools-for-stm32.13.3.rel1.win32_1.0.0.202411081344/tools/bin/../lib/gcc/arm-none-eabi/13.3.1/thumb/v8-m.main+fp/hard/crtbegin.o

.rodata         0x0800a400      0x2f8
 *(.rodata)
 .rodata        0x0800a400       0x30 ./Libs/Src/network_data.o
 *(.rodata*)
 .rodata.AHBPrescTable
                0x0800a430       0x10 ./Core/Src/system_stm32u5xx.o
                0x0800a430                AHBPrescTable
 .rodata.MSIRangeTable
                0x0800a440       0x40 ./Core/Src/system_stm32u5xx.o
                0x0800a440                MSIRangeTable
 .rodata.LPGPIO_Map
                0x0800a480       0x80 ./Drivers/STM32U5xx_HAL_Driver/Src/stm32u5xx_hal_gpio.o
 .rodata.__compound_literal.0
                0x0800a500        0x4 ./Libs/Src/network.o
 .rodata.__compound_literal.1
                0x0800a504        0x1 ./Libs/Src/network.o
 *fill*         0x0800a505        0x3 
 .rodata.__compound_literal.2
                0x0800a508        0x8 ./Libs/Src/network.o
 .rodata.gemm_0_output_array_intq
                0x0800a510        0x8 ./Libs/Src/network.o
 .rodata.__compound_literal.3
                0x0800a518       0x20 ./Libs/Src/network.o
 .rodata.__compound_literal.4
                0x0800a538        0x8 ./Libs/Src/network.o
 .rodata.__compound_literal.5
                0x0800a540        0x8 ./Libs/Src/network.o
 .rodata.gemm_0_weights_array_intq
                0x0800a548        0x8 ./Libs/Src/network.o
 .rodata.__compound_literal.6
                0x0800a550        0x4 ./Libs/Src/network.o
 .rodata.__compound_literal.7
                0x0800a554        0x1 ./Libs/Src/network.o
 *fill*         0x0800a555        0x3 
 .rodata.__compound_literal.8
                0x0800a558        0x8 ./Libs/Src/network.o
 .rodata.gemm_1_output_array_intq
                0x0800a560        0x8 ./Libs/Src/network.o
 .rodata.__compound_literal.9
                0x0800a568        0x4 ./Libs/Src/network.o
 .rodata.__compound_literal.10
                0x0800a56c        0x1 ./Libs/Src/network.o
 *fill*         0x0800a56d        0x3 
 .rodata.__compound_literal.11
                0x0800a570        0x8 ./Libs/Src/network.o
 .rodata.gemm_1_weights_array_intq
                0x0800a578        0x8 ./Libs/Src/network.o
 .rodata.__compound_literal.12
                0x0800a580        0x4 ./Libs/Src/network.o
 .rodata.__compound_literal.13
                0x0800a584        0x1 ./Libs/Src/network.o
 *fill*         0x0800a585        0x3 
 .rodata.__compound_literal.14
                0x0800a588        0x8 ./Libs/Src/network.o
 .rodata.gemm_2_output_array_intq
                0x0800a590        0x8 ./Libs/Src/network.o
 .rodata.__compound_literal.15
                0x0800a598       0x20 ./Libs/Src/network.o
 .rodata.__compound_literal.16
                0x0800a5b8        0x8 ./Libs/Src/network.o
 .rodata.__compound_literal.17
                0x0800a5c0        0x8 ./Libs/Src/network.o
 .rodata.gemm_2_weights_array_intq
                0x0800a5c8        0x8 ./Libs/Src/network.o
 .rodata.__compound_literal.18
                0x0800a5d0        0x4 ./Libs/Src/network.o
 .rodata.__compound_literal.19
                0x0800a5d4        0x1 ./Libs/Src/network.o
 *fill*         0x0800a5d5        0x3 
 .rodata.__compound_literal.20
                0x0800a5d8        0x8 ./Libs/Src/network.o
 .rodata.gemm_3_output_array_intq
                0x0800a5e0        0x8 ./Libs/Src/network.o
 .rodata.__compound_literal.21
                0x0800a5e8        0x4 ./Libs/Src/network.o
 .rodata.__compound_literal.22
                0x0800a5ec        0x1 ./Libs/Src/network.o
 *fill*         0x0800a5ed        0x3 
 .rodata.__compound_literal.23
                0x0800a5f0        0x8 ./Libs/Src/network.o
 .rodata.gemm_3_weights_array_intq
                0x0800a5f8        0x8 ./Libs/Src/network.o
 .rodata.__compound_literal.24
                0x0800a600        0x4 ./Libs/Src/network.o
 .rodata.__compound_literal.25
                0x0800a604        0x1 ./Libs/Src/network.o
 *fill*         0x0800a605        0x3 
 .rodata.__compound_literal.26
                0x0800a608        0x8 ./Libs/Src/network.o
 .rodata.nl_1_nl_output_array_intq
                0x0800a610        0x8 ./Libs/Src/network.o
 .rodata.__compound_literal.27
                0x0800a618        0x4 ./Libs/Src/network.o
 .rodata.__compound_literal.28
                0x0800a61c        0x1 ./Libs/Src/network.o
 *fill*         0x0800a61d        0x3 
 .rodata.__compound_literal.29
                0x0800a620        0x8 ./Libs/Src/network.o
 .rodata.nl_2_nl_output_array_intq
                0x0800a628        0x8 ./Libs/Src/network.o
 .rodata.__compound_literal.30
                0x0800a630        0x4 ./Libs/Src/network.o
 .rodata.__compound_literal.31
                0x0800a634        0x1 ./Libs/Src/network.o
 *fill*         0x0800a635        0x3 
 .rodata.__compound_literal.32
                0x0800a638        0x8 ./Libs/Src/network.o
 .rodata.serving_default_keras_tensor0_output_array_intq
                0x0800a640        0x8 ./Libs/Src/network.o
 .rodata.gemm_3_chain
                0x0800a648        0x8 ./Libs/Src/network.o
 .rodata.nl_2_nl_nl_params_data
                0x0800a650        0x1 ./Libs/Src/network.o
 *fill*         0x0800a651        0x3 
 .rodata.nl_2_nl_nl_params
                0x0800a654       0x10 ./Libs/Src/network.o
 .rodata.nl_2_nl_chain
                0x0800a664        0x8 ./Libs/Src/network.o
 .rodata.gemm_2_chain
                0x0800a66c        0x8 ./Libs/Src/network.o
 .rodata.nl_1_nl_nl_params_data
                0x0800a674        0x1 ./Libs/Src/network.o
 *fill*         0x0800a675        0x3 
 .rodata.nl_1_nl_nl_params
                0x0800a678       0x10 ./Libs/Src/network.o
 .rodata.nl_1_nl_chain
                0x0800a688        0x8 ./Libs/Src/network.o
 .rodata.gemm_1_chain
                0x0800a690        0x8 ./Libs/Src/network.o
 .rodata.gemm_0_chain
                0x0800a698        0x8 ./Libs/Src/network.o
 .rodata.s_network_weights_array_u64
                0x0800a6a0       0x48 ./Libs/Src/network_data_params.o
                0x0800a6a0                s_network_weights_array_u64
 .rodata.tiny   0x0800a6e8        0x8 C:/ST/STM32CubeIDE_1.18.1/STM32CubeIDE/plugins/com.st.stm32cube.ide.mcu.externaltools.gnu-tools-for-stm32.13.3.rel1.win32_1.0.0.202411081344/tools/bin/../lib/gcc/arm-none-eabi/13.3.1/../../../../arm-none-eabi/lib/thumb/v8-m.main+fp/hard\libm.a(libm_a-e_sqrt.o)
 .rodata.one    0x0800a6f0        0x8 C:/ST/STM32CubeIDE_1.18.1/STM32CubeIDE/plugins/com.st.stm32cube.ide.mcu.externaltools.gnu-tools-for-stm32.13.3.rel1.win32_1.0.0.202411081344/tools/bin/../lib/gcc/arm-none-eabi/13.3.1/../../../../arm-none-eabi/lib/thumb/v8-m.main+fp/hard\libm.a(libm_a-e_sqrt.o)

.ARM.extab
 *(.ARM.extab* .gnu.linkonce.armextab.*)

.ARM            0x0800a6f8        0x0
                0x0800a6f8                        __exidx_start = .
 *(.ARM.exidx*)
                0x0800a6f8                        __exidx_end = .

.preinit_array  0x0800a6f8        0x0
                0x0800a6f8                        PROVIDE (__preinit_array_start = .)
 *(.preinit_array*)
                0x0800a6f8                        PROVIDE (__preinit_array_end = .)

.init_array     0x0800a6f8        0x4
                0x0800a6f8                        PROVIDE (__init_array_start = .)
 *(SORT_BY_NAME(.init_array.*))
 *(.init_array*)
 .init_array    0x0800a6f8        0x4 C:/ST/STM32CubeIDE_1.18.1/STM32CubeIDE/plugins/com.st.stm32cube.ide.mcu.externaltools.gnu-tools-for-stm32.13.3.rel1.win32_1.0.0.202411081344/tools/bin/../lib/gcc/arm-none-eabi/13.3.1/thumb/v8-m.main+fp/hard/crtbegin.o
                0x0800a6fc                        PROVIDE (__init_array_end = .)

.fini_array     0x0800a6fc        0x4
                [!provide]                        PROVIDE (__fini_array_start = .)
 *(SORT_BY_NAME(.fini_array.*))
 *(.fini_array*)
 .fini_array    0x0800a6fc        0x4 C:/ST/STM32CubeIDE_1.18.1/STM32CubeIDE/plugins/com.st.stm32cube.ide.mcu.externaltools.gnu-tools-for-stm32.13.3.rel1.win32_1.0.0.202411081344/tools/bin/../lib/gcc/arm-none-eabi/13.3.1/thumb/v8-m.main+fp/hard/crtbegin.o
                [!provide]                        PROVIDE (__fini_array_end = .)
                0x0800a700                        _sidata = LOADADDR (.data)

.rel.dyn        0x0800a700        0x0
 .rel.iplt      0x0800a700        0x0 C:/ST/STM32CubeIDE_1.18.1/STM32CubeIDE/plugins/com.st.stm32cube.ide.mcu.externaltools.gnu-tools-for-stm32.13.3.rel1.win32_1.0.0.202411081344/tools/bin/../lib/gcc/arm-none-eabi/13.3.1/thumb/v8-m.main+fp/hard/crtbegin.o

.data           0x20000000      0x960 load address 0x0800a700
                0x20000000                        _sdata = .
 *(.data)
 *(.data*)
 .data.request_stop2
                0x20000000        0x4 ./Core/Src/main.o
                0x20000000                request_stop2
 .data.SystemCoreClock
                0x20000004        0x4 ./Core/Src/system_stm32u5xx.o
                0x20000004                SystemCoreClock
 .data.uwTickPrio
                0x20000008        0x4 ./Drivers/STM32U5xx_HAL_Driver/Src/stm32u5xx_hal.o
                0x20000008                uwTickPrio
 .data.uwTickFreq
                0x2000000c        0x1 ./Drivers/STM32U5xx_HAL_Driver/Src/stm32u5xx_hal.o
                0x2000000c                uwTickFreq
 *fill*         0x2000000d        0x3 
 .data.serving_default_keras_tensor0_output_array
                0x20000010       0x10 ./Libs/Src/network.o
 .data.gemm_0_output_array
                0x20000020       0x10 ./Libs/Src/network.o
 .data.gemm_1_output_array
                0x20000030       0x10 ./Libs/Src/network.o
 .data.nl_1_nl_output_array
                0x20000040       0x10 ./Libs/Src/network.o
 .data.gemm_2_output_array
                0x20000050       0x10 ./Libs/Src/network.o
 .data.nl_2_nl_output_array
                0x20000060       0x10 ./Libs/Src/network.o
 .data.gemm_3_output_array
                0x20000070       0x10 ./Libs/Src/network.o
 .data.gemm_0_weights_array
                0x20000080       0x10 ./Libs/Src/network.o
 .data.gemm_0_bias_array
                0x20000090       0x10 ./Libs/Src/network.o
 .data.gemm_1_weights_array
                0x200000a0       0x10 ./Libs/Src/network.o
 .data.gemm_1_bias_array
                0x200000b0       0x10 ./Libs/Src/network.o
 .data.gemm_2_weights_array
                0x200000c0       0x10 ./Libs/Src/network.o
 .data.gemm_3_weights_array
                0x200000d0       0x10 ./Libs/Src/network.o
 .data.gemm_3_bias_array
                0x200000e0       0x10 ./Libs/Src/network.o
 .data.gemm_0_scratch0_array
                0x200000f0       0x10 ./Libs/Src/network.o
 .data.gemm_1_scratch0_array
                0x20000100       0x10 ./Libs/Src/network.o
 .data.gemm_2_scratch0_array
                0x20000110       0x10 ./Libs/Src/network.o
 .data.gemm_3_scratch0_array
                0x20000120       0x10 ./Libs/Src/network.o
 .data.__compound_literal.33
                0x20000130       0x10 ./Libs/Src/network.o
 .data.__compound_literal.34
                0x20000140       0x10 ./Libs/Src/network.o
 .data.gemm_0_bias
                0x20000150       0x1c ./Libs/Src/network.o
 .data.__compound_literal.35
                0x2000016c       0x10 ./Libs/Src/network.o
 .data.__compound_literal.36
                0x2000017c       0x10 ./Libs/Src/network.o
 .data.gemm_0_output
                0x2000018c       0x1c ./Libs/Src/network.o
 .data.__compound_literal.37
                0x200001a8       0x10 ./Libs/Src/network.o
 .data.__compound_literal.38
                0x200001b8       0x10 ./Libs/Src/network.o
 .data.gemm_0_scratch0
                0x200001c8       0x1c ./Libs/Src/network.o
 .data.__compound_literal.39
                0x200001e4       0x10 ./Libs/Src/network.o
 .data.__compound_literal.40
                0x200001f4       0x10 ./Libs/Src/network.o
 .data.gemm_0_weights
                0x20000204       0x1c ./Libs/Src/network.o
 .data.__compound_literal.41
                0x20000220       0x10 ./Libs/Src/network.o
 .data.__compound_literal.42
                0x20000230       0x10 ./Libs/Src/network.o
 .data.gemm_1_bias
                0x20000240       0x1c ./Libs/Src/network.o
 .data.__compound_literal.43
                0x2000025c       0x10 ./Libs/Src/network.o
 .data.__compound_literal.44
                0x2000026c       0x10 ./Libs/Src/network.o
 .data.gemm_1_output
                0x2000027c       0x1c ./Libs/Src/network.o
 .data.__compound_literal.45
                0x20000298       0x10 ./Libs/Src/network.o
 .data.__compound_literal.46
                0x200002a8       0x10 ./Libs/Src/network.o
 .data.gemm_1_scratch0
                0x200002b8       0x1c ./Libs/Src/network.o
 .data.__compound_literal.47
                0x200002d4       0x10 ./Libs/Src/network.o
 .data.__compound_literal.48
                0x200002e4       0x10 ./Libs/Src/network.o
 .data.gemm_1_weights
                0x200002f4       0x1c ./Libs/Src/network.o
 .data.__compound_literal.49
                0x20000310       0x10 ./Libs/Src/network.o
 .data.__compound_literal.50
                0x20000320       0x10 ./Libs/Src/network.o
 .data.gemm_2_output
                0x20000330       0x1c ./Libs/Src/network.o
 .data.__compound_literal.51
                0x2000034c       0x10 ./Libs/Src/network.o
 .data.__compound_literal.52
                0x2000035c       0x10 ./Libs/Src/network.o
 .data.gemm_2_scratch0
                0x2000036c       0x1c ./Libs/Src/network.o
 .data.__compound_literal.53
                0x20000388       0x10 ./Libs/Src/network.o
 .data.__compound_literal.54
                0x20000398       0x10 ./Libs/Src/network.o
 .data.gemm_2_weights
                0x200003a8       0x1c ./Libs/Src/network.o
 .data.__compound_literal.55
                0x200003c4       0x10 ./Libs/Src/network.o
 .data.__compound_literal.56
                0x200003d4       0x10 ./Libs/Src/network.o
 .data.gemm_3_bias
                0x200003e4       0x1c ./Libs/Src/network.o
 .data.__compound_literal.57
                0x20000400       0x10 ./Libs/Src/network.o
 .data.__compound_literal.58
                0x20000410       0x10 ./Libs/Src/network.o
 .data.gemm_3_output
                0x20000420       0x1c ./Libs/Src/network.o
 .data.__compound_literal.59
                0x2000043c       0x10 ./Libs/Src/network.o
 .data.__compound_literal.60
                0x2000044c       0x10 ./Libs/Src/network.o
 .data.gemm_3_scratch0
                0x2000045c       0x1c ./Libs/Src/network.o
 .data.__compound_literal.61
                0x20000478       0x10 ./Libs/Src/network.o
 .data.__compound_literal.62
                0x20000488       0x10 ./Libs/Src/network.o
 .data.gemm_3_weights
                0x20000498       0x1c ./Libs/Src/network.o
 .data.__compound_literal.63
                0x200004b4       0x10 ./Libs/Src/network.o
 .data.__compound_literal.64
                0x200004c4       0x10 ./Libs/Src/network.o
 .data.nl_1_nl_output
                0x200004d4       0x1c ./Libs/Src/network.o
 .data.__compound_literal.65
                0x200004f0       0x10 ./Libs/Src/network.o
 .data.__compound_literal.66
                0x20000500       0x10 ./Libs/Src/network.o
 .data.nl_2_nl_output
                0x20000510       0x1c ./Libs/Src/network.o
 .data.__compound_literal.67
                0x2000052c       0x10 ./Libs/Src/network.o
 .data.__compound_literal.68
                0x2000053c       0x10 ./Libs/Src/network.o
 .data.serving_default_keras_tensor0_output
                0x2000054c       0x1c ./Libs/Src/network.o
 .data.__compound_literal.69
                0x20000568        0x4 ./Libs/Src/network.o
 .data.__compound_literal.70
                0x2000056c        0x4 ./Libs/Src/network.o
 .data.__compound_literal.71
                0x20000570        0x8 ./Libs/Src/network.o
 .data.__compound_literal.72
                0x20000578        0x4 ./Libs/Src/network.o
 .data.__compound_literal.73
                0x2000057c       0x30 ./Libs/Src/network.o
 .data.gemm_3_layer
                0x200005ac       0x1c ./Libs/Src/network.o
 .data.__compound_literal.74
                0x200005c8        0x4 ./Libs/Src/network.o
 .data.__compound_literal.75
                0x200005cc        0x4 ./Libs/Src/network.o
 .data.__compound_literal.78
                0x200005d0       0x30 ./Libs/Src/network.o
 .data.nl_2_nl_layer
                0x20000600       0x20 ./Libs/Src/network.o
 .data.__compound_literal.79
                0x20000620        0x4 ./Libs/Src/network.o
 .data.__compound_literal.80
                0x20000624        0x4 ./Libs/Src/network.o
 .data.__compound_literal.81
                0x20000628        0x8 ./Libs/Src/network.o
 .data.__compound_literal.82
                0x20000630        0x4 ./Libs/Src/network.o
 .data.__compound_literal.83
                0x20000634       0x30 ./Libs/Src/network.o
 .data.gemm_2_layer
                0x20000664       0x1c ./Libs/Src/network.o
 .data.__compound_literal.84
                0x20000680        0x4 ./Libs/Src/network.o
 .data.__compound_literal.85
                0x20000684        0x4 ./Libs/Src/network.o
 .data.__compound_literal.88
                0x20000688       0x30 ./Libs/Src/network.o
 .data.nl_1_nl_layer
                0x200006b8       0x20 ./Libs/Src/network.o
 .data.__compound_literal.89
                0x200006d8        0x4 ./Libs/Src/network.o
 .data.__compound_literal.90
                0x200006dc        0x4 ./Libs/Src/network.o
 .data.__compound_literal.91
                0x200006e0        0x8 ./Libs/Src/network.o
 .data.__compound_literal.92
                0x200006e8        0x4 ./Libs/Src/network.o
 .data.__compound_literal.93
                0x200006ec       0x30 ./Libs/Src/network.o
 .data.gemm_1_layer
                0x2000071c       0x1c ./Libs/Src/network.o
 .data.__compound_literal.94
                0x20000738        0x4 ./Libs/Src/network.o
 .data.__compound_literal.95
                0x2000073c        0x4 ./Libs/Src/network.o
 .data.__compound_literal.96
                0x20000740        0x8 ./Libs/Src/network.o
 .data.__compound_literal.97
                0x20000748        0x4 ./Libs/Src/network.o
 .data.__compound_literal.98
                0x2000074c       0x30 ./Libs/Src/network.o
 .data.gemm_0_layer
                0x2000077c       0x1c ./Libs/Src/network.o
 .data.__compound_literal.99
                0x20000798       0x10 ./Libs/Src/network.o
 .data.__compound_literal.100
                0x200007a8       0x1c ./Libs/Src/network.o
 .data.__compound_literal.101
                0x200007c4       0x10 ./Libs/Src/network.o
 .data.__compound_literal.102
                0x200007d4       0x1c ./Libs/Src/network.o
 .data.__compound_literal.103
                0x200007f0        0x4 ./Libs/Src/network.o
 .data.__compound_literal.107
                0x200007f4        0xc ./Libs/Src/network.o
 .data.__compound_literal.108
                0x20000800        0x4 ./Libs/Src/network.o
 .data.__compound_literal.112
                0x20000804        0xc ./Libs/Src/network.o
 .data.__compound_literal.113
                0x20000810       0x18 ./Libs/Src/network.o
 .data.g_network
                0x20000828       0x4c ./Libs/Src/network.o
 .data.__compound_literal.0
                0x20000874       0x10 ./Libs/Src/network_data.o
 .data.g_network_data_map_activations
                0x20000884       0x1c ./Libs/Src/network_data.o
                0x20000884                g_network_data_map_activations
 .data.__compound_literal.1
                0x200008a0       0x10 ./Libs/Src/network_data.o
 .data.g_network_data_map_weights
                0x200008b0       0x1c ./Libs/Src/network_data.o
                0x200008b0                g_network_data_map_weights
 .data.g_network_activations_table
                0x200008cc        0xc ./Libs/Src/network_data_params.o
                0x200008cc                g_network_activations_table
 .data.g_network_weights_table
                0x200008d8        0xc ./Libs/Src/network_data_params.o
                0x200008d8                g_network_weights_table
 .data.PR       0x200008e4        0x4 ./Libs/Src/user_mlx.o
 .data.PG       0x200008e8        0x4 ./Libs/Src/user_mlx.o
 .data.PT       0x200008ec        0x4 ./Libs/Src/user_mlx.o
 .data.PO       0x200008f0        0x4 ./Libs/Src/user_mlx.o
 .data.Ea       0x200008f4        0x4 ./Libs/Src/user_mlx.o
 .data.Eb       0x200008f8        0x4 ./Libs/Src/user_mlx.o
 .data.Fa       0x200008fc        0x4 ./Libs/Src/user_mlx.o
 .data.Fb       0x20000900        0x4 ./Libs/Src/user_mlx.o
 .data.Ga       0x20000904        0x4 ./Libs/Src/user_mlx.o
 .data.Ha       0x20000908        0x2 ./Libs/Src/user_mlx.o
 .data.Gb       0x2000090a        0x2 ./Libs/Src/user_mlx.o
 .data.Ka       0x2000090c        0x2 ./Libs/Src/user_mlx.o
 *fill*         0x2000090e        0x2 
 .data._impure_ptr
                0x20000910        0x4 C:/ST/STM32CubeIDE_1.18.1/STM32CubeIDE/plugins/com.st.stm32cube.ide.mcu.externaltools.gnu-tools-for-stm32.13.3.rel1.win32_1.0.0.202411081344/tools/bin/../lib/gcc/arm-none-eabi/13.3.1/../../../../arm-none-eabi/lib/thumb/v8-m.main+fp/hard\libc_nano.a(libc_a-impure.o)
                0x20000910                _impure_ptr
 .data._impure_data
                0x20000914       0x4c C:/ST/STM32CubeIDE_1.18.1/STM32CubeIDE/plugins/com.st.stm32cube.ide.mcu.externaltools.gnu-tools-for-stm32.13.3.rel1.win32_1.0.0.202411081344/tools/bin/../lib/gcc/arm-none-eabi/13.3.1/../../../../arm-none-eabi/lib/thumb/v8-m.main+fp/hard\libc_nano.a(libc_a-impure.o)
                0x20000914                _impure_data
 *(.RamFunc)
 *(.RamFunc*)
                0x20000960                        _edata = .

.igot.plt       0x20000960        0x0 load address 0x0800b060
 .igot.plt      0x20000960        0x0 C:/ST/STM32CubeIDE_1.18.1/STM32CubeIDE/plugins/com.st.stm32cube.ide.mcu.externaltools.gnu-tools-for-stm32.13.3.rel1.win32_1.0.0.202411081344/tools/bin/../lib/gcc/arm-none-eabi/13.3.1/thumb/v8-m.main+fp/hard/crtbegin.o

.bss            0x20000960      0x548 load address 0x0800b060
                0x20000960                        _sbss = .
                0x20000960                        __bss_start__ = _sbss
 *(.bss)
 .bss           0x20000960       0x1c C:/ST/STM32CubeIDE_1.18.1/STM32CubeIDE/plugins/com.st.stm32cube.ide.mcu.externaltools.gnu-tools-for-stm32.13.3.rel1.win32_1.0.0.202411081344/tools/bin/../lib/gcc/arm-none-eabi/13.3.1/thumb/v8-m.main+fp/hard/crtbegin.o
 *(.bss*)
 .bss.hi2c1     0x2000097c       0x54 ./Core/Src/main.o
                0x2000097c                hi2c1
 .bss.htim1     0x200009d0       0x4c ./Core/Src/main.o
                0x200009d0                htim1
 .bss.htim16    0x20000a1c       0x4c ./Core/Src/main.o
                0x20000a1c                htim16
 .bss.temp      0x20000a68        0x8 ./Core/Src/main.o
                0x20000a68                temp
 .bss.buf       0x20000a70      0x190 ./Core/Src/main.o
 .bss.buf_idx   0x20000c00        0x1 ./Core/Src/main.o
 .bss.state     0x20000c01        0x1 ./Core/Src/main.o
                0x20000c01                state
 *fill*         0x20000c02        0x2 
 .bss.timerr    0x20000c04        0x4 ./Core/Src/main.o
                0x20000c04                timerr
 .bss.timerr1   0x20000c08        0x4 ./Core/Src/main.o
                0x20000c08                timerr1
 .bss.timerr2   0x20000c0c        0x4 ./Core/Src/main.o
                0x20000c0c                timerr2
 .bss.count     0x20000c10        0x4 ./Core/Src/main.o
                0x20000c10                count
 .bss.uwTick    0x20000c14        0x4 ./Drivers/STM32U5xx_HAL_Driver/Src/stm32u5xx_hal.o
                0x20000c14                uwTick
 .bss.emissivity
                0x20000c18        0x8 ./Libs/Src/mlx90632.o
 .bss.g_network_activations_map
                0x20000c20        0x4 ./Libs/Src/network.o
 .bss.g_network_weights_map
                0x20000c24        0x4 ./Libs/Src/network.o
 .bss.__compound_literal.76
                0x20000c28        0x4 ./Libs/Src/network.o
 .bss.__compound_literal.77
                0x20000c2c        0x4 ./Libs/Src/network.o
 .bss.__compound_literal.86
                0x20000c30        0x4 ./Libs/Src/network.o
 .bss.__compound_literal.87
                0x20000c34        0x4 ./Libs/Src/network.o
 .bss.__compound_literal.104
                0x20000c38       0x1c ./Libs/Src/network.o
 .bss.__compound_literal.105
                0x20000c54       0x10 ./Libs/Src/network.o
 .bss.__compound_literal.106
                0x20000c64        0x8 ./Libs/Src/network.o
 .bss.__compound_literal.109
                0x20000c6c       0x1c ./Libs/Src/network.o
 .bss.__compound_literal.110
                0x20000c88       0x10 ./Libs/Src/network.o
 .bss.__compound_literal.111
                0x20000c98        0x8 ./Libs/Src/network.o
 .bss.net_handle
                0x20000ca0        0x4 ./Libs/Src/user_ai.o
                0x20000ca0                net_handle
 .bss.ai_input  0x20000ca4       0x1c ./Libs/Src/user_ai.o
                0x20000ca4                ai_input
 .bss.ai_output
                0x20000cc0       0x1c ./Libs/Src/user_ai.o
                0x20000cc0                ai_output
 *fill*         0x20000cdc        0x4 
 .bss.activations.0
                0x20000ce0       0x60 ./Libs/Src/user_ai.o
 .bss.ambient_new_raw
                0x20000d40        0x2 ./Libs/Src/user_mlx.o
 .bss.ambient_old_raw
                0x20000d42        0x2 ./Libs/Src/user_mlx.o
 .bss.object_new_raw
                0x20000d44        0x2 ./Libs/Src/user_mlx.o
 .bss.object_old_raw
                0x20000d46        0x2 ./Libs/Src/user_mlx.o
 .bss.Hb        0x20000d48        0x2 ./Libs/Src/user_mlx.o
 *fill*         0x20000d4a        0x6 
 .bss.pre_ambient
                0x20000d50        0x8 ./Libs/Src/user_mlx.o
 .bss.pre_object
                0x20000d58        0x8 ./Libs/Src/user_mlx.o
 .bss.ambient   0x20000d60        0x8 ./Libs/Src/user_mlx.o
 .bss.object    0x20000d68        0x8 ./Libs/Src/user_mlx.o
 .bss.__sf      0x20000d70      0x138 C:/ST/STM32CubeIDE_1.18.1/STM32CubeIDE/plugins/com.st.stm32cube.ide.mcu.externaltools.gnu-tools-for-stm32.13.3.rel1.win32_1.0.0.202411081344/tools/bin/../lib/gcc/arm-none-eabi/13.3.1/../../../../arm-none-eabi/lib/thumb/v8-m.main+fp/hard\libc_nano.a(libc_a-findfp.o)
                0x20000d70                __sf
 *(COMMON)
                0x20000ea8                        _ebss = .
                0x20000ea8                        __bss_end__ = _ebss

._user_heap_stack
                0x20000ea8     0x1000 load address 0x0800b060
                0x20000ea8                        . = ALIGN (0x8)
                [!provide]                        PROVIDE (end = .)
                0x20000ea8                        PROVIDE (_end = .)
                0x200016a8                        . = (. + _Min_Heap_Size)
 *fill*         0x20000ea8      0x800 
                0x20001ea8                        . = (. + _Min_Stack_Size)
 *fill*         0x200016a8      0x800 
                0x20001ea8                        . = ALIGN (0x8)

/DISCARD/
 libc.a(*)
 libm.a(*)
 libgcc.a(*)

.ARM.attributes
                0x00000000       0x36
 *(.ARM.attributes)
 .ARM.attributes
                0x00000000       0x26 C:/ST/STM32CubeIDE_1.18.1/STM32CubeIDE/plugins/com.st.stm32cube.ide.mcu.externaltools.gnu-tools-for-stm32.13.3.rel1.win32_1.0.0.202411081344/tools/bin/../lib/gcc/arm-none-eabi/13.3.1/thumb/v8-m.main+fp/hard/crti.o
 .ARM.attributes
                0x00000026       0x38 C:/ST/STM32CubeIDE_1.18.1/STM32CubeIDE/plugins/com.st.stm32cube.ide.mcu.externaltools.gnu-tools-for-stm32.13.3.rel1.win32_1.0.0.202411081344/tools/bin/../lib/gcc/arm-none-eabi/13.3.1/thumb/v8-m.main+fp/hard/crtbegin.o
 .ARM.attributes
                0x0000005e       0x3a ./Core/Src/main.o
 .ARM.attributes
                0x00000098       0x3a ./Core/Src/stm32u5xx_hal_msp.o
 .ARM.attributes
                0x000000d2       0x3a ./Core/Src/stm32u5xx_it.o
 .ARM.attributes
                0x0000010c       0x3a ./Core/Src/system_stm32u5xx.o
 .ARM.attributes
                0x00000146       0x24 ./Core/Startup/startup_stm32u575citx.o
 .ARM.attributes
                0x0000016a       0x3a ./Drivers/STM32U5xx_HAL_Driver/Src/stm32u5xx_hal.o
 .ARM.attributes
                0x000001a4       0x3a ./Drivers/STM32U5xx_HAL_Driver/Src/stm32u5xx_hal_cortex.o
 .ARM.attributes
                0x000001de       0x3a ./Drivers/STM32U5xx_HAL_Driver/Src/stm32u5xx_hal_gpio.o
 .ARM.attributes
                0x00000218       0x3a ./Drivers/STM32U5xx_HAL_Driver/Src/stm32u5xx_hal_i2c.o
 .ARM.attributes
                0x00000252       0x3a ./Drivers/STM32U5xx_HAL_Driver/Src/stm32u5xx_hal_i2c_ex.o
 .ARM.attributes
                0x0000028c       0x3a ./Drivers/STM32U5xx_HAL_Driver/Src/stm32u5xx_hal_icache.o
 .ARM.attributes
                0x000002c6       0x3a ./Drivers/STM32U5xx_HAL_Driver/Src/stm32u5xx_hal_pwr.o
 .ARM.attributes
                0x00000300       0x3a ./Drivers/STM32U5xx_HAL_Driver/Src/stm32u5xx_hal_pwr_ex.o
 .ARM.attributes
                0x0000033a       0x3a ./Drivers/STM32U5xx_HAL_Driver/Src/stm32u5xx_hal_rcc.o
 .ARM.attributes
                0x00000374       0x3a ./Drivers/STM32U5xx_HAL_Driver/Src/stm32u5xx_hal_rcc_ex.o
 .ARM.attributes
                0x000003ae       0x3a ./Drivers/STM32U5xx_HAL_Driver/Src/stm32u5xx_hal_tim.o
 .ARM.attributes
                0x000003e8       0x3a ./Drivers/STM32U5xx_HAL_Driver/Src/stm32u5xx_hal_tim_ex.o
 .ARM.attributes
                0x00000422       0x3a ./Libs/Src/mlx90632.o
 .ARM.attributes
                0x0000045c       0x3a ./Libs/Src/network.o
 .ARM.attributes
                0x00000496       0x3a ./Libs/Src/network_data.o
 .ARM.attributes
                0x000004d0       0x3a ./Libs/Src/network_data_params.o
 .ARM.attributes
                0x0000050a       0x3a ./Libs/Src/user_ai.o
 .ARM.attributes
                0x00000544       0x3a ./Libs/Src/user_mlx.o
 .ARM.attributes
                0x0000057e       0x36 ../Middlewares/ST/AI/Lib\NetworkRuntime1020_CM33_GCC.a(ai_platform.o)
 .ARM.attributes
                0x000005b4       0x36 ../Middlewares/ST/AI/Lib\NetworkRuntime1020_CM33_GCC.a(ai_platform_interface.o)
 .ARM.attributes
                0x000005ea       0x36 ../Middlewares/ST/AI/Lib\NetworkRuntime1020_CM33_GCC.a(core_common.o)
 .ARM.attributes
                0x00000620       0x36 ../Middlewares/ST/AI/Lib\NetworkRuntime1020_CM33_GCC.a(layers.o)
 .ARM.attributes
                0x00000656       0x36 ../Middlewares/ST/AI/Lib\NetworkRuntime1020_CM33_GCC.a(layers_conv2d_stm32_integer.o)
 .ARM.attributes
                0x0000068c       0x36 ../Middlewares/ST/AI/Lib\NetworkRuntime1020_CM33_GCC.a(layers_nl_stm32_integer.o)
 .ARM.attributes
                0x000006c2       0x36 ../Middlewares/ST/AI/Lib\NetworkRuntime1020_CM33_GCC.a(forward_lite_dense_is8os8ws8_ch.o)
 .ARM.attributes
                0x000006f8       0x36 ../Middlewares/ST/AI/Lib\NetworkRuntime1020_CM33_GCC.a(forward_lite_dense_is8os8ws8.o)
 .ARM.attributes
                0x0000072e       0x36 ../Middlewares/ST/AI/Lib\NetworkRuntime1020_CM33_GCC.a(st_align_factor.o)
 .ARM.attributes
                0x00000764       0x36 ../Middlewares/ST/AI/Lib\NetworkRuntime1020_CM33_GCC.a(st_sssa8_ch_dense.o)
 .ARM.attributes
                0x0000079a       0x36 ../Middlewares/ST/AI/Lib\NetworkRuntime1020_CM33_GCC.a(st_sssa8_dense.o)
 .ARM.attributes
                0x000007d0       0x36 ../Middlewares/ST/AI/Lib\NetworkRuntime1020_CM33_GCC.a(st_int8_fill.o)
 .ARM.attributes
                0x00000806       0x36 ../Middlewares/ST/AI/Lib\NetworkRuntime1020_CM33_GCC.a(st_int8_reordered_no_shift.o)
 .ARM.attributes
                0x0000083c       0x1c ../Middlewares/ST/AI/Lib\NetworkRuntime1020_CM33_GCC.a(st_sssa8_dense_loop.o)
 .ARM.attributes
                0x00000858       0x36 ../Middlewares/ST/AI/Lib\NetworkRuntime1020_CM33_GCC.a(ai_datatypes_format.o)
 .ARM.attributes
                0x0000088e       0x36 ../Middlewares/ST/AI/Lib\NetworkRuntime1020_CM33_GCC.a(ai_datatypes_internal.o)
 .ARM.attributes
                0x000008c4       0x38 C:/ST/STM32CubeIDE_1.18.1/STM32CubeIDE/plugins/com.st.stm32cube.ide.mcu.externaltools.gnu-tools-for-stm32.13.3.rel1.win32_1.0.0.202411081344/tools/bin/../lib/gcc/arm-none-eabi/13.3.1/../../../../arm-none-eabi/lib/thumb/v8-m.main+fp/hard\libc_nano.a(libc_a-findfp.o)
 .ARM.attributes
                0x000008fc       0x38 C:/ST/STM32CubeIDE_1.18.1/STM32CubeIDE/plugins/com.st.stm32cube.ide.mcu.externaltools.gnu-tools-for-stm32.13.3.rel1.win32_1.0.0.202411081344/tools/bin/../lib/gcc/arm-none-eabi/13.3.1/../../../../arm-none-eabi/lib/thumb/v8-m.main+fp/hard\libc_nano.a(libc_a-memset.o)
 .ARM.attributes
                0x00000934       0x38 C:/ST/STM32CubeIDE_1.18.1/STM32CubeIDE/plugins/com.st.stm32cube.ide.mcu.externaltools.gnu-tools-for-stm32.13.3.rel1.win32_1.0.0.202411081344/tools/bin/../lib/gcc/arm-none-eabi/13.3.1/../../../../arm-none-eabi/lib/thumb/v8-m.main+fp/hard\libc_nano.a(libc_a-impure.o)
 .ARM.attributes
                0x0000096c       0x38 C:/ST/STM32CubeIDE_1.18.1/STM32CubeIDE/plugins/com.st.stm32cube.ide.mcu.externaltools.gnu-tools-for-stm32.13.3.rel1.win32_1.0.0.202411081344/tools/bin/../lib/gcc/arm-none-eabi/13.3.1/../../../../arm-none-eabi/lib/thumb/v8-m.main+fp/hard\libc_nano.a(libc_a-errno.o)
 .ARM.attributes
                0x000009a4       0x38 C:/ST/STM32CubeIDE_1.18.1/STM32CubeIDE/plugins/com.st.stm32cube.ide.mcu.externaltools.gnu-tools-for-stm32.13.3.rel1.win32_1.0.0.202411081344/tools/bin/../lib/gcc/arm-none-eabi/13.3.1/../../../../arm-none-eabi/lib/thumb/v8-m.main+fp/hard\libc_nano.a(libc_a-init.o)
 .ARM.attributes
                0x000009dc       0x38 C:/ST/STM32CubeIDE_1.18.1/STM32CubeIDE/plugins/com.st.stm32cube.ide.mcu.externaltools.gnu-tools-for-stm32.13.3.rel1.win32_1.0.0.202411081344/tools/bin/../lib/gcc/arm-none-eabi/13.3.1/../../../../arm-none-eabi/lib/thumb/v8-m.main+fp/hard\libc_nano.a(libc_a-memcpy-stub.o)
 .ARM.attributes
                0x00000a14       0x38 C:/ST/STM32CubeIDE_1.18.1/STM32CubeIDE/plugins/com.st.stm32cube.ide.mcu.externaltools.gnu-tools-for-stm32.13.3.rel1.win32_1.0.0.202411081344/tools/bin/../lib/gcc/arm-none-eabi/13.3.1/../../../../arm-none-eabi/lib/thumb/v8-m.main+fp/hard\libm.a(libm_a-w_sqrt.o)
 .ARM.attributes
                0x00000a4c       0x38 C:/ST/STM32CubeIDE_1.18.1/STM32CubeIDE/plugins/com.st.stm32cube.ide.mcu.externaltools.gnu-tools-for-stm32.13.3.rel1.win32_1.0.0.202411081344/tools/bin/../lib/gcc/arm-none-eabi/13.3.1/../../../../arm-none-eabi/lib/thumb/v8-m.main+fp/hard\libm.a(libm_a-e_sqrt.o)
 .ARM.attributes
                0x00000a84       0x38 C:/ST/STM32CubeIDE_1.18.1/STM32CubeIDE/plugins/com.st.stm32cube.ide.mcu.externaltools.gnu-tools-for-stm32.13.3.rel1.win32_1.0.0.202411081344/tools/bin/../lib/gcc/arm-none-eabi/13.3.1/../../../../arm-none-eabi/lib/thumb/v8-m.main+fp/hard\libm.a(libm_a-sf_round.o)
 .ARM.attributes
                0x00000abc       0x26 C:/ST/STM32CubeIDE_1.18.1/STM32CubeIDE/plugins/com.st.stm32cube.ide.mcu.externaltools.gnu-tools-for-stm32.13.3.rel1.win32_1.0.0.202411081344/tools/bin/../lib/gcc/arm-none-eabi/13.3.1/thumb/v8-m.main+fp/hard\libgcc.a(_arm_addsubdf3.o)
 .ARM.attributes
                0x00000ae2       0x26 C:/ST/STM32CubeIDE_1.18.1/STM32CubeIDE/plugins/com.st.stm32cube.ide.mcu.externaltools.gnu-tools-for-stm32.13.3.rel1.win32_1.0.0.202411081344/tools/bin/../lib/gcc/arm-none-eabi/13.3.1/thumb/v8-m.main+fp/hard\libgcc.a(_arm_muldivdf3.o)
 .ARM.attributes
                0x00000b08       0x26 C:/ST/STM32CubeIDE_1.18.1/STM32CubeIDE/plugins/com.st.stm32cube.ide.mcu.externaltools.gnu-tools-for-stm32.13.3.rel1.win32_1.0.0.202411081344/tools/bin/../lib/gcc/arm-none-eabi/13.3.1/thumb/v8-m.main+fp/hard\libgcc.a(_arm_cmpdf2.o)
 .ARM.attributes
                0x00000b2e       0x26 C:/ST/STM32CubeIDE_1.18.1/STM32CubeIDE/plugins/com.st.stm32cube.ide.mcu.externaltools.gnu-tools-for-stm32.13.3.rel1.win32_1.0.0.202411081344/tools/bin/../lib/gcc/arm-none-eabi/13.3.1/thumb/v8-m.main+fp/hard\libgcc.a(_arm_unorddf2.o)
 .ARM.attributes
                0x00000b54       0x26 C:/ST/STM32CubeIDE_1.18.1/STM32CubeIDE/plugins/com.st.stm32cube.ide.mcu.externaltools.gnu-tools-for-stm32.13.3.rel1.win32_1.0.0.202411081344/tools/bin/../lib/gcc/arm-none-eabi/13.3.1/thumb/v8-m.main+fp/hard\libgcc.a(_arm_fixdfsi.o)
 .ARM.attributes
                0x00000b7a       0x26 C:/ST/STM32CubeIDE_1.18.1/STM32CubeIDE/plugins/com.st.stm32cube.ide.mcu.externaltools.gnu-tools-for-stm32.13.3.rel1.win32_1.0.0.202411081344/tools/bin/../lib/gcc/arm-none-eabi/13.3.1/thumb/v8-m.main+fp/hard\libgcc.a(_arm_truncdfsf2.o)
 .ARM.attributes
                0x00000ba0       0x38 C:/ST/STM32CubeIDE_1.18.1/STM32CubeIDE/plugins/com.st.stm32cube.ide.mcu.externaltools.gnu-tools-for-stm32.13.3.rel1.win32_1.0.0.202411081344/tools/bin/../lib/gcc/arm-none-eabi/13.3.1/thumb/v8-m.main+fp/hard\libgcc.a(_fixsfdi.o)
 .ARM.attributes
                0x00000bd8       0x38 C:/ST/STM32CubeIDE_1.18.1/STM32CubeIDE/plugins/com.st.stm32cube.ide.mcu.externaltools.gnu-tools-for-stm32.13.3.rel1.win32_1.0.0.202411081344/tools/bin/../lib/gcc/arm-none-eabi/13.3.1/thumb/v8-m.main+fp/hard\libgcc.a(_fixunssfdi.o)
 .ARM.attributes
                0x00000c10       0x26 C:/ST/STM32CubeIDE_1.18.1/STM32CubeIDE/plugins/com.st.stm32cube.ide.mcu.externaltools.gnu-tools-for-stm32.13.3.rel1.win32_1.0.0.202411081344/tools/bin/../lib/gcc/arm-none-eabi/13.3.1/thumb/v8-m.main+fp/hard\libgcc.a(_arm_fixunsdfsi.o)
 .ARM.attributes
                0x00000c36       0x26 C:/ST/STM32CubeIDE_1.18.1/STM32CubeIDE/plugins/com.st.stm32cube.ide.mcu.externaltools.gnu-tools-for-stm32.13.3.rel1.win32_1.0.0.202411081344/tools/bin/../lib/gcc/arm-none-eabi/13.3.1/thumb/v8-m.main+fp/hard/crtn.o
OUTPUT(khkt25.elf elf32-littlearm)
LOAD linker stubs
LOAD C:/ST/STM32CubeIDE_1.18.1/STM32CubeIDE/plugins/com.st.stm32cube.ide.mcu.externaltools.gnu-tools-for-stm32.13.3.rel1.win32_1.0.0.202411081344/tools/bin/../lib/gcc/arm-none-eabi/13.3.1/../../../../arm-none-eabi/lib/thumb/v8-m.main+fp/hard\libc.a
LOAD C:/ST/STM32CubeIDE_1.18.1/STM32CubeIDE/plugins/com.st.stm32cube.ide.mcu.externaltools.gnu-tools-for-stm32.13.3.rel1.win32_1.0.0.202411081344/tools/bin/../lib/gcc/arm-none-eabi/13.3.1/../../../../arm-none-eabi/lib/thumb/v8-m.main+fp/hard\libm.a
LOAD C:/ST/STM32CubeIDE_1.18.1/STM32CubeIDE/plugins/com.st.stm32cube.ide.mcu.externaltools.gnu-tools-for-stm32.13.3.rel1.win32_1.0.0.202411081344/tools/bin/../lib/gcc/arm-none-eabi/13.3.1/thumb/v8-m.main+fp/hard\libgcc.a

.debug_info     0x00000000    0x171e2
 .debug_info    0x00000000     0x1f87 ./Core/Src/main.o
 .debug_info    0x00001f87     0x158b ./Core/Src/stm32u5xx_hal_msp.o
 .debug_info    0x00003512      0x171 ./Core/Src/stm32u5xx_it.o
 .debug_info    0x00003683      0x929 ./Core/Src/system_stm32u5xx.o
 .debug_info    0x00003fac       0x30 ./Core/Startup/startup_stm32u575citx.o
 .debug_info    0x00003fdc     0x11dd ./Drivers/STM32U5xx_HAL_Driver/Src/stm32u5xx_hal.o
 .debug_info    0x000051b9     0x163a ./Drivers/STM32U5xx_HAL_Driver/Src/stm32u5xx_hal_cortex.o
 .debug_info    0x000067f3      0x859 ./Drivers/STM32U5xx_HAL_Driver/Src/stm32u5xx_hal_gpio.o
 .debug_info    0x0000704c     0x232e ./Drivers/STM32U5xx_HAL_Driver/Src/stm32u5xx_hal_i2c.o
 .debug_info    0x0000937a      0x9ff ./Drivers/STM32U5xx_HAL_Driver/Src/stm32u5xx_hal_i2c_ex.o
 .debug_info    0x00009d79      0x4d6 ./Drivers/STM32U5xx_HAL_Driver/Src/stm32u5xx_hal_icache.o
 .debug_info    0x0000a24f      0xa5e ./Drivers/STM32U5xx_HAL_Driver/Src/stm32u5xx_hal_pwr.o
 .debug_info    0x0000acad      0xe3e ./Drivers/STM32U5xx_HAL_Driver/Src/stm32u5xx_hal_pwr_ex.o
 .debug_info    0x0000baeb     0x11f0 ./Drivers/STM32U5xx_HAL_Driver/Src/stm32u5xx_hal_rcc.o
 .debug_info    0x0000ccdb     0x157f ./Drivers/STM32U5xx_HAL_Driver/Src/stm32u5xx_hal_rcc_ex.o
 .debug_info    0x0000e25a     0x2e54 ./Drivers/STM32U5xx_HAL_Driver/Src/stm32u5xx_hal_tim.o
 .debug_info    0x000110ae     0x22e0 ./Drivers/STM32U5xx_HAL_Driver/Src/stm32u5xx_hal_tim_ex.o
 .debug_info    0x0001338e      0x7d8 ./Libs/Src/mlx90632.o
 .debug_info    0x00013b66     0x1c0c ./Libs/Src/network.o
 .debug_info    0x00015772      0x600 ./Libs/Src/network_data.o
 .debug_info    0x00015d72      0x14b ./Libs/Src/network_data_params.o
 .debug_info    0x00015ebd      0x5f3 ./Libs/Src/user_ai.o
 .debug_info    0x000164b0      0xd32 ./Libs/Src/user_mlx.o

.debug_abbrev   0x00000000     0x3103
 .debug_abbrev  0x00000000      0x34e ./Core/Src/main.o
 .debug_abbrev  0x0000034e      0x246 ./Core/Src/stm32u5xx_hal_msp.o
 .debug_abbrev  0x00000594       0xa0 ./Core/Src/stm32u5xx_it.o
 .debug_abbrev  0x00000634      0x129 ./Core/Src/system_stm32u5xx.o
 .debug_abbrev  0x0000075d       0x24 ./Core/Startup/startup_stm32u575citx.o
 .debug_abbrev  0x00000781      0x2a5 ./Drivers/STM32U5xx_HAL_Driver/Src/stm32u5xx_hal.o
 .debug_abbrev  0x00000a26      0x311 ./Drivers/STM32U5xx_HAL_Driver/Src/stm32u5xx_hal_cortex.o
 .debug_abbrev  0x00000d37      0x25a ./Drivers/STM32U5xx_HAL_Driver/Src/stm32u5xx_hal_gpio.o
 .debug_abbrev  0x00000f91      0x271 ./Drivers/STM32U5xx_HAL_Driver/Src/stm32u5xx_hal_i2c.o
 .debug_abbrev  0x00001202      0x1c0 ./Drivers/STM32U5xx_HAL_Driver/Src/stm32u5xx_hal_i2c_ex.o
 .debug_abbrev  0x000013c2      0x228 ./Drivers/STM32U5xx_HAL_Driver/Src/stm32u5xx_hal_icache.o
 .debug_abbrev  0x000015ea      0x235 ./Drivers/STM32U5xx_HAL_Driver/Src/stm32u5xx_hal_pwr.o
 .debug_abbrev  0x0000181f      0x215 ./Drivers/STM32U5xx_HAL_Driver/Src/stm32u5xx_hal_pwr_ex.o
 .debug_abbrev  0x00001a34      0x2cb ./Drivers/STM32U5xx_HAL_Driver/Src/stm32u5xx_hal_rcc.o
 .debug_abbrev  0x00001cff      0x23d ./Drivers/STM32U5xx_HAL_Driver/Src/stm32u5xx_hal_rcc_ex.o
 .debug_abbrev  0x00001f3c      0x2bd ./Drivers/STM32U5xx_HAL_Driver/Src/stm32u5xx_hal_tim.o
 .debug_abbrev  0x000021f9      0x2d6 ./Drivers/STM32U5xx_HAL_Driver/Src/stm32u5xx_hal_tim_ex.o
 .debug_abbrev  0x000024cf      0x1ff ./Libs/Src/mlx90632.o
 .debug_abbrev  0x000026ce      0x360 ./Libs/Src/network.o
 .debug_abbrev  0x00002a2e      0x205 ./Libs/Src/network_data.o
 .debug_abbrev  0x00002c33       0xa3 ./Libs/Src/network_data_params.o
 .debug_abbrev  0x00002cd6      0x1d3 ./Libs/Src/user_ai.o
 .debug_abbrev  0x00002ea9      0x25a ./Libs/Src/user_mlx.o

.debug_aranges  0x00000000     0x14d0
 .debug_aranges
                0x00000000       0x70 ./Core/Src/main.o
 .debug_aranges
                0x00000070       0x48 ./Core/Src/stm32u5xx_hal_msp.o
 .debug_aranges
                0x000000b8       0x70 ./Core/Src/stm32u5xx_it.o
 .debug_aranges
                0x00000128       0x28 ./Core/Src/system_stm32u5xx.o
 .debug_aranges
                0x00000150       0x28 ./Core/Startup/startup_stm32u575citx.o
 .debug_aranges
                0x00000178      0x148 ./Drivers/STM32U5xx_HAL_Driver/Src/stm32u5xx_hal.o
 .debug_aranges
                0x000002c0      0x140 ./Drivers/STM32U5xx_HAL_Driver/Src/stm32u5xx_hal_cortex.o
 .debug_aranges
                0x00000400       0x78 ./Drivers/STM32U5xx_HAL_Driver/Src/stm32u5xx_hal_gpio.o
 .debug_aranges
                0x00000478      0x2a0 ./Drivers/STM32U5xx_HAL_Driver/Src/stm32u5xx_hal_i2c.o
 .debug_aranges
                0x00000718       0x58 ./Drivers/STM32U5xx_HAL_Driver/Src/stm32u5xx_hal_i2c_ex.o
 .debug_aranges
                0x00000770       0xa8 ./Drivers/STM32U5xx_HAL_Driver/Src/stm32u5xx_hal_icache.o
 .debug_aranges
                0x00000818       0xb0 ./Drivers/STM32U5xx_HAL_Driver/Src/stm32u5xx_hal_pwr.o
 .debug_aranges
                0x000008c8      0x200 ./Drivers/STM32U5xx_HAL_Driver/Src/stm32u5xx_hal_pwr_ex.o
 .debug_aranges
                0x00000ac8       0xa8 ./Drivers/STM32U5xx_HAL_Driver/Src/stm32u5xx_hal_rcc.o
 .debug_aranges
                0x00000b70      0x160 ./Drivers/STM32U5xx_HAL_Driver/Src/stm32u5xx_hal_rcc_ex.o
 .debug_aranges
                0x00000cd0      0x3e8 ./Drivers/STM32U5xx_HAL_Driver/Src/stm32u5xx_hal_tim.o
 .debug_aranges
                0x000010b8      0x250 ./Drivers/STM32U5xx_HAL_Driver/Src/stm32u5xx_hal_tim_ex.o
 .debug_aranges
                0x00001308       0x80 ./Libs/Src/mlx90632.o
 .debug_aranges
                0x00001388       0x80 ./Libs/Src/network.o
 .debug_aranges
                0x00001408       0x38 ./Libs/Src/network_data.o
 .debug_aranges